Archive member included to satisfy reference by file (symbol)

c:/progra~2/gnu arm embedded toolchain/10 2020-q4-major/bin/../lib/gcc/arm-none-eabi/10.2.1/../../../../arm-none-eabi/lib/thumb/v6-m/nofp\libstdc++.a(guard.o)
                              CMakeFiles/r3_rp2040_fw.dir/__/rp2040_drivers/sangria_i2c.cpp.obj (__cxa_guard_acquire)
c:/progra~2/gnu arm embedded toolchain/10 2020-q4-major/bin/../lib/gcc/arm-none-eabi/10.2.1/../../../../arm-none-eabi/lib/thumb/v6-m/nofp\libstdc++.a(guard_error.o)
                              c:/progra~2/gnu arm embedded toolchain/10 2020-q4-major/bin/../lib/gcc/arm-none-eabi/10.2.1/../../../../arm-none-eabi/lib/thumb/v6-m/nofp\libstdc++.a(guard.o) (__gnu_cxx::recursive_init_error::~recursive_init_error())
c:/progra~2/gnu arm embedded toolchain/10 2020-q4-major/bin/../lib/gcc/arm-none-eabi/10.2.1/../../../../arm-none-eabi/lib/thumb/v6-m/nofp\libstdc++.a(si_class_type_info.o)
                              c:/progra~2/gnu arm embedded toolchain/10 2020-q4-major/bin/../lib/gcc/arm-none-eabi/10.2.1/../../../../arm-none-eabi/lib/thumb/v6-m/nofp\libstdc++.a(guard_error.o) (vtable for __cxxabiv1::__si_class_type_info)
c:/progra~2/gnu arm embedded toolchain/10 2020-q4-major/bin/../lib/gcc/arm-none-eabi/10.2.1/../../../../arm-none-eabi/lib/thumb/v6-m/nofp\libstdc++.a(tinfo.o)
                              c:/progra~2/gnu arm embedded toolchain/10 2020-q4-major/bin/../lib/gcc/arm-none-eabi/10.2.1/../../../../arm-none-eabi/lib/thumb/v6-m/nofp\libstdc++.a(si_class_type_info.o) (std::type_info::__is_pointer_p() const)
c:/progra~2/gnu arm embedded toolchain/10 2020-q4-major/bin/../lib/gcc/arm-none-eabi/10.2.1/../../../../arm-none-eabi/lib/thumb/v6-m/nofp\libstdc++.a(class_type_info.o)
                              c:/progra~2/gnu arm embedded toolchain/10 2020-q4-major/bin/../lib/gcc/arm-none-eabi/10.2.1/../../../../arm-none-eabi/lib/thumb/v6-m/nofp\libstdc++.a(si_class_type_info.o) (__cxxabiv1::__class_type_info::__do_upcast(__cxxabiv1::__class_type_info const*, void**) const)
c:/progra~2/gnu arm embedded toolchain/10 2020-q4-major/bin/../lib/gcc/arm-none-eabi/10.2.1/../../../../arm-none-eabi/lib/thumb/v6-m/nofp\libstdc++.a(eh_alloc.o)
                              c:/progra~2/gnu arm embedded toolchain/10 2020-q4-major/bin/../lib/gcc/arm-none-eabi/10.2.1/../../../../arm-none-eabi/lib/thumb/v6-m/nofp\libstdc++.a(guard.o) (__cxa_allocate_exception)
c:/progra~2/gnu arm embedded toolchain/10 2020-q4-major/bin/../lib/gcc/arm-none-eabi/10.2.1/../../../../arm-none-eabi/lib/thumb/v6-m/nofp\libstdc++.a(eh_exception.o)
                              c:/progra~2/gnu arm embedded toolchain/10 2020-q4-major/bin/../lib/gcc/arm-none-eabi/10.2.1/../../../../arm-none-eabi/lib/thumb/v6-m/nofp\libstdc++.a(guard_error.o) (std::exception::~exception())
c:/progra~2/gnu arm embedded toolchain/10 2020-q4-major/bin/../lib/gcc/arm-none-eabi/10.2.1/../../../../arm-none-eabi/lib/thumb/v6-m/nofp\libstdc++.a(eh_terminate.o)
                              c:/progra~2/gnu arm embedded toolchain/10 2020-q4-major/bin/../lib/gcc/arm-none-eabi/10.2.1/../../../../arm-none-eabi/lib/thumb/v6-m/nofp\libstdc++.a(eh_alloc.o) (std::terminate())
c:/progra~2/gnu arm embedded toolchain/10 2020-q4-major/bin/../lib/gcc/arm-none-eabi/10.2.1/../../../../arm-none-eabi/lib/thumb/v6-m/nofp\libstdc++.a(eh_throw.o)
                              c:/progra~2/gnu arm embedded toolchain/10 2020-q4-major/bin/../lib/gcc/arm-none-eabi/10.2.1/../../../../arm-none-eabi/lib/thumb/v6-m/nofp\libstdc++.a(guard.o) (__cxa_throw)
c:/progra~2/gnu arm embedded toolchain/10 2020-q4-major/bin/../lib/gcc/arm-none-eabi/10.2.1/../../../../arm-none-eabi/lib/thumb/v6-m/nofp\libstdc++.a(eh_unex_handler.o)
                              c:/progra~2/gnu arm embedded toolchain/10 2020-q4-major/bin/../lib/gcc/arm-none-eabi/10.2.1/../../../../arm-none-eabi/lib/thumb/v6-m/nofp\libstdc++.a(eh_terminate.o) (__cxxabiv1::__unexpected_handler)
c:/progra~2/gnu arm embedded toolchain/10 2020-q4-major/bin/../lib/gcc/arm-none-eabi/10.2.1/../../../../arm-none-eabi/lib/thumb/v6-m/nofp\libstdc++.a(pure.o)
                              c:/progra~2/gnu arm embedded toolchain/10 2020-q4-major/bin/../lib/gcc/arm-none-eabi/10.2.1/../../../../arm-none-eabi/lib/thumb/v6-m/nofp\libstdc++.a(eh_exception.o) (__cxa_pure_virtual)
c:/progra~2/gnu arm embedded toolchain/10 2020-q4-major/bin/../lib/gcc/arm-none-eabi/10.2.1/../../../../arm-none-eabi/lib/thumb/v6-m/nofp\libstdc++.a(vterminate.o)
                              c:/progra~2/gnu arm embedded toolchain/10 2020-q4-major/bin/../lib/gcc/arm-none-eabi/10.2.1/../../../../arm-none-eabi/lib/thumb/v6-m/nofp\libstdc++.a(eh_terminate.o) (__gnu_cxx::__verbose_terminate_handler())
c:/progra~2/gnu arm embedded toolchain/10 2020-q4-major/bin/../lib/gcc/arm-none-eabi/10.2.1/../../../../arm-none-eabi/lib/thumb/v6-m/nofp\libstdc++.a(cp-demangle.o)
[...]
Memory Configuration

Name             Origin             Length             Attributes
FLASH            0x10000000         0x00200000         xr
RAM              0x20000000         0x00040000         xrw
SCRATCH_X        0x20040000         0x00001000         xrw
SCRATCH_Y        0x20041000         0x00001000         xrw
*default*        0x00000000         0xffffffff

Linker script and memory map

LOAD c:/progra~2/gnu arm embedded toolchain/10 2020-q4-major/bin/../lib/gcc/arm-none-eabi/10.2.1/thumb/v6-m/nofp/crti.o
LOAD c:/progra~2/gnu arm embedded toolchain/10 2020-q4-major/bin/../lib/gcc/arm-none-eabi/10.2.1/thumb/v6-m/nofp/crtbegin.o
LOAD c:/progra~2/gnu arm embedded toolchain/10 2020-q4-major/bin/../lib/gcc/arm-none-eabi/10.2.1/../../../../arm-none-eabi/lib/thumb/v6-m/nofp/crt0.o

.flash_begin    0x10000000        0x0
                0x10000000                __flash_binary_start = .

.boot2          0x10000000      0x100
                0x10000000                __boot2_start__ = .
 *(.boot2)
 .boot2         0x10000000      0x100 C:\Users\hra\AppData\Local\Temp\ccQfe7mm.o
                0x10000100                __boot2_end__ = .
                0x00000001                ASSERT (((__boot2_end__ - __boot2_start__) == 0x100), ERROR: Pico second stage bootloader must be 256 bytes in size)

.text           0x10000100    0x11d20
                0x10000100                __logical_binary_start = .
 *(.vectors)
 .vectors       0x10000100       0xd4 CMakeFiles/r3_rp2040_fw.dir/C_/Users/hra/Documents/github/sangria_firmware/pico-sdk/src/rp2_common/pico_standard_link/crt0.S.obj
                0x10000100                __VECTOR_TABLE
                0x10000100                __vectors
                0x100001c0                isr_invalid
                0x100001c0                __default_isrs_start
                0x100001c2                isr_nmi
                0x100001c4                isr_hardfault
                0x100001c6                isr_svcall
                0x100001c8                isr_pendsv
                0x100001ca                isr_systick
                0x100001cc                isr_irq23
                0x100001cc                isr_irq18
                0x100001cc                isr_irq11
                0x100001cc                isr_irq28
                0x100001cc                isr_irq19
                0x100001cc                isr_irq0
                0x100001cc                isr_irq6
                0x100001cc                isr_irq5
                0x100001cc                isr_irq12
                0x100001cc                isr_irq22
                0x100001cc                isr_irq31
                0x100001cc                isr_irq17
                0x100001cc                isr_irq27
                0x100001cc                isr_irq30
                0x100001cc                isr_irq2
                0x100001cc                isr_irq10
                0x100001cc                isr_irq8
                0x100001cc                isr_irq24
                0x100001cc                isr_irq1
                0x100001cc                isr_irq7
                0x100001cc                isr_irq21
                0x100001cc                isr_irq20
                0x100001cc                isr_irq15
                0x100001cc                isr_irq25
                0x100001cc                isr_irq13
                0x100001cc                __unhandled_user_irq
                0x100001cc                isr_irq4
                0x100001cc                isr_irq16
                0x100001cc                isr_irq29
                0x100001cc                isr_irq26
                0x100001cc                __default_isrs_end
                0x100001cc                isr_irq3
                0x100001cc                isr_irq14
                0x100001cc                isr_irq9
                0x100001d2                unhandled_user_irq_num_in_r0
 *(.binary_info_header)
 .binary_info_header
                0x100001d4       0x14 CMakeFiles/r3_rp2040_fw.dir/C_/Users/hra/Documents/github/sangria_firmware/pico-sdk/src/rp2_common/pico_standard_link/crt0.S.obj
                0x100001e8                __binary_info_header_end = .
 *(.reset)
 .reset         0x100001e8       0xa8 CMakeFiles/r3_rp2040_fw.dir/C_/Users/hra/Documents/github/sangria_firmware/pico-sdk/src/rp2_common/pico_standard_link/crt0.S.obj
                0x100001e8                _entry_point
                0x10000266                __get_current_exception
 .reset         0x10000290       0x30 CMakeFiles/r3_rp2040_fw.dir/C_/Users/hra/Documents/github/sangria_firmware/pico-sdk/src/rp2_common/pico_standard_link/binary_info.c.obj
 *(.init)
 .init          0x100002c0        0x4 c:/progra~2/gnu arm embedded toolchain/10 2020-q4-major/bin/../lib/gcc/arm-none-eabi/10.2.1/thumb/v6-m/nofp/crti.o
                0x100002c0                _init
 *(EXCLUDE_FILE(*libm.a: *libc.a:*lib_a-mem*.o *libgcc.a:) .text*)
 .text          0x100002c4       0x48 c:/progra~2/gnu arm embedded toolchain/10 2020-q4-major/bin/../lib/gcc/arm-none-eabi/10.2.1/thumb/v6-m/nofp/crtbegin.o
 .text._ZN19CSANGRIA_CONTROLLERC2Ev
                0x1000030c       0x14 CMakeFiles/r3_rp2040_fw.dir/controller.cpp.obj
                0x1000030c                CSANGRIA_CONTROLLER::CSANGRIA_CONTROLLER()
                0x1000030c                CSANGRIA_CONTROLLER::CSANGRIA_CONTROLLER()
 .text._ZN19CSANGRIA_CONTROLLER10initializeEv
                0x10000320       0xbc CMakeFiles/r3_rp2040_fw.dir/controller.cpp.obj
                0x10000320                CSANGRIA_CONTROLLER::initialize()
 .text._Z22display_battery_statusP19CSANGRIA_CONTROLLERi
                0x100003dc      0x15c CMakeFiles/r3_rp2040_fw.dir/battery_level.cpp.obj
                0x100003dc                display_battery_status(CSANGRIA_CONTROLLER*, int)
 .text._ZN20CSANGRIA_CUSTOM_MENUC2Ev
                0x10000538       0x10 CMakeFiles/r3_rp2040_fw.dir/custom_menu.cpp.obj
                0x10000538                CSANGRIA_CUSTOM_MENU::CSANGRIA_CUSTOM_MENU()
                0x10000538                CSANGRIA_CUSTOM_MENU::CSANGRIA_CUSTOM_MENU()
 .text._ZN20CSANGRIA_CUSTOM_MENU15draw_oled_levelEP19CSANGRIA_CONTROLLERPKcRi
                0x10000548      0x144 CMakeFiles/r3_rp2040_fw.dir/custom_menu.cpp.obj
                0x10000548                CSANGRIA_CUSTOM_MENU::draw_oled_level(CSANGRIA_CONTROLLER*, char const*, int&)
 .text._ZN20CSANGRIA_CUSTOM_MENU13draw_top_menuEP19CSANGRIA_CONTROLLER
                0x1000068c      0x1b4 CMakeFiles/r3_rp2040_fw.dir/custom_menu.cpp.obj
                0x1000068c                CSANGRIA_CUSTOM_MENU::draw_top_menu(CSANGRIA_CONTROLLER*)
 .text._ZN20CSANGRIA_CUSTOM_MENU4drawEP19CSANGRIA_CONTROLLER
                0x10000840       0x7c CMakeFiles/r3_rp2040_fw.dir/custom_menu.cpp.obj
                0x10000840                CSANGRIA_CUSTOM_MENU::draw(CSANGRIA_CONTROLLER*)
 .text._ZL16custom_menu_modeP19CSANGRIA_CONTROLLER.constprop.0
                0x100008bc       0xc0 CMakeFiles/r3_rp2040_fw.dir/main.cpp.obj
 .text._Z10other_corev
                0x1000097c      0x4e8 CMakeFiles/r3_rp2040_fw.dir/main.cpp.obj
                0x1000097c                other_core()
 .text._Z14do_write_flashv
                0x10000e64       0x18 CMakeFiles/r3_rp2040_fw.dir/main.cpp.obj
                0x10000e64                do_write_flash()
 .text._Z8usb_corev
                0x10000e7c       0x50 CMakeFiles/r3_rp2040_fw.dir/main.cpp.obj
                0x10000e7c                usb_core()
 .text.startup.main
                0x10000ecc       0x34 CMakeFiles/r3_rp2040_fw.dir/main.cpp.obj
                0x10000ecc                main
 .text.startup._GLOBAL__sub_I__Z14do_write_flashv
                0x10000f00       0x10 CMakeFiles/r3_rp2040_fw.dir/main.cpp.obj
 .text._ZL19_jog_a_interrupt_cbjm
                0x10000f10       0x24 CMakeFiles/r3_rp2040_fw.dir/__/rp2040_drivers/sangria_jogdial.cpp.obj
 .text._ZN16CSANGRIA_JOGDIALC2Ev
                0x10000f34       0x84 CMakeFiles/r3_rp2040_fw.dir/__/rp2040_drivers/sangria_jogdial.cpp.obj
                0x10000f34                CSANGRIA_JOGDIAL::CSANGRIA_JOGDIAL()
                0x10000f34                CSANGRIA_JOGDIAL::CSANGRIA_JOGDIAL()
 .text._ZN16CSANGRIA_JOGDIAL6updateEv
                0x10000fb8       0x10 CMakeFiles/r3_rp2040_fw.dir/__/rp2040_drivers/sangria_jogdial.cpp.obj
                0x10000fb8                CSANGRIA_JOGDIAL::update()
 .text._ZN16CSANGRIA_JOGDIAL15get_back_buttonEv
                0x10000fc8        0xc CMakeFiles/r3_rp2040_fw.dir/__/rp2040_drivers/sangria_jogdial.cpp.obj
                0x10000fc8                CSANGRIA_JOGDIAL::get_back_button()
 .text._ZN16CSANGRIA_JOGDIAL16get_enter_buttonEv
                0x10000fd4        0xc CMakeFiles/r3_rp2040_fw.dir/__/rp2040_drivers/sangria_jogdial.cpp.obj
                0x10000fd4                CSANGRIA_JOGDIAL::get_enter_button()
 .text._ZN16CSANGRIA_JOGDIAL13get_up_buttonEv
                0x10000fe0       0x18 CMakeFiles/r3_rp2040_fw.dir/__/rp2040_drivers/sangria_jogdial.cpp.obj
                0x10000fe0                CSANGRIA_JOGDIAL::get_up_button()
 .text._ZN16CSANGRIA_JOGDIAL15get_down_buttonEv
                0x10000ff8       0x18 CMakeFiles/r3_rp2040_fw.dir/__/rp2040_drivers/sangria_jogdial.cpp.obj
                0x10000ff8                CSANGRIA_JOGDIAL::get_down_button()
 .text._ZN17CSANGRIA_KEYBOARDC2Ev
                0x10001010      0x154 CMakeFiles/r3_rp2040_fw.dir/__/rp2040_drivers/sangria_keyboard.cpp.obj
                0x10001010                CSANGRIA_KEYBOARD::CSANGRIA_KEYBOARD()
                0x10001010                CSANGRIA_KEYBOARD::CSANGRIA_KEYBOARD()
 .text._ZN17CSANGRIA_KEYBOARD11set_jogdialEP16CSANGRIA_JOGDIAL
                0x10001164        0x4 CMakeFiles/r3_rp2040_fw.dir/__/rp2040_drivers/sangria_keyboard.cpp.obj
                0x10001164                CSANGRIA_KEYBOARD::set_jogdial(CSANGRIA_JOGDIAL*)
 .text._ZN17CSANGRIA_KEYBOARD6updateEPh
                0x10001168      0x30c CMakeFiles/r3_rp2040_fw.dir/__/rp2040_drivers/sangria_keyboard.cpp.obj
                0x10001168                CSANGRIA_KEYBOARD::update(unsigned char*)
 .text._ZN17CSANGRIA_KEYBOARD9backlightEb
                0x10001474       0x14 CMakeFiles/r3_rp2040_fw.dir/__/rp2040_drivers/sangria_keyboard.cpp.obj
                0x10001474                CSANGRIA_KEYBOARD::backlight(bool)
 .text._ZN17CSANGRIA_KEYBOARD20check_host_connectedEv
                0x10001488        0x8 CMakeFiles/r3_rp2040_fw.dir/__/rp2040_drivers/sangria_keyboard.cpp.obj
                0x10001488                CSANGRIA_KEYBOARD::check_host_connected()
 .text._ZN12CSANGRIA_I2CC2EP8i2c_instmmm
                0x10001490       0x74 CMakeFiles/r3_rp2040_fw.dir/__/rp2040_drivers/sangria_i2c.cpp.obj
                0x10001490                CSANGRIA_I2C::CSANGRIA_I2C(i2c_inst*, unsigned long, unsigned long, unsigned long)
                0x10001490                CSANGRIA_I2C::CSANGRIA_I2C(i2c_inst*, unsigned long, unsigned long, unsigned long)
 .text._ZN12CSANGRIA_I2C5writeEiPKhi
                0x10001504       0x14 CMakeFiles/r3_rp2040_fw.dir/__/rp2040_drivers/sangria_i2c.cpp.obj
                0x10001504                CSANGRIA_I2C::write(int, unsigned char const*, int)
 .text._ZN12CSANGRIA_I2C4readEiPhi
                0x10001518       0x14 CMakeFiles/r3_rp2040_fw.dir/__/rp2040_drivers/sangria_i2c.cpp.obj
                0x10001518                CSANGRIA_I2C::read(int, unsigned char*, int)
 .text._ZN13CSANGRIA_OLEDC2Ev
                0x1000152c       0x30 CMakeFiles/r3_rp2040_fw.dir/__/rp2040_drivers/sangria_oled.cpp.obj
                0x1000152c                CSANGRIA_OLED::CSANGRIA_OLED()
                0x1000152c                CSANGRIA_OLED::CSANGRIA_OLED()
 .text._ZN13CSANGRIA_OLED7set_i2cEP12CSANGRIA_I2C
                0x1000155c        0x4 CMakeFiles/r3_rp2040_fw.dir/__/rp2040_drivers/sangria_oled.cpp.obj
                0x1000155c                CSANGRIA_OLED::set_i2c(CSANGRIA_I2C*)
 .text._ZN13CSANGRIA_OLED9power_offEv
                0x10001560       0x30 CMakeFiles/r3_rp2040_fw.dir/__/rp2040_drivers/sangria_oled.cpp.obj
                0x10001560                CSANGRIA_OLED::power_off()
 .text._ZN13CSANGRIA_OLED18set_contrast_levelEi
                0x10001590       0x34 CMakeFiles/r3_rp2040_fw.dir/__/rp2040_drivers/sangria_oled.cpp.obj
                0x10001590                CSANGRIA_OLED::set_contrast_level(int)
 .text._ZN13CSANGRIA_OLED6updateEv
                0x100015c4      0x160 CMakeFiles/r3_rp2040_fw.dir/__/rp2040_drivers/sangria_oled.cpp.obj
                0x100015c4                CSANGRIA_OLED::update()
 .text._ZN13CSANGRIA_OLED8power_onEv
                0x10001724       0x94 CMakeFiles/r3_rp2040_fw.dir/__/rp2040_drivers/sangria_oled.cpp.obj
                0x10001724                CSANGRIA_OLED::power_on()
 .text._ZN13CSANGRIA_OLED5clearEv
                0x100017b8       0x18 CMakeFiles/r3_rp2040_fw.dir/__/rp2040_drivers/sangria_oled.cpp.obj
                0x100017b8                CSANGRIA_OLED::clear()
 .text._ZN13CSANGRIA_OLED9copy_1bppEPKhiiii
                0x100017d0       0x7c CMakeFiles/r3_rp2040_fw.dir/__/rp2040_drivers/sangria_oled.cpp.obj
                0x100017d0                CSANGRIA_OLED::copy_1bpp(unsigned char const*, int, int, int, int)
 .text._ZN13CSANGRIA_OLED4putcEc
                0x1000184c      0x18c CMakeFiles/r3_rp2040_fw.dir/__/rp2040_drivers/sangria_oled.cpp.obj
                0x1000184c                CSANGRIA_OLED::putc(char)
 .text._ZN13CSANGRIA_OLED4putsEPKc
                0x100019d8       0x1c CMakeFiles/r3_rp2040_fw.dir/__/rp2040_drivers/sangria_oled.cpp.obj
                0x100019d8                CSANGRIA_OLED::puts(char const*)
 .text._ZN13CSANGRIA_OLED12set_positionEii
                0x100019f4       0x20 CMakeFiles/r3_rp2040_fw.dir/__/rp2040_drivers/sangria_oled.cpp.obj
                0x100019f4                CSANGRIA_OLED::set_position(int, int)
 .text._Z8get_iconi
                0x10001a14        0xc CMakeFiles/r3_rp2040_fw.dir/__/rp2040_drivers/sangria_graphic_resource.cpp.obj
                0x10001a14                get_icon(int)
 .text._Z8get_fontv
                0x10001a20        0x8 CMakeFiles/r3_rp2040_fw.dir/__/rp2040_drivers/sangria_graphic_resource.cpp.obj
                0x10001a20                get_font()
 .text._Z24tud_check_host_connectedv
                0x10001a28        0xc CMakeFiles/r3_rp2040_fw.dir/__/rp2040_drivers/sangria_usb_keyboard.cpp.obj
                0x10001a28                tud_check_host_connected()
 .text.tud_mount_cb
                0x10001a34        0xc CMakeFiles/r3_rp2040_fw.dir/__/rp2040_drivers/sangria_usb_keyboard.cpp.obj
                0x10001a34                tud_mount_cb
 .text.tud_umount_cb
                0x10001a40        0xc CMakeFiles/r3_rp2040_fw.dir/__/rp2040_drivers/sangria_usb_keyboard.cpp.obj
                0x10001a40                tud_umount_cb
 .text.tud_suspend_cb
                0x10001a4c        0x4 CMakeFiles/r3_rp2040_fw.dir/__/rp2040_drivers/sangria_usb_keyboard.cpp.obj
                0x10001a4c                tud_suspend_cb
 .text.tud_resume_cb
                0x10001a50        0x4 CMakeFiles/r3_rp2040_fw.dir/__/rp2040_drivers/sangria_usb_keyboard.cpp.obj
                0x10001a50                tud_resume_cb
 .text._Z8hid_taskP17CSANGRIA_KEYBOARD
                0x10001a54       0xc0 CMakeFiles/r3_rp2040_fw.dir/__/rp2040_drivers/sangria_usb_keyboard.cpp.obj
                0x10001a54                hid_task(CSANGRIA_KEYBOARD*)
 .text.tud_hid_report_complete_cb
                0x10001b14        0x4 CMakeFiles/r3_rp2040_fw.dir/__/rp2040_drivers/sangria_usb_keyboard.cpp.obj
                0x10001b14                tud_hid_report_complete_cb
 .text.tud_hid_get_report_cb
                0x10001b18        0x4 CMakeFiles/r3_rp2040_fw.dir/__/rp2040_drivers/sangria_usb_keyboard.cpp.obj
                0x10001b18                tud_hid_get_report_cb
 .text.tud_hid_set_report_cb
                0x10001b1c        0x4 CMakeFiles/r3_rp2040_fw.dir/__/rp2040_drivers/sangria_usb_keyboard.cpp.obj
                0x10001b1c                tud_hid_set_report_cb
 .text._ZN16CSANGRIA_BATTERYC2Ev
                0x10001b20       0x7c CMakeFiles/r3_rp2040_fw.dir/__/rp2040_drivers/sangria_battery.cpp.obj
                0x10001b20                CSANGRIA_BATTERY::CSANGRIA_BATTERY()
                0x10001b20                CSANGRIA_BATTERY::CSANGRIA_BATTERY()
 .text._ZN16CSANGRIA_BATTERY7set_i2cEP12CSANGRIA_I2C
                0x10001b9c        0x4 CMakeFiles/r3_rp2040_fw.dir/__/rp2040_drivers/sangria_battery.cpp.obj
                0x10001b9c                CSANGRIA_BATTERY::set_i2c(CSANGRIA_I2C*)
 .text._ZN16CSANGRIA_BATTERY31check_battery_management_deviceEv
                0x10001ba0       0x3c CMakeFiles/r3_rp2040_fw.dir/__/rp2040_drivers/sangria_battery.cpp.obj
                0x10001ba0                CSANGRIA_BATTERY::check_battery_management_device()
 .text._ZN16CSANGRIA_BATTERY17get_system_statusEv
                0x10001bdc       0x30 CMakeFiles/r3_rp2040_fw.dir/__/rp2040_drivers/sangria_battery.cpp.obj
                0x10001bdc                CSANGRIA_BATTERY::get_system_status()
 .text._ZN16CSANGRIA_BATTERY8power_onEv
                0x10001c0c       0x50 CMakeFiles/r3_rp2040_fw.dir/__/rp2040_drivers/sangria_battery.cpp.obj
                0x10001c0c                CSANGRIA_BATTERY::power_on()
 .text._ZN16CSANGRIA_BATTERY17get_battery_levelEv
                0x10001c5c       0x24 CMakeFiles/r3_rp2040_fw.dir/__/rp2040_drivers/sangria_battery.cpp.obj
                0x10001c5c                CSANGRIA_BATTERY::get_battery_level()
 .text._ZN12CSANGRIA_GPSC2Ev
                0x10001c80       0x18 CMakeFiles/r3_rp2040_fw.dir/__/rp2040_drivers/sangria_gps.cpp.obj
                0x10001c80                CSANGRIA_GPS::CSANGRIA_GPS()
                0x10001c80                CSANGRIA_GPS::CSANGRIA_GPS()
 .text._ZN14CSANGRIA_FLASHC2Ev
                0x10001c98       0x14 CMakeFiles/r3_rp2040_fw.dir/__/rp2040_drivers/sangria_flash.cpp.obj
                0x10001c98                CSANGRIA_FLASH::CSANGRIA_FLASH()
                0x10001c98                CSANGRIA_FLASH::CSANGRIA_FLASH()
 .text._ZN14CSANGRIA_FLASH5writeEv
                0x10001cac       0x10 CMakeFiles/r3_rp2040_fw.dir/__/rp2040_drivers/sangria_flash.cpp.obj
                0x10001cac                CSANGRIA_FLASH::write()
 .text.tud_descriptor_device_cb
                0x10001cbc        0x8 CMakeFiles/r3_rp2040_fw.dir/__/rp2040_drivers/usb_descriptors.c.obj
                0x10001cbc                tud_descriptor_device_cb
 .text.tud_hid_descriptor_report_cb
                0x10001cc4        0x8 CMakeFiles/r3_rp2040_fw.dir/__/rp2040_drivers/usb_descriptors.c.obj
                0x10001cc4                tud_hid_descriptor_report_cb
 .text.tud_descriptor_configuration_cb
                0x10001ccc        0x8 CMakeFiles/r3_rp2040_fw.dir/__/rp2040_drivers/usb_descriptors.c.obj
                0x10001ccc                tud_descriptor_configuration_cb
 .text.tud_descriptor_string_cb
                0x10001cd4       0x74 CMakeFiles/r3_rp2040_fw.dir/__/rp2040_drivers/usb_descriptors.c.obj
                0x10001cd4                tud_descriptor_string_cb
 .text.gpio_default_irq_handler
                0x10001d48      0x244 CMakeFiles/r3_rp2040_fw.dir/C_/Users/hra/Documents/github/sangria_firmware/pico-sdk/src/rp2_common/hardware_gpio/gpio.c.obj
 .text.gpio_set_function
                0x10001f8c       0x30 CMakeFiles/r3_rp2040_fw.dir/C_/Users/hra/Documents/github/sangria_firmware/pico-sdk/src/rp2_common/hardware_gpio/gpio.c.obj
                0x10001f8c                gpio_set_function
 .text.gpio_set_pulls
                0x10001fbc       0x30 CMakeFiles/r3_rp2040_fw.dir/C_/Users/hra/Documents/github/sangria_firmware/pico-sdk/src/rp2_common/hardware_gpio/gpio.c.obj
                0x10001fbc                gpio_set_pulls
 .text.gpio_set_irq_enabled_with_callback
                0x10001fec       0xb0 CMakeFiles/r3_rp2040_fw.dir/C_/Users/hra/Documents/github/sangria_firmware/pico-sdk/src/rp2_common/hardware_gpio/gpio.c.obj
                0x10001fec                gpio_set_irq_enabled_with_callback
 .text.gpio_set_input_enabled
                0x1000209c       0x28 CMakeFiles/r3_rp2040_fw.dir/C_/Users/hra/Documents/github/sangria_firmware/pico-sdk/src/rp2_common/hardware_gpio/gpio.c.obj
                0x1000209c                gpio_set_input_enabled
 .text.gpio_init
                0x100020c4       0x3c CMakeFiles/r3_rp2040_fw.dir/C_/Users/hra/Documents/github/sangria_firmware/pico-sdk/src/rp2_common/hardware_gpio/gpio.c.obj
                0x100020c4                gpio_init
 .text.hw_claim_or_assert
                0x10002100       0x44 CMakeFiles/r3_rp2040_fw.dir/C_/Users/hra/Documents/github/sangria_firmware/pico-sdk/src/rp2_common/hardware_claim/claim.c.obj
                0x10002100                hw_claim_or_assert
 .text.hw_claim_unused_from_range
                0x10002144       0x9c CMakeFiles/r3_rp2040_fw.dir/C_/Users/hra/Documents/github/sangria_firmware/pico-sdk/src/rp2_common/hardware_claim/claim.c.obj
                0x10002144                hw_claim_unused_from_range
 .text.running_on_fpga
                0x100021e0       0x10 CMakeFiles/r3_rp2040_fw.dir/C_/Users/hra/Documents/github/sangria_firmware/pico-sdk/src/rp2_common/pico_platform/platform.c.obj
                0x100021e0                running_on_fpga
 .text.spin_locks_reset
                0x100021f0       0x1c CMakeFiles/r3_rp2040_fw.dir/C_/Users/hra/Documents/github/sangria_firmware/pico-sdk/src/rp2_common/hardware_sync/sync.c.obj
                0x100021f0                spin_locks_reset
 .text.next_striped_spin_lock_num
                0x1000220c       0x18 CMakeFiles/r3_rp2040_fw.dir/C_/Users/hra/Documents/github/sangria_firmware/pico-sdk/src/rp2_common/hardware_sync/sync.c.obj
                0x1000220c                next_striped_spin_lock_num
 .text.spin_lock_claim_unused
                0x10002224       0x20 CMakeFiles/r3_rp2040_fw.dir/C_/Users/hra/Documents/github/sangria_firmware/pico-sdk/src/rp2_common/hardware_sync/sync.c.obj
                0x10002224                spin_lock_claim_unused
 .text.irq_set_enabled
                0x10002244       0x24 CMakeFiles/r3_rp2040_fw.dir/C_/Users/hra/Documents/github/sangria_firmware/pico-sdk/src/rp2_common/hardware_irq/irq.c.obj
                0x10002244                irq_set_enabled
 .text.irq_is_enabled
                0x10002268       0x18 CMakeFiles/r3_rp2040_fw.dir/C_/Users/hra/Documents/github/sangria_firmware/pico-sdk/src/rp2_common/hardware_irq/irq.c.obj
                0x10002268                irq_is_enabled
 .text.irq_get_vtable_handler
                0x10002280       0x10 CMakeFiles/r3_rp2040_fw.dir/C_/Users/hra/Documents/github/sangria_firmware/pico-sdk/src/rp2_common/hardware_irq/irq.c.obj
                0x10002280                irq_get_vtable_handler
 .text.irq_set_exclusive_handler
                0x10002290       0x54 CMakeFiles/r3_rp2040_fw.dir/C_/Users/hra/Documents/github/sangria_firmware/pico-sdk/src/rp2_common/hardware_irq/irq.c.obj
                0x10002290                irq_set_exclusive_handler
 .text.irq_add_shared_handler
                0x100022e4      0x1e4 CMakeFiles/r3_rp2040_fw.dir/C_/Users/hra/Documents/github/sangria_firmware/pico-sdk/src/rp2_common/hardware_irq/irq.c.obj
                0x100022e4                irq_add_shared_handler
 .text.irq_remove_handler
                0x100024c8      0x1b4 CMakeFiles/r3_rp2040_fw.dir/C_/Users/hra/Documents/github/sangria_firmware/pico-sdk/src/rp2_common/hardware_irq/irq.c.obj
                0x100024c8                irq_remove_handler
 .text.irq_add_tail_to_free_list
                0x1000267c       0xb4 CMakeFiles/r3_rp2040_fw.dir/C_/Users/hra/Documents/github/sangria_firmware/pico-sdk/src/rp2_common/hardware_irq/irq.c.obj
                0x1000267c                irq_add_tail_to_free_list
 .text.irq_init_priorities
                0x10002730       0x24 CMakeFiles/r3_rp2040_fw.dir/C_/Users/hra/Documents/github/sangria_firmware/pico-sdk/src/rp2_common/hardware_irq/irq.c.obj
                0x10002730                irq_init_priorities
 .text.sem_init
                0x10002754       0x20 CMakeFiles/r3_rp2040_fw.dir/C_/Users/hra/Documents/github/sangria_firmware/pico-sdk/src/common/pico_sync/sem.c.obj
                0x10002754                sem_init
 .text.lock_init
                0x10002774       0x10 CMakeFiles/r3_rp2040_fw.dir/C_/Users/hra/Documents/github/sangria_firmware/pico-sdk/src/common/pico_sync/lock_core.c.obj
                0x10002774                lock_init
 .text.timer_pool_entry_comparator
                0x10002784       0x34 CMakeFiles/r3_rp2040_fw.dir/C_/Users/hra/Documents/github/sangria_firmware/pico-sdk/src/common/pico_time/time.c.obj
                0x10002784                timer_pool_entry_comparator
 .text.sleep_until_callback
                0x100027b8       0x30 CMakeFiles/r3_rp2040_fw.dir/C_/Users/hra/Documents/github/sangria_firmware/pico-sdk/src/common/pico_time/time.c.obj
 .text.add_alarm_under_lock.isra.0
                0x100027e8      0x100 CMakeFiles/r3_rp2040_fw.dir/C_/Users/hra/Documents/github/sangria_firmware/pico-sdk/src/common/pico_time/time.c.obj
 .text.alarm_pool_alarm_callback
                0x100028e8      0x1c8 CMakeFiles/r3_rp2040_fw.dir/C_/Users/hra/Documents/github/sangria_firmware/pico-sdk/src/common/pico_time/time.c.obj
 .text.alarm_pool_add_alarm_at.constprop.0
                0x10002ab0      0x11c CMakeFiles/r3_rp2040_fw.dir/C_/Users/hra/Documents/github/sangria_firmware/pico-sdk/src/common/pico_time/time.c.obj
 .text.alarm_pool_init_default
                0x10002bcc       0x64 CMakeFiles/r3_rp2040_fw.dir/C_/Users/hra/Documents/github/sangria_firmware/pico-sdk/src/common/pico_time/time.c.obj
                0x10002bcc                alarm_pool_init_default
 .text.sleep_until
                0x10002c30       0xac CMakeFiles/r3_rp2040_fw.dir/C_/Users/hra/Documents/github/sangria_firmware/pico-sdk/src/common/pico_time/time.c.obj
                0x10002c30                sleep_until
 .text.sleep_us
                0x10002cdc       0x30 CMakeFiles/r3_rp2040_fw.dir/C_/Users/hra/Documents/github/sangria_firmware/pico-sdk/src/common/pico_time/time.c.obj
                0x10002cdc                sleep_us
 .text.sleep_ms
                0x10002d0c       0x38 CMakeFiles/r3_rp2040_fw.dir/C_/Users/hra/Documents/github/sangria_firmware/pico-sdk/src/common/pico_time/time.c.obj
                0x10002d0c                sleep_ms
 .text.best_effort_wfe_or_timeout
                0x10002d44       0xd4 CMakeFiles/r3_rp2040_fw.dir/C_/Users/hra/Documents/github/sangria_firmware/pico-sdk/src/common/pico_time/time.c.obj
                0x10002d44                best_effort_wfe_or_timeout
 .text.hardware_alarm_irq_handler
                0x10002e18       0xb8 CMakeFiles/r3_rp2040_fw.dir/C_/Users/hra/Documents/github/sangria_firmware/pico-sdk/src/rp2_common/hardware_timer/timer.c.obj
 .text.hardware_alarm_claim
                0x10002ed0       0x18 CMakeFiles/r3_rp2040_fw.dir/C_/Users/hra/Documents/github/sangria_firmware/pico-sdk/src/rp2_common/hardware_timer/timer.c.obj
                0x10002ed0                hardware_alarm_claim
 .text.time_us_64
                0x10002ee8       0x14 CMakeFiles/r3_rp2040_fw.dir/C_/Users/hra/Documents/github/sangria_firmware/pico-sdk/src/rp2_common/hardware_timer/timer.c.obj
                0x10002ee8                time_us_64
 .text.busy_wait_us
                0x10002efc       0x54 CMakeFiles/r3_rp2040_fw.dir/C_/Users/hra/Documents/github/sangria_firmware/pico-sdk/src/rp2_common/hardware_timer/timer.c.obj
                0x10002efc                busy_wait_us
 .text.busy_wait_until
                0x10002f50       0x20 CMakeFiles/r3_rp2040_fw.dir/C_/Users/hra/Documents/github/sangria_firmware/pico-sdk/src/rp2_common/hardware_timer/timer.c.obj
                0x10002f50                busy_wait_until
 .text.hardware_alarm_set_callback
                0x10002f70       0x8c CMakeFiles/r3_rp2040_fw.dir/C_/Users/hra/Documents/github/sangria_firmware/pico-sdk/src/rp2_common/hardware_timer/timer.c.obj
                0x10002f70                hardware_alarm_set_callback
 .text.hardware_alarm_set_target
                0x10002ffc       0xe0 CMakeFiles/r3_rp2040_fw.dir/C_/Users/hra/Documents/github/sangria_firmware/pico-sdk/src/rp2_common/hardware_timer/timer.c.obj
                0x10002ffc                hardware_alarm_set_target
 .text.hardware_alarm_cancel
                0x100030dc       0x3c CMakeFiles/r3_rp2040_fw.dir/C_/Users/hra/Documents/github/sangria_firmware/pico-sdk/src/rp2_common/hardware_timer/timer.c.obj
                0x100030dc                hardware_alarm_cancel
 .text.ph_merge_nodes
                0x10003118       0x68 CMakeFiles/r3_rp2040_fw.dir/C_/Users/hra/Documents/github/sangria_firmware/pico-sdk/src/common/pico_util/pheap.c.obj
 .text.ph_post_alloc_init
                0x10003180       0x3c CMakeFiles/r3_rp2040_fw.dir/C_/Users/hra/Documents/github/sangria_firmware/pico-sdk/src/common/pico_util/pheap.c.obj
                0x10003180                ph_post_alloc_init
 .text.ph_merge_two_pass
                0x100031bc       0x90 CMakeFiles/r3_rp2040_fw.dir/C_/Users/hra/Documents/github/sangria_firmware/pico-sdk/src/common/pico_util/pheap.c.obj
                0x100031bc                ph_merge_two_pass
 .text.ph_remove_any_head
                0x1000324c       0xf8 CMakeFiles/r3_rp2040_fw.dir/C_/Users/hra/Documents/github/sangria_firmware/pico-sdk/src/common/pico_util/pheap.c.obj
 .text.ph_remove_head
                0x10003344       0xfc CMakeFiles/r3_rp2040_fw.dir/C_/Users/hra/Documents/github/sangria_firmware/pico-sdk/src/common/pico_util/pheap.c.obj
                0x10003344                ph_remove_head
 .text.ph_remove_and_free_node
                0x10003440       0x7c CMakeFiles/r3_rp2040_fw.dir/C_/Users/hra/Documents/github/sangria_firmware/pico-sdk/src/common/pico_util/pheap.c.obj
                0x10003440                ph_remove_and_free_node
 .text.mutex_init
                0x100034bc       0x1c CMakeFiles/r3_rp2040_fw.dir/C_/Users/hra/Documents/github/sangria_firmware/pico-sdk/src/common/pico_sync/mutex.c.obj
                0x100034bc                mutex_init
 .text.recursive_mutex_init
                0x100034d8       0x1c CMakeFiles/r3_rp2040_fw.dir/C_/Users/hra/Documents/github/sangria_firmware/pico-sdk/src/common/pico_sync/mutex.c.obj
                0x100034d8                recursive_mutex_init
 .text.critical_section_init
                0x100034f4       0x20 CMakeFiles/r3_rp2040_fw.dir/C_/Users/hra/Documents/github/sangria_firmware/pico-sdk/src/common/pico_sync/critical_section.c.obj
                0x100034f4                critical_section_init
 .text.uart_init
                0x10003514       0xe0 CMakeFiles/r3_rp2040_fw.dir/C_/Users/hra/Documents/github/sangria_firmware/pico-sdk/src/rp2_common/hardware_uart/uart.c.obj
                0x10003514                uart_init
 .text.runtime_init
                0x100035f4       0xf0 CMakeFiles/r3_rp2040_fw.dir/C_/Users/hra/Documents/github/sangria_firmware/pico-sdk/src/rp2_common/pico_runtime/runtime.c.obj
                0x100035f4                runtime_init
 .text._exit    0x100036e4        0x4 CMakeFiles/r3_rp2040_fw.dir/C_/Users/hra/Documents/github/sangria_firmware/pico-sdk/src/rp2_common/pico_runtime/runtime.c.obj
                0x100036e4                _exit
 .text._sbrk    0x100036e8       0x34 CMakeFiles/r3_rp2040_fw.dir/C_/Users/hra/Documents/github/sangria_firmware/pico-sdk/src/rp2_common/pico_runtime/runtime.c.obj
                0x100036e8                _sbrk
 .text.exit     0x1000371c        0x4 CMakeFiles/r3_rp2040_fw.dir/C_/Users/hra/Documents/github/sangria_firmware/pico-sdk/src/rp2_common/pico_runtime/runtime.c.obj
                0x1000371c                exit
 .text.panic    0x10003720       0x30 CMakeFiles/r3_rp2040_fw.dir/C_/Users/hra/Documents/github/sangria_firmware/pico-sdk/src/rp2_common/pico_runtime/runtime.c.obj
                0x10003720                panic
 .text.hard_assertion_failure
                0x10003750        0xc CMakeFiles/r3_rp2040_fw.dir/C_/Users/hra/Documents/github/sangria_firmware/pico-sdk/src/rp2_common/pico_runtime/runtime.c.obj
                0x10003750                hard_assertion_failure
 .text.clocks_init
                0x1000375c      0x2bc CMakeFiles/r3_rp2040_fw.dir/C_/Users/hra/Documents/github/sangria_firmware/pico-sdk/src/rp2_common/hardware_clocks/clocks.c.obj
                0x1000375c                clocks_init
 .text.clock_get_hz
                0x10003a18        0xc CMakeFiles/r3_rp2040_fw.dir/C_/Users/hra/Documents/github/sangria_firmware/pico-sdk/src/rp2_common/hardware_clocks/clocks.c.obj
                0x10003a18                clock_get_hz
 .text.pll_init
                0x10003a24       0xb0 CMakeFiles/r3_rp2040_fw.dir/C_/Users/hra/Documents/github/sangria_firmware/pico-sdk/src/rp2_common/hardware_pll/pll.c.obj
                0x10003a24                pll_init
 .text.watchdog_start_tick
                0x10003ad4       0x10 CMakeFiles/r3_rp2040_fw.dir/C_/Users/hra/Documents/github/sangria_firmware/pico-sdk/src/rp2_common/hardware_watchdog/watchdog.c.obj
                0x10003ad4                watchdog_start_tick
 .text.xosc_init
                0x10003ae4       0x28 CMakeFiles/r3_rp2040_fw.dir/C_/Users/hra/Documents/github/sangria_firmware/pico-sdk/src/rp2_common/hardware_xosc/xosc.c.obj
                0x10003ae4                xosc_init
 .text._out_buffer
                0x10003b0c        0x8 CMakeFiles/r3_rp2040_fw.dir/C_/Users/hra/Documents/github/sangria_firmware/pico-sdk/src/rp2_common/pico_printf/printf.c.obj
 .text._out_null
                0x10003b14        0x4 CMakeFiles/r3_rp2040_fw.dir/C_/Users/hra/Documents/github/sangria_firmware/pico-sdk/src/rp2_common/pico_printf/printf.c.obj
 .text._out_rev
                0x10003b18       0x9c CMakeFiles/r3_rp2040_fw.dir/C_/Users/hra/Documents/github/sangria_firmware/pico-sdk/src/rp2_common/pico_printf/printf.c.obj
 .text._ntoa_format
                0x10003bb4      0x1cc CMakeFiles/r3_rp2040_fw.dir/C_/Users/hra/Documents/github/sangria_firmware/pico-sdk/src/rp2_common/pico_printf/printf.c.obj
 .text._out_char
                0x10003d80       0x10 CMakeFiles/r3_rp2040_fw.dir/C_/Users/hra/Documents/github/sangria_firmware/pico-sdk/src/rp2_common/pico_printf/printf.c.obj
 .text._etoa    0x10003d90      0x44c CMakeFiles/r3_rp2040_fw.dir/C_/Users/hra/Documents/github/sangria_firmware/pico-sdk/src/rp2_common/pico_printf/printf.c.obj
 .text._ftoa    0x100041dc      0x398 CMakeFiles/r3_rp2040_fw.dir/C_/Users/hra/Documents/github/sangria_firmware/pico-sdk/src/rp2_common/pico_printf/printf.c.obj
 .text._vsnprintf
                0x10004574      0xb04 CMakeFiles/r3_rp2040_fw.dir/C_/Users/hra/Documents/github/sangria_firmware/pico-sdk/src/rp2_common/pico_printf/printf.c.obj
 .text.__wrap_sprintf
                0x10005078       0x28 CMakeFiles/r3_rp2040_fw.dir/C_/Users/hra/Documents/github/sangria_firmware/pico-sdk/src/rp2_common/pico_printf/printf.c.obj
                0x10005078                __wrap_sprintf
 .text.weak_raw_vprintf
                0x100050a0       0x30 CMakeFiles/r3_rp2040_fw.dir/C_/Users/hra/Documents/github/sangria_firmware/pico-sdk/src/rp2_common/pico_printf/printf.c.obj
                0x100050a0                weak_raw_vprintf
 .text          0x100050d0       0x10 CMakeFiles/r3_rp2040_fw.dir/C_/Users/hra/Documents/github/sangria_firmware/pico-sdk/src/rp2_common/pico_bit_ops/bit_ops_aeabi.S.obj
 .text.rom_func_lookup
                0x100050e0       0x10 CMakeFiles/r3_rp2040_fw.dir/C_/Users/hra/Documents/github/sangria_firmware/pico-sdk/src/rp2_common/pico_bootrom/bootrom.c.obj
                0x100050e0                rom_func_lookup
 .text.rom_data_lookup
                0x100050f0       0x10 CMakeFiles/r3_rp2040_fw.dir/C_/Users/hra/Documents/github/sangria_firmware/pico-sdk/src/rp2_common/pico_bootrom/bootrom.c.obj
                0x100050f0                rom_data_lookup
 .text.rom_funcs_lookup
                0x10005100       0x44 CMakeFiles/r3_rp2040_fw.dir/C_/Users/hra/Documents/github/sangria_firmware/pico-sdk/src/rp2_common/pico_bootrom/bootrom.c.obj
                0x10005100                rom_funcs_lookup
 .text.__wrap___aeabi_idiv
                0x10005144       0x50 CMakeFiles/r3_rp2040_fw.dir/C_/Users/hra/Documents/github/sangria_firmware/pico-sdk/src/rp2_common/pico_divider/divider.S.obj
                0x10005144                __wrap___aeabi_idivmod
                0x10005144                divmod_s32s32
                0x10005144                div_s32s32
                0x10005144                __wrap___aeabi_idiv
                0x1000514c                divmod_s32s32_unsafe
                0x10005178                divmod_s32s32_savestate
 .text.__wrap___aeabi_uidiv
                0x10005194       0x4c CMakeFiles/r3_rp2040_fw.dir/C_/Users/hra/Documents/github/sangria_firmware/pico-sdk/src/rp2_common/pico_divider/divider.S.obj
                0x10005194                __wrap___aeabi_uidiv
                0x10005194                __wrap___aeabi_uidivmod
                0x10005194                div_u32u32
                0x10005194                divmod_u32u32
                0x1000519c                divmod_u32u32_unsafe
                0x100051c4                divmod_u32u32_savestate
 .text.__wrap___aeabi_ldiv
                0x100051e0      0x434 CMakeFiles/r3_rp2040_fw.dir/C_/Users/hra/Documents/github/sangria_firmware/pico-sdk/src/rp2_common/pico_divider/divider.S.obj
                0x100051e0                div_s64s64
                0x100051e0                divmod_s64s64
                0x100051e0                __wrap___aeabi_ldivmod
                0x10005218                divmod_u64u64
                0x10005218                div_u64u64
                0x10005218                __wrap___aeabi_uldivmod
                0x10005228                divmod_u64u64_savestate
                0x10005250                divmod_s64s64_unsafe
                0x100052d8                divmod_u64u64_unsafe
 .text.__wrap___aeabi_darithmetic
                0x10005614       0x80 CMakeFiles/r3_rp2040_fw.dir/C_/Users/hra/Documents/github/sangria_firmware/pico-sdk/src/rp2_common/pico_double/double_aeabi.S.obj
                0x10005614                __wrap___aeabi_drsub
                0x1000561a                __wrap___aeabi_dsub
                0x1000562c                __wrap___aeabi_dadd
                0x1000563e                __wrap___aeabi_ddiv
                0x1000567a                __wrap___aeabi_dmul
 .text.__wrap___aeabi_cdcmple
                0x10005694       0x6c CMakeFiles/r3_rp2040_fw.dir/C_/Users/hra/Documents/github/sangria_firmware/pico-sdk/src/rp2_common/pico_double/double_aeabi.S.obj
                0x10005694                __wrap___aeabi_cdrcmple
                0x100056a4                __wrap___aeabi_cdcmpeq
                0x100056a4                __wrap___aeabi_cdcmple
 .text.__wrap___aeabi_dcmplt
                0x10005700        0xc CMakeFiles/r3_rp2040_fw.dir/C_/Users/hra/Documents/github/sangria_firmware/pico-sdk/src/rp2_common/pico_double/double_aeabi.S.obj
                0x10005700                __wrap___aeabi_dcmplt
 .text.__wrap___aeabi_dcmple
                0x1000570c       0x10 CMakeFiles/r3_rp2040_fw.dir/C_/Users/hra/Documents/github/sangria_firmware/pico-sdk/src/rp2_common/pico_double/double_aeabi.S.obj
                0x1000570c                __wrap___aeabi_dcmple
 .text.__wrap___aeabi_dcmpge
                0x1000571c       0x10 CMakeFiles/r3_rp2040_fw.dir/C_/Users/hra/Documents/github/sangria_firmware/pico-sdk/src/rp2_common/pico_double/double_aeabi.S.obj
                0x1000571c                __wrap___aeabi_dcmpge
 .text.__wrap___aeabi_dcmpgt
                0x1000572c        0xa CMakeFiles/r3_rp2040_fw.dir/C_/Users/hra/Documents/github/sangria_firmware/pico-sdk/src/rp2_common/pico_double/double_aeabi.S.obj
                0x1000572c                __wrap___aeabi_dcmpgt
 .text.__wrap___aeabi_dcmpun
                0x10005736       0x1c CMakeFiles/r3_rp2040_fw.dir/C_/Users/hra/Documents/github/sangria_firmware/pico-sdk/src/rp2_common/pico_double/double_aeabi.S.obj
                0x10005736                __wrap___aeabi_dcmpun
 *fill*         0x10005752        0x2 
 .text.__wrap___aeabi_i2d
                0x10005754       0x38 CMakeFiles/r3_rp2040_fw.dir/C_/Users/hra/Documents/github/sangria_firmware/pico-sdk/src/rp2_common/pico_double/double_aeabi.S.obj
                0x10005754                __wrap___aeabi_ui2d
                0x1000575c                __wrap___aeabi_i2d
 .text.__wrap___aeabi_d2iz
                0x1000578c       0x48 CMakeFiles/r3_rp2040_fw.dir/C_/Users/hra/Documents/github/sangria_firmware/pico-sdk/src/rp2_common/pico_double/double_aeabi.S.obj
                0x1000578c                double2int_z
                0x1000578c                __wrap___aeabi_d2iz
 .text.__wrap___aeabi_d2uiz
                0x100057d4       0x18 CMakeFiles/r3_rp2040_fw.dir/C_/Users/hra/Documents/github/sangria_firmware/pico-sdk/src/rp2_common/pico_double/double_aeabi.S.obj
                0x100057d4                __wrap___aeabi_d2uiz
                0x100057d4                double2uint
 .text.__aeabi_double_init
                0x100057ec       0x94 CMakeFiles/r3_rp2040_fw.dir/C_/Users/hra/Documents/github/sangria_firmware/pico-sdk/src/rp2_common/pico_double/double_init_rom.c.obj
                0x100057ec                __aeabi_double_init
 .text.double_table_shim_on_use_helper
                0x10005880       0x2c CMakeFiles/r3_rp2040_fw.dir/C_/Users/hra/Documents/github/sangria_firmware/pico-sdk/src/rp2_common/pico_double/double_v1_rom_shim.S.obj
                0x10005880                double_table_shim_on_use_helper
 .text.__wrap___aeabi_dsub
                0x100058ac       0x10 CMakeFiles/r3_rp2040_fw.dir/C_/Users/hra/Documents/github/sangria_firmware/pico-sdk/src/rp2_common/pico_double/double_v1_rom_shim.S.obj
                0x100058ac                drsub_shim
                0x100058b2                dsub_shim
 .text.dadd_shim
                0x100058bc      0x15c CMakeFiles/r3_rp2040_fw.dir/C_/Users/hra/Documents/github/sangria_firmware/pico-sdk/src/rp2_common/pico_double/double_v1_rom_shim.S.obj
                0x100058bc                dadd_shim
 .text.dmul_shim
                0x10005a18      0x15c CMakeFiles/r3_rp2040_fw.dir/C_/Users/hra/Documents/github/sangria_firmware/pico-sdk/src/rp2_common/pico_double/double_v1_rom_shim.S.obj
                0x10005a18                dmul_shim
 .text.ddiv_shim
                0x10005b74      0x1b0 CMakeFiles/r3_rp2040_fw.dir/C_/Users/hra/Documents/github/sangria_firmware/pico-sdk/src/rp2_common/pico_double/double_v1_rom_shim.S.obj
                0x10005b74                ddiv_shim
 .text.double2uint_shim
                0x10005d24        0xe CMakeFiles/r3_rp2040_fw.dir/C_/Users/hra/Documents/github/sangria_firmware/pico-sdk/src/rp2_common/pico_double/double_v1_rom_shim.S.obj
                0x10005d24                double2uint_shim
                0x10005d26                double2ufix_shim
 *fill*         0x10005d32        0x2 
 .text.double2uint64_shim
                0x10005d34       0x70 CMakeFiles/r3_rp2040_fw.dir/C_/Users/hra/Documents/github/sangria_firmware/pico-sdk/src/rp2_common/pico_double/double_v1_rom_shim.S.obj
                0x10005d34                double2uint64_shim
                0x10005d36                double2ufix64_shim
                0x10005d56                d2fix_a
 .text.dunpacks
                0x10005da4       0x3c CMakeFiles/r3_rp2040_fw.dir/C_/Users/hra/Documents/github/sangria_firmware/pico-sdk/src/rp2_common/pico_double/double_v1_rom_shim.S.obj
                0x10005da4                dunpacks
 .text.__aeabi_lmul
                0x10005de0       0x32 CMakeFiles/r3_rp2040_fw.dir/C_/Users/hra/Documents/github/sangria_firmware/pico-sdk/src/rp2_common/pico_int64_ops/pico_int64_ops_aeabi.S.obj
                0x10005de0                __wrap___aeabi_lmul
 *fill*         0x10005e12        0x2 
 .text.__aeabi_float_init
                0x10005e14       0x64 CMakeFiles/r3_rp2040_fw.dir/C_/Users/hra/Documents/github/sangria_firmware/pico-sdk/src/rp2_common/pico_float/float_init_rom.c.obj
                0x10005e14                __aeabi_float_init
 .text.float_table_shim_on_use_helper
                0x10005e78       0x2c CMakeFiles/r3_rp2040_fw.dir/C_/Users/hra/Documents/github/sangria_firmware/pico-sdk/src/rp2_common/pico_float/float_v1_rom_shim.S.obj
                0x10005e78                float_table_shim_on_use_helper
 .text.__wrap_malloc
                0x10005ea4       0x3c CMakeFiles/r3_rp2040_fw.dir/C_/Users/hra/Documents/github/sangria_firmware/pico-sdk/src/rp2_common/pico_malloc/pico_malloc.c.obj
                0x10005ea4                __wrap_malloc
 .text.__wrap_realloc
                0x10005ee0       0x40 CMakeFiles/r3_rp2040_fw.dir/C_/Users/hra/Documents/github/sangria_firmware/pico-sdk/src/rp2_common/pico_malloc/pico_malloc.c.obj
                0x10005ee0                __wrap_realloc
 .text.__wrap_free
                0x10005f20       0x20 CMakeFiles/r3_rp2040_fw.dir/C_/Users/hra/Documents/github/sangria_firmware/pico-sdk/src/rp2_common/pico_malloc/pico_malloc.c.obj
                0x10005f20                __wrap_free
 .text          0x10005f40       0x10 CMakeFiles/r3_rp2040_fw.dir/C_/Users/hra/Documents/github/sangria_firmware/pico-sdk/src/rp2_common/pico_mem_ops/mem_ops_aeabi.S.obj
                0x10005f40                __aeabi_mem_init
 .text.memset   0x10005f50        0xc CMakeFiles/r3_rp2040_fw.dir/C_/Users/hra/Documents/github/sangria_firmware/pico-sdk/src/rp2_common/pico_mem_ops/mem_ops_aeabi.S.obj
                0x10005f50                __wrap_memset
 .text.memcpy   0x10005f5c        0xc CMakeFiles/r3_rp2040_fw.dir/C_/Users/hra/Documents/github/sangria_firmware/pico-sdk/src/rp2_common/pico_mem_ops/mem_ops_aeabi.S.obj
                0x10005f5c                __wrap_memcpy
                0x10005f5c                __wrap___aeabi_memcpy
 .text._Znwj    0x10005f68        0x8 CMakeFiles/r3_rp2040_fw.dir/C_/Users/hra/Documents/github/sangria_firmware/pico-sdk/src/rp2_common/pico_standard_link/new_delete.cpp.obj
                0x10005f68                operator new(unsigned int)
 .text._ZdlPvj  0x10005f70        0x8 CMakeFiles/r3_rp2040_fw.dir/C_/Users/hra/Documents/github/sangria_firmware/pico-sdk/src/rp2_common/pico_standard_link/new_delete.cpp.obj
                0x10005f70                operator delete(void*, unsigned int)
 .text.stdio_out_chars_no_crlf
                0x10005f78       0x10 CMakeFiles/r3_rp2040_fw.dir/C_/Users/hra/Documents/github/sangria_firmware/pico-sdk/src/rp2_common/pico_stdio/stdio.c.obj
 .text.stdio_out_chars_crlf
                0x10005f88       0xb4 CMakeFiles/r3_rp2040_fw.dir/C_/Users/hra/Documents/github/sangria_firmware/pico-sdk/src/rp2_common/pico_stdio/stdio.c.obj
 .text.stdio_put_string.isra.0
                0x1000603c       0xfc CMakeFiles/r3_rp2040_fw.dir/C_/Users/hra/Documents/github/sangria_firmware/pico-sdk/src/rp2_common/pico_stdio/stdio.c.obj
 .text.__wrap_putchar
                0x10006138       0xa0 CMakeFiles/r3_rp2040_fw.dir/C_/Users/hra/Documents/github/sangria_firmware/pico-sdk/src/rp2_common/pico_stdio/stdio.c.obj
                0x10006138                __wrap_putchar
 .text.__wrap_puts
                0x100061d8       0x3c CMakeFiles/r3_rp2040_fw.dir/C_/Users/hra/Documents/github/sangria_firmware/pico-sdk/src/rp2_common/pico_stdio/stdio.c.obj
                0x100061d8                __wrap_puts
 .text._read    0x10006214       0x94 CMakeFiles/r3_rp2040_fw.dir/C_/Users/hra/Documents/github/sangria_firmware/pico-sdk/src/rp2_common/pico_stdio/stdio.c.obj
                0x10006214                _read
 .text._write   0x100062a8       0xb0 CMakeFiles/r3_rp2040_fw.dir/C_/Users/hra/Documents/github/sangria_firmware/pico-sdk/src/rp2_common/pico_stdio/stdio.c.obj
                0x100062a8                _write
 .text.stdio_set_driver_enabled
                0x10006358       0x30 CMakeFiles/r3_rp2040_fw.dir/C_/Users/hra/Documents/github/sangria_firmware/pico-sdk/src/rp2_common/pico_stdio/stdio.c.obj
                0x10006358                stdio_set_driver_enabled
 .text.stdio_uart_out_chars
                0x10006388       0x4c CMakeFiles/r3_rp2040_fw.dir/C_/Users/hra/Documents/github/sangria_firmware/pico-sdk/src/rp2_common/pico_stdio_uart/stdio_uart.c.obj
 .text.stdio_uart_in_chars
                0x100063d4       0x38 CMakeFiles/r3_rp2040_fw.dir/C_/Users/hra/Documents/github/sangria_firmware/pico-sdk/src/rp2_common/pico_stdio_uart/stdio_uart.c.obj
                0x100063d4                stdio_uart_in_chars
 .text.stdio_uart_init_full
                0x1000640c       0x38 CMakeFiles/r3_rp2040_fw.dir/C_/Users/hra/Documents/github/sangria_firmware/pico-sdk/src/rp2_common/pico_stdio_uart/stdio_uart.c.obj
                0x1000640c                stdio_uart_init_full
 .text.core1_trampoline
                0x10006444        0x4 CMakeFiles/r3_rp2040_fw.dir/C_/Users/hra/Documents/github/sangria_firmware/pico-sdk/src/rp2_common/pico_multicore/multicore.c.obj
 .text.core1_wrapper
                0x10006448        0xc CMakeFiles/r3_rp2040_fw.dir/C_/Users/hra/Documents/github/sangria_firmware/pico-sdk/src/rp2_common/pico_multicore/multicore.c.obj
                0x10006448                core1_wrapper
 .text.multicore_launch_core1_raw
                0x10006454       0x84 CMakeFiles/r3_rp2040_fw.dir/C_/Users/hra/Documents/github/sangria_firmware/pico-sdk/src/rp2_common/pico_multicore/multicore.c.obj
                0x10006454                multicore_launch_core1_raw
 .text.multicore_launch_core1
                0x100064d8       0x4c CMakeFiles/r3_rp2040_fw.dir/C_/Users/hra/Documents/github/sangria_firmware/pico-sdk/src/rp2_common/pico_multicore/multicore.c.obj
                0x100064d8                multicore_launch_core1
 .text.i2c_set_baudrate
                0x10006524       0xc4 CMakeFiles/r3_rp2040_fw.dir/C_/Users/hra/Documents/github/sangria_firmware/pico-sdk/src/rp2_common/hardware_i2c/i2c.c.obj
                0x10006524                i2c_set_baudrate
 .text.i2c_init
                0x100065e8       0x54 CMakeFiles/r3_rp2040_fw.dir/C_/Users/hra/Documents/github/sangria_firmware/pico-sdk/src/rp2_common/hardware_i2c/i2c.c.obj
                0x100065e8                i2c_init
 .text.i2c_write_blocking
                0x1000663c       0xd0 CMakeFiles/r3_rp2040_fw.dir/C_/Users/hra/Documents/github/sangria_firmware/pico-sdk/src/rp2_common/hardware_i2c/i2c.c.obj
                0x1000663c                i2c_write_blocking
 .text.i2c_read_blocking
                0x1000670c       0xac CMakeFiles/r3_rp2040_fw.dir/C_/Users/hra/Documents/github/sangria_firmware/pico-sdk/src/rp2_common/hardware_i2c/i2c.c.obj
                0x1000670c                i2c_read_blocking
 .text.dcd_rp2040_irq
                0x100067b8      0x21c CMakeFiles/r3_rp2040_fw.dir/C_/Users/hra/Documents/github/sangria_firmware/pico-sdk/lib/tinyusb/src/portable/raspberrypi/rp2040/dcd_rp2040.c.obj
 .text.dcd_int_enable
                0x100069d4        0xc CMakeFiles/r3_rp2040_fw.dir/C_/Users/hra/Documents/github/sangria_firmware/pico-sdk/lib/tinyusb/src/portable/raspberrypi/rp2040/dcd_rp2040.c.obj
                0x100069d4                dcd_int_enable
 .text.dcd_set_address
                0x100069e0       0x14 CMakeFiles/r3_rp2040_fw.dir/C_/Users/hra/Documents/github/sangria_firmware/pico-sdk/lib/tinyusb/src/portable/raspberrypi/rp2040/dcd_rp2040.c.obj
                0x100069e0                dcd_set_address
 .text.dcd_remote_wakeup
                0x100069f4       0x10 CMakeFiles/r3_rp2040_fw.dir/C_/Users/hra/Documents/github/sangria_firmware/pico-sdk/lib/tinyusb/src/portable/raspberrypi/rp2040/dcd_rp2040.c.obj
                0x100069f4                dcd_remote_wakeup
 .text.dcd_disconnect
                0x10006a04       0x10 CMakeFiles/r3_rp2040_fw.dir/C_/Users/hra/Documents/github/sangria_firmware/pico-sdk/lib/tinyusb/src/portable/raspberrypi/rp2040/dcd_rp2040.c.obj
                0x10006a04                dcd_disconnect
 .text.dcd_connect
                0x10006a14       0x10 CMakeFiles/r3_rp2040_fw.dir/C_/Users/hra/Documents/github/sangria_firmware/pico-sdk/lib/tinyusb/src/portable/raspberrypi/rp2040/dcd_rp2040.c.obj
                0x10006a14                dcd_connect
 .text.dcd_init
                0x10006a24      0x144 CMakeFiles/r3_rp2040_fw.dir/C_/Users/hra/Documents/github/sangria_firmware/pico-sdk/lib/tinyusb/src/portable/raspberrypi/rp2040/dcd_rp2040.c.obj
                0x10006a24                dcd_init
 .text.dcd_edpt0_status_complete
                0x10006b68       0x1c CMakeFiles/r3_rp2040_fw.dir/C_/Users/hra/Documents/github/sangria_firmware/pico-sdk/lib/tinyusb/src/portable/raspberrypi/rp2040/dcd_rp2040.c.obj
                0x10006b68                dcd_edpt0_status_complete
 .text.dcd_edpt_open
                0x10006b84       0xf0 CMakeFiles/r3_rp2040_fw.dir/C_/Users/hra/Documents/github/sangria_firmware/pico-sdk/lib/tinyusb/src/portable/raspberrypi/rp2040/dcd_rp2040.c.obj
                0x10006b84                dcd_edpt_open
 .text.dcd_edpt_close_all
                0x10006c74       0xbc CMakeFiles/r3_rp2040_fw.dir/C_/Users/hra/Documents/github/sangria_firmware/pico-sdk/lib/tinyusb/src/portable/raspberrypi/rp2040/dcd_rp2040.c.obj
                0x10006c74                dcd_edpt_close_all
 .text.dcd_edpt_xfer
                0x10006d30       0x24 CMakeFiles/r3_rp2040_fw.dir/C_/Users/hra/Documents/github/sangria_firmware/pico-sdk/lib/tinyusb/src/portable/raspberrypi/rp2040/dcd_rp2040.c.obj
                0x10006d30                dcd_edpt_xfer
 .text.dcd_edpt_stall
                0x10006d54       0x38 CMakeFiles/r3_rp2040_fw.dir/C_/Users/hra/Documents/github/sangria_firmware/pico-sdk/lib/tinyusb/src/portable/raspberrypi/rp2040/dcd_rp2040.c.obj
                0x10006d54                dcd_edpt_stall
 .text.dcd_edpt_clear_stall
                0x10006d8c       0x30 CMakeFiles/r3_rp2040_fw.dir/C_/Users/hra/Documents/github/sangria_firmware/pico-sdk/lib/tinyusb/src/portable/raspberrypi/rp2040/dcd_rp2040.c.obj
                0x10006d8c                dcd_edpt_clear_stall
 .text._hw_endpoint_buffer_control_update32.part.0.isra.0
                0x10006dbc       0x1c CMakeFiles/r3_rp2040_fw.dir/C_/Users/hra/Documents/github/sangria_firmware/pico-sdk/lib/tinyusb/src/portable/raspberrypi/rp2040/rp2040_usb.c.obj
 .text.rp2040_usb_init
                0x10006dd8       0x4c CMakeFiles/r3_rp2040_fw.dir/C_/Users/hra/Documents/github/sangria_firmware/pico-sdk/lib/tinyusb/src/portable/raspberrypi/rp2040/rp2040_usb.c.obj
                0x10006dd8                rp2040_usb_init
 .text.hw_endpoint_reset_transfer
                0x10006e24        0xc CMakeFiles/r3_rp2040_fw.dir/C_/Users/hra/Documents/github/sangria_firmware/pico-sdk/lib/tinyusb/src/portable/raspberrypi/rp2040/rp2040_usb.c.obj
                0x10006e24                hw_endpoint_reset_transfer
 .text._hw_endpoint_buffer_control_update32
                0x10006e30       0x44 CMakeFiles/r3_rp2040_fw.dir/C_/Users/hra/Documents/github/sangria_firmware/pico-sdk/lib/tinyusb/src/portable/raspberrypi/rp2040/rp2040_usb.c.obj
                0x10006e30                _hw_endpoint_buffer_control_update32
 .text.hw_endpoint_xfer_start
                0x10006e74      0x138 CMakeFiles/r3_rp2040_fw.dir/C_/Users/hra/Documents/github/sangria_firmware/pico-sdk/lib/tinyusb/src/portable/raspberrypi/rp2040/rp2040_usb.c.obj
                0x10006e74                hw_endpoint_xfer_start
 .text.hw_endpoint_xfer_continue
                0x10006fac      0x1e4 CMakeFiles/r3_rp2040_fw.dir/C_/Users/hra/Documents/github/sangria_firmware/pico-sdk/lib/tinyusb/src/portable/raspberrypi/rp2040/rp2040_usb.c.obj
                0x10006fac                hw_endpoint_xfer_continue
 .text.tud_mounted
                0x10007190       0x10 CMakeFiles/r3_rp2040_fw.dir/C_/Users/hra/Documents/github/sangria_firmware/pico-sdk/lib/tinyusb/src/device/usbd.c.obj
                0x10007190                tud_mounted
 .text.tud_suspended
                0x100071a0       0x10 CMakeFiles/r3_rp2040_fw.dir/C_/Users/hra/Documents/github/sangria_firmware/pico-sdk/lib/tinyusb/src/device/usbd.c.obj
                0x100071a0                tud_suspended
 .text.tud_remote_wakeup
                0x100071b0       0x2c CMakeFiles/r3_rp2040_fw.dir/C_/Users/hra/Documents/github/sangria_firmware/pico-sdk/lib/tinyusb/src/device/usbd.c.obj
                0x100071b0                tud_remote_wakeup
 .text.tud_disconnect
                0x100071dc       0x18 CMakeFiles/r3_rp2040_fw.dir/C_/Users/hra/Documents/github/sangria_firmware/pico-sdk/lib/tinyusb/src/device/usbd.c.obj
                0x100071dc                tud_disconnect
 .text.tud_connect
                0x100071f4       0x18 CMakeFiles/r3_rp2040_fw.dir/C_/Users/hra/Documents/github/sangria_firmware/pico-sdk/lib/tinyusb/src/device/usbd.c.obj
                0x100071f4                tud_connect
 .text.tud_inited
                0x1000720c        0xc CMakeFiles/r3_rp2040_fw.dir/C_/Users/hra/Documents/github/sangria_firmware/pico-sdk/lib/tinyusb/src/device/usbd.c.obj
                0x1000720c                tud_inited
 .text.tud_init
                0x10007218       0xd8 CMakeFiles/r3_rp2040_fw.dir/C_/Users/hra/Documents/github/sangria_firmware/pico-sdk/lib/tinyusb/src/device/usbd.c.obj
                0x10007218                tud_init
 .text.tud_task
                0x100072f0      0x8b8 CMakeFiles/r3_rp2040_fw.dir/C_/Users/hra/Documents/github/sangria_firmware/pico-sdk/lib/tinyusb/src/device/usbd.c.obj
                0x100072f0                tud_task
 .text.dcd_event_bus_signal
                0x10007ba8      0x120 CMakeFiles/r3_rp2040_fw.dir/C_/Users/hra/Documents/github/sangria_firmware/pico-sdk/lib/tinyusb/src/device/usbd.c.obj
                0x10007ba8                dcd_event_bus_signal
 .text.dcd_event_bus_reset
                0x10007cc8       0x54 CMakeFiles/r3_rp2040_fw.dir/C_/Users/hra/Documents/github/sangria_firmware/pico-sdk/lib/tinyusb/src/device/usbd.c.obj
                0x10007cc8                dcd_event_bus_reset
 .text.dcd_event_setup_received
                0x10007d1c       0x50 CMakeFiles/r3_rp2040_fw.dir/C_/Users/hra/Documents/github/sangria_firmware/pico-sdk/lib/tinyusb/src/device/usbd.c.obj
                0x10007d1c                dcd_event_setup_received
 .text.dcd_event_xfer_complete
                0x10007d6c       0x68 CMakeFiles/r3_rp2040_fw.dir/C_/Users/hra/Documents/github/sangria_firmware/pico-sdk/lib/tinyusb/src/device/usbd.c.obj
                0x10007d6c                dcd_event_xfer_complete
 .text.usbd_open_edpt_pair
                0x10007dd4       0x80 CMakeFiles/r3_rp2040_fw.dir/C_/Users/hra/Documents/github/sangria_firmware/pico-sdk/lib/tinyusb/src/device/usbd.c.obj
                0x10007dd4                usbd_open_edpt_pair
 .text.usbd_edpt_claim
                0x10007e54       0x64 CMakeFiles/r3_rp2040_fw.dir/C_/Users/hra/Documents/github/sangria_firmware/pico-sdk/lib/tinyusb/src/device/usbd.c.obj
                0x10007e54                usbd_edpt_claim
 .text.usbd_edpt_xfer
                0x10007eb8       0x48 CMakeFiles/r3_rp2040_fw.dir/C_/Users/hra/Documents/github/sangria_firmware/pico-sdk/lib/tinyusb/src/device/usbd.c.obj
                0x10007eb8                usbd_edpt_xfer
 .text.usbd_edpt_busy
                0x10007f00       0x1c CMakeFiles/r3_rp2040_fw.dir/C_/Users/hra/Documents/github/sangria_firmware/pico-sdk/lib/tinyusb/src/device/usbd.c.obj
                0x10007f00                usbd_edpt_busy
 .text.tud_control_status
                0x10007f1c       0x30 CMakeFiles/r3_rp2040_fw.dir/C_/Users/hra/Documents/github/sangria_firmware/pico-sdk/lib/tinyusb/src/device/usbd_control.c.obj
                0x10007f1c                tud_control_status
 .text.tud_control_xfer
                0x10007f4c       0xbc CMakeFiles/r3_rp2040_fw.dir/C_/Users/hra/Documents/github/sangria_firmware/pico-sdk/lib/tinyusb/src/device/usbd_control.c.obj
                0x10007f4c                tud_control_xfer
 .text.usbd_control_reset
                0x10008008       0x14 CMakeFiles/r3_rp2040_fw.dir/C_/Users/hra/Documents/github/sangria_firmware/pico-sdk/lib/tinyusb/src/device/usbd_control.c.obj
                0x10008008                usbd_control_reset
 .text.usbd_control_set_complete_callback
                0x1000801c        0xc CMakeFiles/r3_rp2040_fw.dir/C_/Users/hra/Documents/github/sangria_firmware/pico-sdk/lib/tinyusb/src/device/usbd_control.c.obj
                0x1000801c                usbd_control_set_complete_callback
 .text.usbd_control_set_request
                0x10008028       0x1c CMakeFiles/r3_rp2040_fw.dir/C_/Users/hra/Documents/github/sangria_firmware/pico-sdk/lib/tinyusb/src/device/usbd_control.c.obj
                0x10008028                usbd_control_set_request
 .text.usbd_control_xfer_cb
                0x10008044       0xfc CMakeFiles/r3_rp2040_fw.dir/C_/Users/hra/Documents/github/sangria_firmware/pico-sdk/lib/tinyusb/src/device/usbd_control.c.obj
                0x10008044                usbd_control_xfer_cb
 .text.tud_hid_n_ready
                0x10008140       0x38 CMakeFiles/r3_rp2040_fw.dir/C_/Users/hra/Documents/github/sangria_firmware/pico-sdk/lib/tinyusb/src/class/hid/hid_device.c.obj
                0x10008140                tud_hid_n_ready
 .text.tud_hid_n_keyboard_report
                0x10008178       0x8c CMakeFiles/r3_rp2040_fw.dir/C_/Users/hra/Documents/github/sangria_firmware/pico-sdk/lib/tinyusb/src/class/hid/hid_device.c.obj
                0x10008178                tud_hid_n_keyboard_report
 .text.hidd_init
                0x10008204       0x14 CMakeFiles/r3_rp2040_fw.dir/C_/Users/hra/Documents/github/sangria_firmware/pico-sdk/lib/tinyusb/src/class/hid/hid_device.c.obj
                0x10008204                hidd_init
 .text.hidd_reset
                0x10008218       0x14 CMakeFiles/r3_rp2040_fw.dir/C_/Users/hra/Documents/github/sangria_firmware/pico-sdk/lib/tinyusb/src/class/hid/hid_device.c.obj
                0x10008218                hidd_reset
 .text.hidd_open
                0x1000822c       0x8c CMakeFiles/r3_rp2040_fw.dir/C_/Users/hra/Documents/github/sangria_firmware/pico-sdk/lib/tinyusb/src/class/hid/hid_device.c.obj
                0x1000822c                hidd_open
 .text.hidd_control_xfer_cb
                0x100082b8      0x1a4 CMakeFiles/r3_rp2040_fw.dir/C_/Users/hra/Documents/github/sangria_firmware/pico-sdk/lib/tinyusb/src/class/hid/hid_device.c.obj
                0x100082b8                hidd_control_xfer_cb
 .text.hidd_xfer_cb
                0x1000845c       0x64 CMakeFiles/r3_rp2040_fw.dir/C_/Users/hra/Documents/github/sangria_firmware/pico-sdk/lib/tinyusb/src/class/hid/hid_device.c.obj
                0x1000845c                hidd_xfer_cb
 .text.tusb_init
                0x100084c0        0xc CMakeFiles/r3_rp2040_fw.dir/C_/Users/hra/Documents/github/sangria_firmware/pico-sdk/lib/tinyusb/src/tusb.c.obj
                0x100084c0                tusb_init
 .text.tusb_inited
                0x100084cc        0x8 CMakeFiles/r3_rp2040_fw.dir/C_/Users/hra/Documents/github/sangria_firmware/pico-sdk/lib/tinyusb/src/tusb.c.obj
                0x100084cc                tusb_inited
 .text.tu_edpt_validate
                0x100084d4       0x78 CMakeFiles/r3_rp2040_fw.dir/C_/Users/hra/Documents/github/sangria_firmware/pico-sdk/lib/tinyusb/src/tusb.c.obj
                0x100084d4                tu_edpt_validate
 .text.tu_edpt_bind_driver
                0x1000854c       0x2c CMakeFiles/r3_rp2040_fw.dir/C_/Users/hra/Documents/github/sangria_firmware/pico-sdk/lib/tinyusb/src/tusb.c.obj
                0x1000854c                tu_edpt_bind_driver
 .text.tu_fifo_read
                0x10008578       0x9c CMakeFiles/r3_rp2040_fw.dir/C_/Users/hra/Documents/github/sangria_firmware/pico-sdk/lib/tinyusb/src/common/tusb_fifo.c.obj
                0x10008578                tu_fifo_read
 .text.tu_fifo_write
                0x10008614       0x7c CMakeFiles/r3_rp2040_fw.dir/C_/Users/hra/Documents/github/sangria_firmware/pico-sdk/lib/tinyusb/src/common/tusb_fifo.c.obj
                0x10008614                tu_fifo_write
 .text.tu_fifo_clear
                0x10008690       0x4c CMakeFiles/r3_rp2040_fw.dir/C_/Users/hra/Documents/github/sangria_firmware/pico-sdk/lib/tinyusb/src/common/tusb_fifo.c.obj
                0x10008690                tu_fifo_clear
 .text.board_init
                0x100086dc       0x30 CMakeFiles/r3_rp2040_fw.dir/C_/Users/hra/Documents/github/sangria_firmware/pico-sdk/lib/tinyusb/hw/bsp/rp2040/family.c.obj
                0x100086dc                board_init
 .text.adc_init
                0x1000870c       0x38 CMakeFiles/r3_rp2040_fw.dir/C_/Users/hra/Documents/github/sangria_firmware/pico-sdk/src/rp2_common/hardware_adc/adc.c.obj
                0x1000870c                adc_init
 .text.__cxa_guard_acquire
                0x10008744       0x38 c:/progra~2/gnu arm embedded toolchain/10 2020-q4-major/bin/../lib/gcc/arm-none-eabi/10.2.1/../../../../arm-none-eabi/lib/thumb/v6-m/nofp\libstdc++.a(guard.o)
                0x10008744                __cxa_guard_acquire
 .text.__cxa_guard_release
                0x1000877c        0x8 c:/progra~2/gnu arm embedded toolchain/10 2020-q4-major/bin/../lib/gcc/arm-none-eabi/10.2.1/../../../../arm-none-eabi/lib/thumb/v6-m/nofp\libstdc++.a(guard.o)
                0x1000877c                __cxa_guard_release
 .text._ZN9__gnu_cxx20recursive_init_errorD2Ev
                0x10008784       0x18 c:/progra~2/gnu arm embedded toolchain/10 2020-q4-major/bin/../lib/gcc/arm-none-eabi/10.2.1/../../../../arm-none-eabi/lib/thumb/v6-m/nofp\libstdc++.a(guard_error.o)
                0x10008784                __gnu_cxx::recursive_init_error::~recursive_init_error()
                0x10008784                __gnu_cxx::recursive_init_error::~recursive_init_error()
 .text._ZN9__gnu_cxx20recursive_init_errorD0Ev
                0x1000879c       0x20 c:/progra~2/gnu arm embedded toolchain/10 2020-q4-major/bin/../lib/gcc/arm-none-eabi/10.2.1/../../../../arm-none-eabi/lib/thumb/v6-m/nofp\libstdc++.a(guard_error.o)
                0x1000879c                __gnu_cxx::recursive_init_error::~recursive_init_error()
 .text._ZN9__gnu_cxx20recursive_init_errorC2Ev
                0x100087bc        0xc c:/progra~2/gnu arm embedded toolchain/10 2020-q4-major/bin/../lib/gcc/arm-none-eabi/10.2.1/../../../../arm-none-eabi/lib/thumb/v6-m/nofp\libstdc++.a(guard_error.o)
                0x100087bc                __gnu_cxx::recursive_init_error::recursive_init_error()
                0x100087bc                __gnu_cxx::recursive_init_error::recursive_init_error()
 .text._ZN10__cxxabiv120__si_class_type_infoD2Ev
                0x100087c8       0x18 c:/progra~2/gnu arm embedded toolchain/10 2020-q4-major/bin/../lib/gcc/arm-none-eabi/10.2.1/../../../../arm-none-eabi/lib/thumb/v6-m/nofp\libstdc++.a(si_class_type_info.o)
                0x100087c8                __cxxabiv1::__si_class_type_info::~__si_class_type_info()
                0x100087c8                __cxxabiv1::__si_class_type_info::~__si_class_type_info()
 .text._ZN10__cxxabiv120__si_class_type_infoD0Ev
                0x100087e0       0x20 c:/progra~2/gnu arm embedded toolchain/10 2020-q4-major/bin/../lib/gcc/arm-none-eabi/10.2.1/../../../../arm-none-eabi/lib/thumb/v6-m/nofp\libstdc++.a(si_class_type_info.o)
                0x100087e0                __cxxabiv1::__si_class_type_info::~__si_class_type_info()
 .text._ZNK10__cxxabiv120__si_class_type_info20__do_find_public_srcEiPKvPKNS_17__class_type_infoES2_
                0x10008800       0x38 c:/progra~2/gnu arm embedded toolchain/10 2020-q4-major/bin/../lib/gcc/arm-none-eabi/10.2.1/../../../../arm-none-eabi/lib/thumb/v6-m/nofp\libstdc++.a(si_class_type_info.o)
                0x10008800                __cxxabiv1::__si_class_type_info::__do_find_public_src(int, void const*, __cxxabiv1::__class_type_info const*, void const*) const
 .text._ZNK10__cxxabiv120__si_class_type_info12__do_dyncastEiNS_17__class_type_info10__sub_kindEPKS1_PKvS4_S6_RNS1_16__dyncast_resultE
                0x10008838       0x9c c:/progra~2/gnu arm embedded toolchain/10 2020-q4-major/bin/../lib/gcc/arm-none-eabi/10.2.1/../../../../arm-none-eabi/lib/thumb/v6-m/nofp\libstdc++.a(si_class_type_info.o)
                0x10008838                __cxxabiv1::__si_class_type_info::__do_dyncast(int, __cxxabiv1::__class_type_info::__sub_kind, __cxxabiv1::__class_type_info const*, void const*, __cxxabiv1::__class_type_info const*, void const*, __cxxabiv1::__class_type_info::__dyncast_result&) const
 .text._ZNK10__cxxabiv120__si_class_type_info11__do_upcastEPKNS_17__class_type_infoEPKvRNS1_15__upcast_resultE
                0x100088d4       0x24 c:/progra~2/gnu arm embedded toolchain/10 2020-q4-major/bin/../lib/gcc/arm-none-eabi/10.2.1/../../../../arm-none-eabi/lib/thumb/v6-m/nofp\libstdc++.a(si_class_type_info.o)
                0x100088d4                __cxxabiv1::__si_class_type_info::__do_upcast(__cxxabiv1::__class_type_info const*, void const*, __cxxabiv1::__class_type_info::__upcast_result&) const
 .text._ZNSt9type_infoD2Ev
                0x100088f8        0x4 c:/progra~2/gnu arm embedded toolchain/10 2020-q4-major/bin/../lib/gcc/arm-none-eabi/10.2.1/../../../../arm-none-eabi/lib/thumb/v6-m/nofp\libstdc++.a(tinfo.o)
                0x100088f8                std::type_info::~type_info()
                0x100088f8                std::type_info::~type_info()
 .text._ZNKSt9type_info14__is_pointer_pEv
                0x100088fc        0x4 c:/progra~2/gnu arm embedded toolchain/10 2020-q4-major/bin/../lib/gcc/arm-none-eabi/10.2.1/../../../../arm-none-eabi/lib/thumb/v6-m/nofp\libstdc++.a(tinfo.o)
                0x100088fc                std::type_info::__is_pointer_p() const
                0x100088fc                std::type_info::__is_function_p() const
 .text._ZNKSt9type_infoeqERKS_
                0x10008900       0x30 c:/progra~2/gnu arm embedded toolchain/10 2020-q4-major/bin/../lib/gcc/arm-none-eabi/10.2.1/../../../../arm-none-eabi/lib/thumb/v6-m/nofp\libstdc++.a(tinfo.o)
                0x10008900                std::type_info::operator==(std::type_info const&) const
 .text._ZNK10__cxxabiv117__class_type_info11__do_upcastEPKS0_PPv
                0x10008930       0x34 c:/progra~2/gnu arm embedded toolchain/10 2020-q4-major/bin/../lib/gcc/arm-none-eabi/10.2.1/../../../../arm-none-eabi/lib/thumb/v6-m/nofp\libstdc++.a(class_type_info.o)
                0x10008930                __cxxabiv1::__class_type_info::__do_upcast(__cxxabiv1::__class_type_info const*, void**) const
 .text._ZNK10__cxxabiv117__class_type_info20__do_find_public_srcEiPKvPKS0_S2_
                0x10008964       0x14 c:/progra~2/gnu arm embedded toolchain/10 2020-q4-major/bin/../lib/gcc/arm-none-eabi/10.2.1/../../../../arm-none-eabi/lib/thumb/v6-m/nofp\libstdc++.a(class_type_info.o)
                0x10008964                __cxxabiv1::__class_type_info::__do_find_public_src(int, void const*, __cxxabiv1::__class_type_info const*, void const*) const
 .text._ZN10__cxxabiv117__class_type_infoD2Ev
                0x10008978       0x18 c:/progra~2/gnu arm embedded toolchain/10 2020-q4-major/bin/../lib/gcc/arm-none-eabi/10.2.1/../../../../arm-none-eabi/lib/thumb/v6-m/nofp\libstdc++.a(class_type_info.o)
                0x10008978                __cxxabiv1::__class_type_info::~__class_type_info()
                0x10008978                __cxxabiv1::__class_type_info::~__class_type_info()
 .text._ZN10__cxxabiv117__class_type_infoD0Ev
                0x10008990       0x20 c:/progra~2/gnu arm embedded toolchain/10 2020-q4-major/bin/../lib/gcc/arm-none-eabi/10.2.1/../../../../arm-none-eabi/lib/thumb/v6-m/nofp\libstdc++.a(class_type_info.o)
                0x10008990                __cxxabiv1::__class_type_info::~__class_type_info()
 .text._ZNK10__cxxabiv117__class_type_info12__do_dyncastEiNS0_10__sub_kindEPKS0_PKvS3_S5_RNS0_16__dyncast_resultE
                0x100089b0       0x40 c:/progra~2/gnu arm embedded toolchain/10 2020-q4-major/bin/../lib/gcc/arm-none-eabi/10.2.1/../../../../arm-none-eabi/lib/thumb/v6-m/nofp\libstdc++.a(class_type_info.o)
                0x100089b0                __cxxabiv1::__class_type_info::__do_dyncast(int, __cxxabiv1::__class_type_info::__sub_kind, __cxxabiv1::__class_type_info const*, void const*, __cxxabiv1::__class_type_info const*, void const*, __cxxabiv1::__class_type_info::__dyncast_result&) const
 .text._ZNK10__cxxabiv117__class_type_info11__do_upcastEPKS0_PKvRNS0_15__upcast_resultE
                0x100089f0       0x1c c:/progra~2/gnu arm embedded toolchain/10 2020-q4-major/bin/../lib/gcc/arm-none-eabi/10.2.1/../../../../arm-none-eabi/lib/thumb/v6-m/nofp\libstdc++.a(class_type_info.o)
                0x100089f0                __cxxabiv1::__class_type_info::__do_upcast(__cxxabiv1::__class_type_info const*, void const*, __cxxabiv1::__class_type_info::__upcast_result&) const
 .text._ZNK10__cxxabiv117__class_type_info10__do_catchEPKSt9type_infoPPvj
                0x10008a0c       0x24 c:/progra~2/gnu arm embedded toolchain/10 2020-q4-major/bin/../lib/gcc/arm-none-eabi/10.2.1/../../../../arm-none-eabi/lib/thumb/v6-m/nofp\libstdc++.a(class_type_info.o)
                0x10008a0c                __cxxabiv1::__class_type_info::__do_catch(std::type_info const*, void**, unsigned int) const
 .text._ZN12_GLOBAL__N_14pool4freeEPv.constprop.0
                0x10008a30       0x78 c:/progra~2/gnu arm embedded toolchain/10 2020-q4-major/bin/../lib/gcc/arm-none-eabi/10.2.1/../../../../arm-none-eabi/lib/thumb/v6-m/nofp\libstdc++.a(eh_alloc.o)
 .text._ZN12_GLOBAL__N_14pool8allocateEj.constprop.0
                0x10008aa8       0x54 c:/progra~2/gnu arm embedded toolchain/10 2020-q4-major/bin/../lib/gcc/arm-none-eabi/10.2.1/../../../../arm-none-eabi/lib/thumb/v6-m/nofp\libstdc++.a(eh_alloc.o)
 .text.__cxa_allocate_exception
                0x10008afc       0x2c c:/progra~2/gnu arm embedded toolchain/10 2020-q4-major/bin/../lib/gcc/arm-none-eabi/10.2.1/../../../../arm-none-eabi/lib/thumb/v6-m/nofp\libstdc++.a(eh_alloc.o)
                0x10008afc                __cxa_allocate_exception
 .text.__cxa_free_exception
                0x10008b28       0x24 c:/progra~2/gnu arm embedded toolchain/10 2020-q4-major/bin/../lib/gcc/arm-none-eabi/10.2.1/../../../../arm-none-eabi/lib/thumb/v6-m/nofp\libstdc++.a(eh_alloc.o)
                0x10008b28                __cxa_free_exception
 .text.startup._GLOBAL__sub_I__ZN9__gnu_cxx9__freeresEv
                0x10008b4c       0x2c c:/progra~2/gnu arm embedded toolchain/10 2020-q4-major/bin/../lib/gcc/arm-none-eabi/10.2.1/../../../../arm-none-eabi/lib/thumb/v6-m/nofp\libstdc++.a(eh_alloc.o)
 .text._ZNSt9exceptionD2Ev
                0x10008b78        0x4 c:/progra~2/gnu arm embedded toolchain/10 2020-q4-major/bin/../lib/gcc/arm-none-eabi/10.2.1/../../../../arm-none-eabi/lib/thumb/v6-m/nofp\libstdc++.a(eh_exception.o)
                0x10008b78                std::exception::~exception()
                0x10008b78                std::exception::~exception()
 .text._ZNSt13bad_exceptionD2Ev
                0x10008b7c        0x4 c:/progra~2/gnu arm embedded toolchain/10 2020-q4-major/bin/../lib/gcc/arm-none-eabi/10.2.1/../../../../arm-none-eabi/lib/thumb/v6-m/nofp\libstdc++.a(eh_exception.o)
                0x10008b7c                std::bad_exception::~bad_exception()
                0x10008b7c                std::bad_exception::~bad_exception()
 .text._ZNKSt9exception4whatEv
                0x10008b80        0x8 c:/progra~2/gnu arm embedded toolchain/10 2020-q4-major/bin/../lib/gcc/arm-none-eabi/10.2.1/../../../../arm-none-eabi/lib/thumb/v6-m/nofp\libstdc++.a(eh_exception.o)
                0x10008b80                std::exception::what() const
                0x10008b80                transaction clone for std::exception::what() const
 .text._ZNKSt13bad_exception4whatEv
                0x10008b88        0x8 c:/progra~2/gnu arm embedded toolchain/10 2020-q4-major/bin/../lib/gcc/arm-none-eabi/10.2.1/../../../../arm-none-eabi/lib/thumb/v6-m/nofp\libstdc++.a(eh_exception.o)
                0x10008b88                std::bad_exception::what() const
                0x10008b88                transaction clone for std::bad_exception::what() const
 .text._ZNSt13bad_exceptionD0Ev
                0x10008b90       0x10 c:/progra~2/gnu arm embedded toolchain/10 2020-q4-major/bin/../lib/gcc/arm-none-eabi/10.2.1/../../../../arm-none-eabi/lib/thumb/v6-m/nofp\libstdc++.a(eh_exception.o)
                0x10008b90                std::bad_exception::~bad_exception()
 .text._ZN10__cxxabiv111__terminateEPFvvE
                0x10008ba0       0x28 c:/progra~2/gnu arm embedded toolchain/10 2020-q4-major/bin/../lib/gcc/arm-none-eabi/10.2.1/../../../../arm-none-eabi/lib/thumb/v6-m/nofp\libstdc++.a(eh_terminate.o)
                0x10008ba0                __cxxabiv1::__terminate(void (*)())
 .text._ZSt9terminatev
                0x10008bc8       0x10 c:/progra~2/gnu arm embedded toolchain/10 2020-q4-major/bin/../lib/gcc/arm-none-eabi/10.2.1/../../../../arm-none-eabi/lib/thumb/v6-m/nofp\libstdc++.a(eh_terminate.o)
                0x10008bc8                std::terminate()
 .text._ZN10__cxxabiv112__unexpectedEPFvvE
                0x10008bd8        0x8 c:/progra~2/gnu arm embedded toolchain/10 2020-q4-major/bin/../lib/gcc/arm-none-eabi/10.2.1/../../../../arm-none-eabi/lib/thumb/v6-m/nofp\libstdc++.a(eh_terminate.o)
                0x10008bd8                __cxxabiv1::__unexpected(void (*)())
 .text._ZSt10unexpectedv
                0x10008be0       0x10 c:/progra~2/gnu arm embedded toolchain/10 2020-q4-major/bin/../lib/gcc/arm-none-eabi/10.2.1/../../../../arm-none-eabi/lib/thumb/v6-m/nofp\libstdc++.a(eh_terminate.o)
                0x10008be0                std::unexpected()
 .text._ZSt13get_terminatev
                0x10008bf0        0xc c:/progra~2/gnu arm embedded toolchain/10 2020-q4-major/bin/../lib/gcc/arm-none-eabi/10.2.1/../../../../arm-none-eabi/lib/thumb/v6-m/nofp\libstdc++.a(eh_terminate.o)
                0x10008bf0                std::get_terminate()
 .text._ZSt14get_unexpectedv
                0x10008bfc        0xc c:/progra~2/gnu arm embedded toolchain/10 2020-q4-major/bin/../lib/gcc/arm-none-eabi/10.2.1/../../../../arm-none-eabi/lib/thumb/v6-m/nofp\libstdc++.a(eh_terminate.o)
                0x10008bfc                std::get_unexpected()
 .text._ZL23__gxx_exception_cleanup19_Unwind_Reason_CodeP21_Unwind_Control_Block
                0x10008c08       0x34 c:/progra~2/gnu arm embedded toolchain/10 2020-q4-major/bin/../lib/gcc/arm-none-eabi/10.2.1/../../../../arm-none-eabi/lib/thumb/v6-m/nofp\libstdc++.a(eh_throw.o)
 .text.__cxa_init_primary_exception
                0x10008c3c       0x4c c:/progra~2/gnu arm embedded toolchain/10 2020-q4-major/bin/../lib/gcc/arm-none-eabi/10.2.1/../../../../arm-none-eabi/lib/thumb/v6-m/nofp\libstdc++.a(eh_throw.o)
                0x10008c3c                __cxa_init_primary_exception
 .text.__cxa_throw
                0x10008c88       0x34 c:/progra~2/gnu arm embedded toolchain/10 2020-q4-major/bin/../lib/gcc/arm-none-eabi/10.2.1/../../../../arm-none-eabi/lib/thumb/v6-m/nofp\libstdc++.a(eh_throw.o)
                0x10008c88                __cxa_throw
 .text.__cxa_rethrow
                0x10008cbc       0x70 c:/progra~2/gnu arm embedded toolchain/10 2020-q4-major/bin/../lib/gcc/arm-none-eabi/10.2.1/../../../../arm-none-eabi/lib/thumb/v6-m/nofp\libstdc++.a(eh_throw.o)
                0x10008cbc                __cxa_rethrow
 .text._ZN9__gnu_cxx27__verbose_terminate_handlerEv
                0x10008d2c      0x114 c:/progra~2/gnu arm embedded toolchain/10 2020-q4-major/bin/../lib/gcc/arm-none-eabi/10.2.1/../../../../arm-none-eabi/lib/thumb/v6-m/nofp\libstdc++.a(vterminate.o)
                0x10008d2c                __gnu_cxx::__verbose_terminate_handler()
 .text          0x10008e40     0x67ec c:/progra~2/gnu arm embedded toolchain/10 2020-q4-major/bin/../lib/gcc/arm-none-eabi/10.2.1/../../../../arm-none-eabi/lib/thumb/v6-m/nofp\libstdc++.a(cp-demangle.o)
                0x1000f538                __cxa_demangle
                0x1000f60c                __gcclibcxx_demangle_callback
 .text.__cxa_end_cleanup
                0x1000f62c        0xc c:/progra~2/gnu arm embedded toolchain/10 2020-q4-major/bin/../lib/gcc/arm-none-eabi/10.2.1/../../../../arm-none-eabi/lib/thumb/v6-m/nofp\libstdc++.a(eh_arm.o)
                0x1000f62c                __cxa_end_cleanup
 .text.__cxa_type_match
                0x1000f638       0xc0 c:/progra~2/gnu arm embedded toolchain/10 2020-q4-major/bin/../lib/gcc/arm-none-eabi/10.2.1/../../../../arm-none-eabi/lib/thumb/v6-m/nofp\libstdc++.a(eh_arm.o)
                0x1000f638                __cxa_type_match
 .text.__cxa_begin_cleanup
                0x1000f6f8       0x60 c:/progra~2/gnu arm embedded toolchain/10 2020-q4-major/bin/../lib/gcc/arm-none-eabi/10.2.1/../../../../arm-none-eabi/lib/thumb/v6-m/nofp\libstdc++.a(eh_arm.o)
                0x1000f6f8                __cxa_begin_cleanup
 .text.__gnu_end_cleanup
                0x1000f758       0x70 c:/progra~2/gnu arm embedded toolchain/10 2020-q4-major/bin/../lib/gcc/arm-none-eabi/10.2.1/../../../../arm-none-eabi/lib/thumb/v6-m/nofp\libstdc++.a(eh_arm.o)
                0x1000f758                __gnu_end_cleanup
 .text._ZN10__cxxabiv1L24__is_gxx_exception_classEPc
                0x1000f7c8       0x3c c:/progra~2/gnu arm embedded toolchain/10 2020-q4-major/bin/../lib/gcc/arm-none-eabi/10.2.1/../../../../arm-none-eabi/lib/thumb/v6-m/nofp\libstdc++.a(eh_call.o)
 .text.__cxa_call_terminate
                0x1000f804       0x20 c:/progra~2/gnu arm embedded toolchain/10 2020-q4-major/bin/../lib/gcc/arm-none-eabi/10.2.1/../../../../arm-none-eabi/lib/thumb/v6-m/nofp\libstdc++.a(eh_call.o)
                0x1000f804                __cxa_call_terminate
 .text.unlikely.__cxa_call_unexpected
                0x1000f824      0x100 c:/progra~2/gnu arm embedded toolchain/10 2020-q4-major/bin/../lib/gcc/arm-none-eabi/10.2.1/../../../../arm-none-eabi/lib/thumb/v6-m/nofp\libstdc++.a(eh_call.o)
                0x1000f824                __cxa_call_unexpected
 .text.__cxa_begin_catch
                0x1000f924       0x74 c:/progra~2/gnu arm embedded toolchain/10 2020-q4-major/bin/../lib/gcc/arm-none-eabi/10.2.1/../../../../arm-none-eabi/lib/thumb/v6-m/nofp\libstdc++.a(eh_catch.o)
                0x1000f924                __cxa_begin_catch
 .text.__cxa_end_catch
                0x1000f998       0x90 c:/progra~2/gnu arm embedded toolchain/10 2020-q4-major/bin/../lib/gcc/arm-none-eabi/10.2.1/../../../../arm-none-eabi/lib/thumb/v6-m/nofp\libstdc++.a(eh_catch.o)
                0x1000f998                __cxa_end_catch
 .text.__cxa_get_globals_fast
                0x1000fa28        0x8 c:/progra~2/gnu arm embedded toolchain/10 2020-q4-major/bin/../lib/gcc/arm-none-eabi/10.2.1/../../../../arm-none-eabi/lib/thumb/v6-m/nofp\libstdc++.a(eh_globals.o)
                0x1000fa28                __cxa_get_globals_fast
 .text.__cxa_get_globals
                0x1000fa30        0x8 c:/progra~2/gnu arm embedded toolchain/10 2020-q4-major/bin/../lib/gcc/arm-none-eabi/10.2.1/../../../../arm-none-eabi/lib/thumb/v6-m/nofp\libstdc++.a(eh_globals.o)
                0x1000fa30                __cxa_get_globals
 .text._ZL28read_encoded_value_with_basehjPKhPj
                0x1000fa38      0x114 c:/progra~2/gnu arm embedded toolchain/10 2020-q4-major/bin/../lib/gcc/arm-none-eabi/10.2.1/../../../../arm-none-eabi/lib/thumb/v6-m/nofp\libstdc++.a(eh_personality.o)
 .text._ZL21base_of_encoded_valuehP15_Unwind_Context
                0x1000fb4c       0x48 c:/progra~2/gnu arm embedded toolchain/10 2020-q4-major/bin/../lib/gcc/arm-none-eabi/10.2.1/../../../../arm-none-eabi/lib/thumb/v6-m/nofp\libstdc++.a(eh_personality.o)
 .text._ZL17parse_lsda_headerP15_Unwind_ContextPKhP16lsda_header_info
                0x1000fb94       0x98 c:/progra~2/gnu arm embedded toolchain/10 2020-q4-major/bin/../lib/gcc/arm-none-eabi/10.2.1/../../../../arm-none-eabi/lib/thumb/v6-m/nofp\libstdc++.a(eh_personality.o)
 .text.__gxx_personality_v0
                0x1000fc2c      0x4c8 c:/progra~2/gnu arm embedded toolchain/10 2020-q4-major/bin/../lib/gcc/arm-none-eabi/10.2.1/../../../../arm-none-eabi/lib/thumb/v6-m/nofp\libstdc++.a(eh_personality.o)
                0x1000fc2c                __gxx_personality_v0
 .text.__cxa_current_exception_type
                0x100100f4       0x20 c:/progra~2/gnu arm embedded toolchain/10 2020-q4-major/bin/../lib/gcc/arm-none-eabi/10.2.1/../../../../arm-none-eabi/lib/thumb/v6-m/nofp\libstdc++.a(eh_type.o)
                0x100100f4                __cxa_current_exception_type
 .text.abort    0x10010114       0x10 c:/progra~2/gnu arm embedded toolchain/10 2020-q4-major/bin/../lib/gcc/arm-none-eabi/10.2.1/../../../../arm-none-eabi/lib/thumb/v6-m/nofp\libc.a(lib_a-abort.o)
                0x10010114                abort
 .text.fputc    0x10010124       0x58 c:/progra~2/gnu arm embedded toolchain/10 2020-q4-major/bin/../lib/gcc/arm-none-eabi/10.2.1/../../../../arm-none-eabi/lib/thumb/v6-m/nofp\libc.a(lib_a-fputc.o)
                0x10010124                fputc
 .text._fputs_r
                0x1001017c       0x8c c:/progra~2/gnu arm embedded toolchain/10 2020-q4-major/bin/../lib/gcc/arm-none-eabi/10.2.1/../../../../arm-none-eabi/lib/thumb/v6-m/nofp\libc.a(lib_a-fputs.o)
                0x1001017c                _fputs_r
 .text.fputs    0x10010208       0x18 c:/progra~2/gnu arm embedded toolchain/10 2020-q4-major/bin/../lib/gcc/arm-none-eabi/10.2.1/../../../../arm-none-eabi/lib/thumb/v6-m/nofp\libc.a(lib_a-fputs.o)
                0x10010208                fputs
 .text.__sfvwrite_r
                0x10010220      0x2f4 c:/progra~2/gnu arm embedded toolchain/10 2020-q4-major/bin/../lib/gcc/arm-none-eabi/10.2.1/../../../../arm-none-eabi/lib/thumb/v6-m/nofp\libc.a(lib_a-fvwrite.o)
                0x10010220                __sfvwrite_r
 .text._fwrite_r
                0x10010514       0xb0 c:/progra~2/gnu arm embedded toolchain/10 2020-q4-major/bin/../lib/gcc/arm-none-eabi/10.2.1/../../../../arm-none-eabi/lib/thumb/v6-m/nofp\libc.a(lib_a-fwrite.o)
                0x10010514                _fwrite_r
 .text.fwrite   0x100105c4       0x20 c:/progra~2/gnu arm embedded toolchain/10 2020-q4-major/bin/../lib/gcc/arm-none-eabi/10.2.1/../../../../arm-none-eabi/lib/thumb/v6-m/nofp\libc.a(lib_a-fwrite.o)
                0x100105c4                fwrite
 .text.__retarget_lock_init_recursive
                0x100105e4        0x4 c:/progra~2/gnu arm embedded toolchain/10 2020-q4-major/bin/../lib/gcc/arm-none-eabi/10.2.1/../../../../arm-none-eabi/lib/thumb/v6-m/nofp\libc.a(lib_a-lock.o)
                0x100105e4                __retarget_lock_init_recursive
 .text.__retarget_lock_close_recursive
                0x100105e8        0x4 c:/progra~2/gnu arm embedded toolchain/10 2020-q4-major/bin/../lib/gcc/arm-none-eabi/10.2.1/../../../../arm-none-eabi/lib/thumb/v6-m/nofp\libc.a(lib_a-lock.o)
                0x100105e8                __retarget_lock_close_recursive
 .text.__retarget_lock_acquire_recursive
                0x100105ec        0x4 c:/progra~2/gnu arm embedded toolchain/10 2020-q4-major/bin/../lib/gcc/arm-none-eabi/10.2.1/../../../../arm-none-eabi/lib/thumb/v6-m/nofp\libc.a(lib_a-lock.o)
                0x100105ec                __retarget_lock_acquire_recursive
 .text.__retarget_lock_release_recursive
                0x100105f0        0x4 c:/progra~2/gnu arm embedded toolchain/10 2020-q4-major/bin/../lib/gcc/arm-none-eabi/10.2.1/../../../../arm-none-eabi/lib/thumb/v6-m/nofp\libc.a(lib_a-lock.o)
                0x100105f0                __retarget_lock_release_recursive
 .text.malloc   0x100105f4       0x14 c:/progra~2/gnu arm embedded toolchain/10 2020-q4-major/bin/../lib/gcc/arm-none-eabi/10.2.1/../../../../arm-none-eabi/lib/thumb/v6-m/nofp\libc.a(lib_a-malloc.o)
                0x100105f4                malloc
 .text.free     0x10010608       0x14 c:/progra~2/gnu arm embedded toolchain/10 2020-q4-major/bin/../lib/gcc/arm-none-eabi/10.2.1/../../../../arm-none-eabi/lib/thumb/v6-m/nofp\libc.a(lib_a-malloc.o)
                0x10010608                free
 .text._malloc_r
                0x1001061c      0x580 c:/progra~2/gnu arm embedded toolchain/10 2020-q4-major/bin/../lib/gcc/arm-none-eabi/10.2.1/../../../../arm-none-eabi/lib/thumb/v6-m/nofp\libc.a(lib_a-mallocr.o)
                0x1001061c                _malloc_r
 .text.__malloc_lock
                0x10010b9c       0x10 c:/progra~2/gnu arm embedded toolchain/10 2020-q4-major/bin/../lib/gcc/arm-none-eabi/10.2.1/../../../../arm-none-eabi/lib/thumb/v6-m/nofp\libc.a(lib_a-mlock.o)
                0x10010b9c                __malloc_lock
 .text.__malloc_unlock
                0x10010bac       0x10 c:/progra~2/gnu arm embedded toolchain/10 2020-q4-major/bin/../lib/gcc/arm-none-eabi/10.2.1/../../../../arm-none-eabi/lib/thumb/v6-m/nofp\libc.a(lib_a-mlock.o)
                0x10010bac                __malloc_unlock
 .text._putc_r  0x10010bbc       0x74 c:/progra~2/gnu arm embedded toolchain/10 2020-q4-major/bin/../lib/gcc/arm-none-eabi/10.2.1/../../../../arm-none-eabi/lib/thumb/v6-m/nofp\libc.a(lib_a-putc.o)
                0x10010bbc                _putc_r
 .text.realloc  0x10010c30       0x18 c:/progra~2/gnu arm embedded toolchain/10 2020-q4-major/bin/../lib/gcc/arm-none-eabi/10.2.1/../../../../arm-none-eabi/lib/thumb/v6-m/nofp\libc.a(lib_a-realloc.o)
                0x10010c30                realloc
 .text._realloc_r
                0x10010c48      0x358 c:/progra~2/gnu arm embedded toolchain/10 2020-q4-major/bin/../lib/gcc/arm-none-eabi/10.2.1/../../../../arm-none-eabi/lib/thumb/v6-m/nofp\libc.a(lib_a-reallocr.o)
                0x10010c48                _realloc_r
 .text._sbrk_r  0x10010fa0       0x24 c:/progra~2/gnu arm embedded toolchain/10 2020-q4-major/bin/../lib/gcc/arm-none-eabi/10.2.1/../../../../arm-none-eabi/lib/thumb/v6-m/nofp\libc.a(lib_a-sbrkr.o)
                0x10010fa0                _sbrk_r
 .text.raise    0x10010fc4       0x60 c:/progra~2/gnu arm embedded toolchain/10 2020-q4-major/bin/../lib/gcc/arm-none-eabi/10.2.1/../../../../arm-none-eabi/lib/thumb/v6-m/nofp\libc.a(lib_a-signal.o)
                0x10010fc4                raise
 .text._kill_r  0x10011024       0x28 c:/progra~2/gnu arm embedded toolchain/10 2020-q4-major/bin/../lib/gcc/arm-none-eabi/10.2.1/../../../../arm-none-eabi/lib/thumb/v6-m/nofp\libc.a(lib_a-signalr.o)
                0x10011024                _kill_r
 .text._getpid_r
                0x1001104c        0x8 c:/progra~2/gnu arm embedded toolchain/10 2020-q4-major/bin/../lib/gcc/arm-none-eabi/10.2.1/../../../../arm-none-eabi/lib/thumb/v6-m/nofp\libc.a(lib_a-signalr.o)
                0x1001104c                _getpid_r
 .text          0x10011054       0x88 c:/progra~2/gnu arm embedded toolchain/10 2020-q4-major/bin/../lib/gcc/arm-none-eabi/10.2.1/../../../../arm-none-eabi/lib/thumb/v6-m/nofp\libc.a(lib_a-strcmp.o)
                0x10011054                strcmp
 .text.strlen   0x100110dc       0x5c c:/progra~2/gnu arm embedded toolchain/10 2020-q4-major/bin/../lib/gcc/arm-none-eabi/10.2.1/../../../../arm-none-eabi/lib/thumb/v6-m/nofp\libc.a(lib_a-strlen-stub.o)
                0x100110dc                strlen
 .text.strncmp  0x10011138       0x74 c:/progra~2/gnu arm embedded toolchain/10 2020-q4-major/bin/../lib/gcc/arm-none-eabi/10.2.1/../../../../arm-none-eabi/lib/thumb/v6-m/nofp\libc.a(lib_a-strncmp.o)
                0x10011138                strncmp
 .text.__swbuf_r
                0x100111ac       0xc8 c:/progra~2/gnu arm embedded toolchain/10 2020-q4-major/bin/../lib/gcc/arm-none-eabi/10.2.1/../../../../arm-none-eabi/lib/thumb/v6-m/nofp\libc.a(lib_a-wbuf.o)
                0x100111ac                __swbuf_r
 .text._write_r
                0x10011274       0x28 c:/progra~2/gnu arm embedded toolchain/10 2020-q4-major/bin/../lib/gcc/arm-none-eabi/10.2.1/../../../../arm-none-eabi/lib/thumb/v6-m/nofp\libc.a(lib_a-writer.o)
                0x10011274                _write_r
 .text.__swsetup_r
                0x1001129c       0xdc c:/progra~2/gnu arm embedded toolchain/10 2020-q4-major/bin/../lib/gcc/arm-none-eabi/10.2.1/../../../../arm-none-eabi/lib/thumb/v6-m/nofp\libc.a(lib_a-wsetup.o)
                0x1001129c                __swsetup_r
 .text.__sflush_r
                0x10011378      0x140 c:/progra~2/gnu arm embedded toolchain/10 2020-q4-major/bin/../lib/gcc/arm-none-eabi/10.2.1/../../../../arm-none-eabi/lib/thumb/v6-m/nofp\libc.a(lib_a-fflush.o)
                0x10011378                __sflush_r
 .text._fflush_r
                0x100114b8       0x6c c:/progra~2/gnu arm embedded toolchain/10 2020-q4-major/bin/../lib/gcc/arm-none-eabi/10.2.1/../../../../arm-none-eabi/lib/thumb/v6-m/nofp\libc.a(lib_a-fflush.o)
                0x100114b8                _fflush_r
 .text._cleanup_r
                0x10011524       0x10 c:/progra~2/gnu arm embedded toolchain/10 2020-q4-major/bin/../lib/gcc/arm-none-eabi/10.2.1/../../../../arm-none-eabi/lib/thumb/v6-m/nofp\libc.a(lib_a-findfp.o)
                0x10011524                _cleanup_r
 .text.__sinit  0x10011534      0x120 c:/progra~2/gnu arm embedded toolchain/10 2020-q4-major/bin/../lib/gcc/arm-none-eabi/10.2.1/../../../../arm-none-eabi/lib/thumb/v6-m/nofp\libc.a(lib_a-findfp.o)
                0x10011534                __sinit
 .text.__sfp_lock_acquire
                0x10011654       0x10 c:/progra~2/gnu arm embedded toolchain/10 2020-q4-major/bin/../lib/gcc/arm-none-eabi/10.2.1/../../../../arm-none-eabi/lib/thumb/v6-m/nofp\libc.a(lib_a-findfp.o)
                0x10011654                __sfp_lock_acquire
 .text.__sfp_lock_release
                0x10011664       0x10 c:/progra~2/gnu arm embedded toolchain/10 2020-q4-major/bin/../lib/gcc/arm-none-eabi/10.2.1/../../../../arm-none-eabi/lib/thumb/v6-m/nofp\libc.a(lib_a-findfp.o)
                0x10011664                __sfp_lock_release
 .text._malloc_trim_r
                0x10011674       0x9c c:/progra~2/gnu arm embedded toolchain/10 2020-q4-major/bin/../lib/gcc/arm-none-eabi/10.2.1/../../../../arm-none-eabi/lib/thumb/v6-m/nofp\libc.a(lib_a-freer.o)