Archive member included to satisfy reference by file (symbol)

c:/progra~2/gnu arm embedded toolchain/10 2020-q4-major/bin/../lib/gcc/arm-none-eabi/10.2.1/thumb/v6-m/nofp\libgcc.a(_dvmd_tls.o)
                              CMakeFiles/sangria_firmware.dir/C_/Users/hra/Documents/github/sangria_firmware/pico-sdk/src/rp2_common/pico_divider/divider.S.obj (__aeabi_idiv0)
c:/progra~2/gnu arm embedded toolchain/10 2020-q4-major/bin/../lib/gcc/arm-none-eabi/10.2.1/../../../../arm-none-eabi/lib/thumb/v6-m/nofp\libc.a(lib_a-calloc.o)
                              CMakeFiles/sangria_firmware.dir/C_/Users/hra/Documents/github/sangria_firmware/pico-sdk/src/rp2_common/pico_malloc/pico_malloc.c.obj (calloc)
c:/progra~2/gnu arm embedded toolchain/10 2020-q4-major/bin/../lib/gcc/arm-none-eabi/10.2.1/../../../../arm-none-eabi/lib/thumb/v6-m/nofp\libc.a(lib_a-callocr.o)
                              c:/progra~2/gnu arm embedded toolchain/10 2020-q4-major/bin/../lib/gcc/arm-none-eabi/10.2.1/../../../../arm-none-eabi/lib/thumb/v6-m/nofp\libc.a(lib_a-calloc.o) (_calloc_r)
c:/progra~2/gnu arm embedded toolchain/10 2020-q4-major/bin/../lib/gcc/arm-none-eabi/10.2.1/../../../../arm-none-eabi/lib/thumb/v6-m/nofp\libc.a(lib_a-impure.o)
                              c:/progra~2/gnu arm embedded toolchain/10 2020-q4-major/bin/../lib/gcc/arm-none-eabi/10.2.1/../../../../arm-none-eabi/lib/thumb/v6-m/nofp\libc.a(lib_a-calloc.o) (_impure_ptr)
c:/progra~2/gnu arm embedded toolchain/10 2020-q4-major/bin/../lib/gcc/arm-none-eabi/10.2.1/../../../../arm-none-eabi/lib/thumb/v6-m/nofp\libc.a(lib_a-init.o)
                              c:/progra~2/gnu arm embedded toolchain/10 2020-q4-major/bin/../lib/gcc/arm-none-eabi/10.2.1/../../../../arm-none-eabi/lib/thumb/v6-m/nofp/crt0.o (__libc_init_array)
c:/progra~2/gnu arm embedded toolchain/10 2020-q4-major/bin/../lib/gcc/arm-none-eabi/10.2.1/../../../../arm-none-eabi/lib/thumb/v6-m/nofp\libc.a(lib_a-malloc.o)
                              CMakeFiles/sangria_firmware.dir/C_/Users/hra/Documents/github/sangria_firmware/pico-sdk/src/rp2_common/pico_malloc/pico_malloc.c.obj (malloc)
c:/progra~2/gnu arm embedded toolchain/10 2020-q4-major/bin/../lib/gcc/arm-none-eabi/10.2.1/../../../../arm-none-eabi/lib/thumb/v6-m/nofp\libc.a(lib_a-mallocr.o)
                              c:/progra~2/gnu arm embedded toolchain/10 2020-q4-major/bin/../lib/gcc/arm-none-eabi/10.2.1/../../../../arm-none-eabi/lib/thumb/v6-m/nofp\libc.a(lib_a-callocr.o) (_malloc_r)
c:/progra~2/gnu arm embedded toolchain/10 2020-q4-major/bin/../lib/gcc/arm-none-eabi/10.2.1/../../../../arm-none-eabi/lib/thumb/v6-m/nofp\libc.a(lib_a-mlock.o)
                              c:/progra~2/gnu arm embedded toolchain/10 2020-q4-major/bin/../lib/gcc/arm-none-eabi/10.2.1/../../../../arm-none-eabi/lib/thumb/v6-m/nofp\libc.a(lib_a-mallocr.o) (__malloc_lock)
c:/progra~2/gnu arm embedded toolchain/10 2020-q4-major/bin/../lib/gcc/arm-none-eabi/10.2.1/../../../../arm-none-eabi/lib/thumb/v6-m/nofp\libc.a(lib_a-realloc.o)
                              CMakeFiles/sangria_firmware.dir/C_/Users/hra/Documents/github/sangria_firmware/pico-sdk/src/rp2_common/pico_malloc/pico_malloc.c.obj (realloc)
c:/progra~2/gnu arm embedded toolchain/10 2020-q4-major/bin/../lib/gcc/arm-none-eabi/10.2.1/../../../../arm-none-eabi/lib/thumb/v6-m/nofp\libc.a(lib_a-reallocr.o)
                              c:/progra~2/gnu arm embedded toolchain/10 2020-q4-major/bin/../lib/gcc/arm-none-eabi/10.2.1/../../../../arm-none-eabi/lib/thumb/v6-m/nofp\libc.a(lib_a-realloc.o) (_realloc_r)
c:/progra~2/gnu arm embedded toolchain/10 2020-q4-major/bin/../lib/gcc/arm-none-eabi/10.2.1/../../../../arm-none-eabi/lib/thumb/v6-m/nofp\libc.a(lib_a-sbrkr.o)
                              c:/progra~2/gnu arm embedded toolchain/10 2020-q4-major/bin/../lib/gcc/arm-none-eabi/10.2.1/../../../../arm-none-eabi/lib/thumb/v6-m/nofp\libc.a(lib_a-mallocr.o) (_sbrk_r)
c:/progra~2/gnu arm embedded toolchain/10 2020-q4-major/bin/../lib/gcc/arm-none-eabi/10.2.1/../../../../arm-none-eabi/lib/thumb/v6-m/nofp\libc.a(lib_a-strlen-stub.o)
                              CMakeFiles/sangria_firmware.dir/C_/Users/hra/Documents/github/sangria_firmware/pico-sdk/src/rp2_common/pico_stdio/stdio.c.obj (strlen)
c:/progra~2/gnu arm embedded toolchain/10 2020-q4-major/bin/../lib/gcc/arm-none-eabi/10.2.1/../../../../arm-none-eabi/lib/thumb/v6-m/nofp\libc.a(lib_a-freer.o)
                              c:/progra~2/gnu arm embedded toolchain/10 2020-q4-major/bin/../lib/gcc/arm-none-eabi/10.2.1/../../../../arm-none-eabi/lib/thumb/v6-m/nofp\libc.a(lib_a-malloc.o) (_free_r)
c:/progra~2/gnu arm embedded toolchain/10 2020-q4-major/bin/../lib/gcc/arm-none-eabi/10.2.1/../../../../arm-none-eabi/lib/thumb/v6-m/nofp\libc.a(lib_a-lock.o)
                              c:/progra~2/gnu arm embedded toolchain/10 2020-q4-major/bin/../lib/gcc/arm-none-eabi/10.2.1/../../../../arm-none-eabi/lib/thumb/v6-m/nofp\libc.a(lib_a-mlock.o) (__retarget_lock_acquire_recursive)
[...]
Memory Configuration

Name             Origin             Length             Attributes
FLASH            0x10000000         0x00200000         xr
RAM              0x20000000         0x00040000         xrw
SCRATCH_X        0x20040000         0x00001000         xrw
SCRATCH_Y        0x20041000         0x00001000         xrw
*default*        0x00000000         0xffffffff

Linker script and memory map

LOAD c:/progra~2/gnu arm embedded toolchain/10 2020-q4-major/bin/../lib/gcc/arm-none-eabi/10.2.1/thumb/v6-m/nofp/crti.o
LOAD c:/progra~2/gnu arm embedded toolchain/10 2020-q4-major/bin/../lib/gcc/arm-none-eabi/10.2.1/thumb/v6-m/nofp/crtbegin.o
LOAD c:/progra~2/gnu arm embedded toolchain/10 2020-q4-major/bin/../lib/gcc/arm-none-eabi/10.2.1/../../../../arm-none-eabi/lib/thumb/v6-m/nofp/crt0.o

.flash_begin    0x10000000        0x0
                0x10000000                __flash_binary_start = .

.boot2          0x10000000      0x100
                0x10000000                __boot2_start__ = .
 *(.boot2)
 .boot2         0x10000000      0x100 C:\Users\hra\AppData\Local\Temp\cc7mWrYl.o
                0x10000100                __boot2_end__ = .
                0x00000001                ASSERT (((__boot2_end__ - __boot2_start__) == 0x100), ERROR: Pico second stage bootloader must be 256 bytes in size)

.text           0x10000100     0x7918
                0x10000100                __logical_binary_start = .
 *(.vectors)
 .vectors       0x10000100       0xd4 CMakeFiles/sangria_firmware.dir/C_/Users/hra/Documents/github/sangria_firmware/pico-sdk/src/rp2_common/pico_standard_link/crt0.S.obj
                0x10000100                __VECTOR_TABLE
                0x10000100                __vectors
                0x100001c0                isr_invalid
                0x100001c0                __default_isrs_start
                0x100001c2                isr_nmi
                0x100001c4                isr_hardfault
                0x100001c6                isr_svcall
                0x100001c8                isr_pendsv
                0x100001ca                isr_systick
                0x100001cc                isr_irq23
                0x100001cc                isr_irq18
                0x100001cc                isr_irq11
                0x100001cc                isr_irq28
                0x100001cc                isr_irq19
                0x100001cc                isr_irq0
                0x100001cc                isr_irq6
                0x100001cc                isr_irq5
                0x100001cc                isr_irq12
                0x100001cc                isr_irq22
                0x100001cc                isr_irq31
                0x100001cc                isr_irq17
                0x100001cc                isr_irq27
                0x100001cc                isr_irq30
                0x100001cc                isr_irq2
                0x100001cc                isr_irq10
                0x100001cc                isr_irq8
                0x100001cc                isr_irq24
                0x100001cc                isr_irq1
                0x100001cc                isr_irq7
                0x100001cc                isr_irq21
                0x100001cc                isr_irq20
                0x100001cc                isr_irq15
                0x100001cc                isr_irq25
                0x100001cc                isr_irq13
                0x100001cc                __unhandled_user_irq
                0x100001cc                isr_irq4
                0x100001cc                isr_irq16
                0x100001cc                isr_irq29
                0x100001cc                isr_irq26
                0x100001cc                __default_isrs_end
                0x100001cc                isr_irq3
                0x100001cc                isr_irq14
                0x100001cc                isr_irq9
                0x100001d2                unhandled_user_irq_num_in_r0
 *(.binary_info_header)
 .binary_info_header
                0x100001d4       0x14 CMakeFiles/sangria_firmware.dir/C_/Users/hra/Documents/github/sangria_firmware/pico-sdk/src/rp2_common/pico_standard_link/crt0.S.obj
                0x100001e8                __binary_info_header_end = .
 *(.reset)
 .reset         0x100001e8       0xa8 CMakeFiles/sangria_firmware.dir/C_/Users/hra/Documents/github/sangria_firmware/pico-sdk/src/rp2_common/pico_standard_link/crt0.S.obj
                0x100001e8                _entry_point
                0x10000266                __get_current_exception
 .reset         0x10000290       0x30 CMakeFiles/sangria_firmware.dir/C_/Users/hra/Documents/github/sangria_firmware/pico-sdk/src/rp2_common/pico_standard_link/binary_info.c.obj
 *(.init)
 .init          0x100002c0        0x4 c:/progra~2/gnu arm embedded toolchain/10 2020-q4-major/bin/../lib/gcc/arm-none-eabi/10.2.1/thumb/v6-m/nofp/crti.o
                0x100002c0                _init
 *(EXCLUDE_FILE(*libm.a: *libc.a:*lib_a-mem*.o *libgcc.a:) .text*)
 .text          0x100002c4       0x48 c:/progra~2/gnu arm embedded toolchain/10 2020-q4-major/bin/../lib/gcc/arm-none-eabi/10.2.1/thumb/v6-m/nofp/crtbegin.o
 .text._ZL10key_updatev
                0x1000030c       0x8c CMakeFiles/sangria_firmware.dir/main.cpp.obj
 .text.startup.main
                0x10000398       0xd0 CMakeFiles/sangria_firmware.dir/main.cpp.obj
                0x10000398                main
 .text.startup._GLOBAL__sub_I_jogdial
                0x10000468       0x24 CMakeFiles/sangria_firmware.dir/main.cpp.obj
 .text._ZN16CSANGRIA_JOGDIALC2Ev
                0x1000048c       0x6c CMakeFiles/sangria_firmware.dir/sangria_jogdial.cpp.obj
                0x1000048c                CSANGRIA_JOGDIAL::CSANGRIA_JOGDIAL()
                0x1000048c                CSANGRIA_JOGDIAL::CSANGRIA_JOGDIAL()
 .text._ZN16CSANGRIA_JOGDIAL6updateEv
                0x100004f8       0x14 CMakeFiles/sangria_firmware.dir/sangria_jogdial.cpp.obj
                0x100004f8                CSANGRIA_JOGDIAL::update()
 .text._ZN16CSANGRIA_JOGDIAL15get_back_buttonEv
                0x1000050c        0x8 CMakeFiles/sangria_firmware.dir/sangria_jogdial.cpp.obj
                0x1000050c                CSANGRIA_JOGDIAL::get_back_button()
 .text._ZN16CSANGRIA_JOGDIAL16get_enter_buttonEv
                0x10000514        0xc CMakeFiles/sangria_firmware.dir/sangria_jogdial.cpp.obj
                0x10000514                CSANGRIA_JOGDIAL::get_enter_button()
 .text._ZN16CSANGRIA_JOGDIAL13get_up_buttonEv
                0x10000520       0x18 CMakeFiles/sangria_firmware.dir/sangria_jogdial.cpp.obj
                0x10000520                CSANGRIA_JOGDIAL::get_up_button()
 .text._ZN16CSANGRIA_JOGDIAL15get_down_buttonEv
                0x10000538       0x18 CMakeFiles/sangria_firmware.dir/sangria_jogdial.cpp.obj
                0x10000538                CSANGRIA_JOGDIAL::get_down_button()
 .text._ZN17CSANGRIA_KEYBOARDC2Ev
                0x10000550      0x11c CMakeFiles/sangria_firmware.dir/sangria_keyboard.cpp.obj
                0x10000550                CSANGRIA_KEYBOARD::CSANGRIA_KEYBOARD()
                0x10000550                CSANGRIA_KEYBOARD::CSANGRIA_KEYBOARD()
 .text._ZN17CSANGRIA_KEYBOARD6updateEv
                0x1000066c       0x7c CMakeFiles/sangria_firmware.dir/sangria_keyboard.cpp.obj
                0x1000066c                CSANGRIA_KEYBOARD::update()
 .text._ZN17CSANGRIA_KEYBOARD9backlightEb
                0x100006e8       0x14 CMakeFiles/sangria_firmware.dir/sangria_keyboard.cpp.obj
                0x100006e8                CSANGRIA_KEYBOARD::backlight(bool)
 .text._ZN13CSANGRIA_OLED6updateEv
                0x100006fc      0x184 CMakeFiles/sangria_firmware.dir/sangria_oled.cpp.obj
                0x100006fc                CSANGRIA_OLED::update()
 .text._ZN13CSANGRIA_OLEDC2Ev
                0x10000880      0x154 CMakeFiles/sangria_firmware.dir/sangria_oled.cpp.obj
                0x10000880                CSANGRIA_OLED::CSANGRIA_OLED()
                0x10000880                CSANGRIA_OLED::CSANGRIA_OLED()
 .text._ZN13CSANGRIA_OLED5clearEv
                0x100009d4       0x10 CMakeFiles/sangria_firmware.dir/sangria_oled.cpp.obj
                0x100009d4                CSANGRIA_OLED::clear()
 .text._ZN13CSANGRIA_OLED4copyEPKhiiii
                0x100009e4       0x54 CMakeFiles/sangria_firmware.dir/sangria_oled.cpp.obj
                0x100009e4                CSANGRIA_OLED::copy(unsigned char const*, int, int, int, int)
 .text.gpio_set_function
                0x10000a38       0x30 CMakeFiles/sangria_firmware.dir/C_/Users/hra/Documents/github/sangria_firmware/pico-sdk/src/rp2_common/hardware_gpio/gpio.c.obj
                0x10000a38                gpio_set_function
 .text.gpio_set_pulls
                0x10000a68       0x30 CMakeFiles/sangria_firmware.dir/C_/Users/hra/Documents/github/sangria_firmware/pico-sdk/src/rp2_common/hardware_gpio/gpio.c.obj
                0x10000a68                gpio_set_pulls
 .text.gpio_init
                0x10000a98       0x3c CMakeFiles/sangria_firmware.dir/C_/Users/hra/Documents/github/sangria_firmware/pico-sdk/src/rp2_common/hardware_gpio/gpio.c.obj
                0x10000a98                gpio_init
 .text.hw_claim_or_assert
                0x10000ad4       0x44 CMakeFiles/sangria_firmware.dir/C_/Users/hra/Documents/github/sangria_firmware/pico-sdk/src/rp2_common/hardware_claim/claim.c.obj
                0x10000ad4                hw_claim_or_assert
 .text.hw_claim_unused_from_range
                0x10000b18       0x9c CMakeFiles/sangria_firmware.dir/C_/Users/hra/Documents/github/sangria_firmware/pico-sdk/src/rp2_common/hardware_claim/claim.c.obj
                0x10000b18                hw_claim_unused_from_range
 .text.running_on_fpga
                0x10000bb4       0x10 CMakeFiles/sangria_firmware.dir/C_/Users/hra/Documents/github/sangria_firmware/pico-sdk/src/rp2_common/pico_platform/platform.c.obj
                0x10000bb4                running_on_fpga
 .text.spin_locks_reset
                0x10000bc4       0x1c CMakeFiles/sangria_firmware.dir/C_/Users/hra/Documents/github/sangria_firmware/pico-sdk/src/rp2_common/hardware_sync/sync.c.obj
                0x10000bc4                spin_locks_reset
 .text.next_striped_spin_lock_num
                0x10000be0       0x18 CMakeFiles/sangria_firmware.dir/C_/Users/hra/Documents/github/sangria_firmware/pico-sdk/src/rp2_common/hardware_sync/sync.c.obj
                0x10000be0                next_striped_spin_lock_num
 .text.spin_lock_claim_unused
                0x10000bf8       0x20 CMakeFiles/sangria_firmware.dir/C_/Users/hra/Documents/github/sangria_firmware/pico-sdk/src/rp2_common/hardware_sync/sync.c.obj
                0x10000bf8                spin_lock_claim_unused
 .text.irq_set_enabled
                0x10000c18       0x24 CMakeFiles/sangria_firmware.dir/C_/Users/hra/Documents/github/sangria_firmware/pico-sdk/src/rp2_common/hardware_irq/irq.c.obj
                0x10000c18                irq_set_enabled
 .text.irq_set_pending
                0x10000c3c       0x10 CMakeFiles/sangria_firmware.dir/C_/Users/hra/Documents/github/sangria_firmware/pico-sdk/src/rp2_common/hardware_irq/irq.c.obj
                0x10000c3c                irq_set_pending
 .text.irq_has_shared_handler
                0x10000c4c       0x2c CMakeFiles/sangria_firmware.dir/C_/Users/hra/Documents/github/sangria_firmware/pico-sdk/src/rp2_common/hardware_irq/irq.c.obj
                0x10000c4c                irq_has_shared_handler
 .text.irq_get_vtable_handler
                0x10000c78       0x10 CMakeFiles/sangria_firmware.dir/C_/Users/hra/Documents/github/sangria_firmware/pico-sdk/src/rp2_common/hardware_irq/irq.c.obj
                0x10000c78                irq_get_vtable_handler
 .text.irq_set_exclusive_handler
                0x10000c88       0x54 CMakeFiles/sangria_firmware.dir/C_/Users/hra/Documents/github/sangria_firmware/pico-sdk/src/rp2_common/hardware_irq/irq.c.obj
                0x10000c88                irq_set_exclusive_handler
 .text.irq_add_shared_handler
                0x10000cdc      0x1e4 CMakeFiles/sangria_firmware.dir/C_/Users/hra/Documents/github/sangria_firmware/pico-sdk/src/rp2_common/hardware_irq/irq.c.obj
                0x10000cdc                irq_add_shared_handler
 .text.irq_remove_handler
                0x10000ec0      0x1b4 CMakeFiles/sangria_firmware.dir/C_/Users/hra/Documents/github/sangria_firmware/pico-sdk/src/rp2_common/hardware_irq/irq.c.obj
                0x10000ec0                irq_remove_handler
 .text.irq_add_tail_to_free_list
                0x10001074       0xb4 CMakeFiles/sangria_firmware.dir/C_/Users/hra/Documents/github/sangria_firmware/pico-sdk/src/rp2_common/hardware_irq/irq.c.obj
                0x10001074                irq_add_tail_to_free_list
 .text.irq_init_priorities
                0x10001128       0x24 CMakeFiles/sangria_firmware.dir/C_/Users/hra/Documents/github/sangria_firmware/pico-sdk/src/rp2_common/hardware_irq/irq.c.obj
                0x10001128                irq_init_priorities
 .text.user_irq_claim_unused
                0x1000114c       0x30 CMakeFiles/sangria_firmware.dir/C_/Users/hra/Documents/github/sangria_firmware/pico-sdk/src/rp2_common/hardware_irq/irq.c.obj
                0x1000114c                user_irq_claim_unused
 .text.lock_init
                0x1000117c       0x10 CMakeFiles/sangria_firmware.dir/C_/Users/hra/Documents/github/sangria_firmware/pico-sdk/src/common/pico_sync/lock_core.c.obj
                0x1000117c                lock_init
 .text.timer_pool_entry_comparator
                0x1000118c       0x34 CMakeFiles/sangria_firmware.dir/C_/Users/hra/Documents/github/sangria_firmware/pico-sdk/src/common/pico_time/time.c.obj
                0x1000118c                timer_pool_entry_comparator
 .text.sleep_until_callback
                0x100011c0       0x30 CMakeFiles/sangria_firmware.dir/C_/Users/hra/Documents/github/sangria_firmware/pico-sdk/src/common/pico_time/time.c.obj
 .text.add_alarm_under_lock.isra.0
                0x100011f0      0x100 CMakeFiles/sangria_firmware.dir/C_/Users/hra/Documents/github/sangria_firmware/pico-sdk/src/common/pico_time/time.c.obj
 .text.alarm_pool_alarm_callback
                0x100012f0      0x1c8 CMakeFiles/sangria_firmware.dir/C_/Users/hra/Documents/github/sangria_firmware/pico-sdk/src/common/pico_time/time.c.obj
 .text.alarm_pool_add_alarm_at.constprop.0
                0x100014b8      0x11c CMakeFiles/sangria_firmware.dir/C_/Users/hra/Documents/github/sangria_firmware/pico-sdk/src/common/pico_time/time.c.obj
 .text.alarm_pool_init_default
                0x100015d4       0x64 CMakeFiles/sangria_firmware.dir/C_/Users/hra/Documents/github/sangria_firmware/pico-sdk/src/common/pico_time/time.c.obj
                0x100015d4                alarm_pool_init_default
 .text.alarm_pool_get_default
                0x10001638        0x8 CMakeFiles/sangria_firmware.dir/C_/Users/hra/Documents/github/sangria_firmware/pico-sdk/src/common/pico_time/time.c.obj
                0x10001638                alarm_pool_get_default
 .text.alarm_pool_add_alarm_at
                0x10001640      0x198 CMakeFiles/sangria_firmware.dir/C_/Users/hra/Documents/github/sangria_firmware/pico-sdk/src/common/pico_time/time.c.obj
                0x10001640                alarm_pool_add_alarm_at
 .text.sleep_until
                0x100017d8       0xac CMakeFiles/sangria_firmware.dir/C_/Users/hra/Documents/github/sangria_firmware/pico-sdk/src/common/pico_time/time.c.obj
                0x100017d8                sleep_until
 .text.sleep_us
                0x10001884       0x30 CMakeFiles/sangria_firmware.dir/C_/Users/hra/Documents/github/sangria_firmware/pico-sdk/src/common/pico_time/time.c.obj
                0x10001884                sleep_us
 .text.sleep_ms
                0x100018b4       0x38 CMakeFiles/sangria_firmware.dir/C_/Users/hra/Documents/github/sangria_firmware/pico-sdk/src/common/pico_time/time.c.obj
                0x100018b4                sleep_ms
 .text.best_effort_wfe_or_timeout
                0x100018ec       0xd4 CMakeFiles/sangria_firmware.dir/C_/Users/hra/Documents/github/sangria_firmware/pico-sdk/src/common/pico_time/time.c.obj
                0x100018ec                best_effort_wfe_or_timeout
 .text.hardware_alarm_irq_handler
                0x100019c0       0xb8 CMakeFiles/sangria_firmware.dir/C_/Users/hra/Documents/github/sangria_firmware/pico-sdk/src/rp2_common/hardware_timer/timer.c.obj
 .text.hardware_alarm_claim
                0x10001a78       0x18 CMakeFiles/sangria_firmware.dir/C_/Users/hra/Documents/github/sangria_firmware/pico-sdk/src/rp2_common/hardware_timer/timer.c.obj
                0x10001a78                hardware_alarm_claim
 .text.time_us_64
                0x10001a90       0x14 CMakeFiles/sangria_firmware.dir/C_/Users/hra/Documents/github/sangria_firmware/pico-sdk/src/rp2_common/hardware_timer/timer.c.obj
                0x10001a90                time_us_64
 .text.busy_wait_until
                0x10001aa4       0x20 CMakeFiles/sangria_firmware.dir/C_/Users/hra/Documents/github/sangria_firmware/pico-sdk/src/rp2_common/hardware_timer/timer.c.obj
                0x10001aa4                busy_wait_until
 .text.hardware_alarm_set_callback
                0x10001ac4       0x8c CMakeFiles/sangria_firmware.dir/C_/Users/hra/Documents/github/sangria_firmware/pico-sdk/src/rp2_common/hardware_timer/timer.c.obj
                0x10001ac4                hardware_alarm_set_callback
 .text.hardware_alarm_set_target
                0x10001b50       0xe0 CMakeFiles/sangria_firmware.dir/C_/Users/hra/Documents/github/sangria_firmware/pico-sdk/src/rp2_common/hardware_timer/timer.c.obj
                0x10001b50                hardware_alarm_set_target
 .text.hardware_alarm_cancel
                0x10001c30       0x3c CMakeFiles/sangria_firmware.dir/C_/Users/hra/Documents/github/sangria_firmware/pico-sdk/src/rp2_common/hardware_timer/timer.c.obj
                0x10001c30                hardware_alarm_cancel
 .text.ph_merge_nodes
                0x10001c6c       0x68 CMakeFiles/sangria_firmware.dir/C_/Users/hra/Documents/github/sangria_firmware/pico-sdk/src/common/pico_util/pheap.c.obj
 .text.ph_post_alloc_init
                0x10001cd4       0x3c CMakeFiles/sangria_firmware.dir/C_/Users/hra/Documents/github/sangria_firmware/pico-sdk/src/common/pico_util/pheap.c.obj
                0x10001cd4                ph_post_alloc_init
 .text.ph_merge_two_pass
                0x10001d10       0x90 CMakeFiles/sangria_firmware.dir/C_/Users/hra/Documents/github/sangria_firmware/pico-sdk/src/common/pico_util/pheap.c.obj
                0x10001d10                ph_merge_two_pass
 .text.ph_remove_any_head
                0x10001da0       0xf8 CMakeFiles/sangria_firmware.dir/C_/Users/hra/Documents/github/sangria_firmware/pico-sdk/src/common/pico_util/pheap.c.obj
 .text.ph_remove_head
                0x10001e98       0xfc CMakeFiles/sangria_firmware.dir/C_/Users/hra/Documents/github/sangria_firmware/pico-sdk/src/common/pico_util/pheap.c.obj
                0x10001e98                ph_remove_head
 .text.ph_remove_and_free_node
                0x10001f94       0x7c CMakeFiles/sangria_firmware.dir/C_/Users/hra/Documents/github/sangria_firmware/pico-sdk/src/common/pico_util/pheap.c.obj
                0x10001f94                ph_remove_and_free_node
 .text.mutex_init
                0x10002010       0x1c CMakeFiles/sangria_firmware.dir/C_/Users/hra/Documents/github/sangria_firmware/pico-sdk/src/common/pico_sync/mutex.c.obj
                0x10002010                mutex_init
 .text.recursive_mutex_init
                0x1000202c       0x1c CMakeFiles/sangria_firmware.dir/C_/Users/hra/Documents/github/sangria_firmware/pico-sdk/src/common/pico_sync/mutex.c.obj
                0x1000202c                recursive_mutex_init
 .text.critical_section_init
                0x10002048       0x20 CMakeFiles/sangria_firmware.dir/C_/Users/hra/Documents/github/sangria_firmware/pico-sdk/src/common/pico_sync/critical_section.c.obj
                0x10002048                critical_section_init
 .text.runtime_init
                0x10002068       0xf0 CMakeFiles/sangria_firmware.dir/C_/Users/hra/Documents/github/sangria_firmware/pico-sdk/src/rp2_common/pico_runtime/runtime.c.obj
                0x10002068                runtime_init
 .text.exit     0x10002158        0x4 CMakeFiles/sangria_firmware.dir/C_/Users/hra/Documents/github/sangria_firmware/pico-sdk/src/rp2_common/pico_runtime/runtime.c.obj
                0x10002158                exit
 .text.panic    0x1000215c       0x30 CMakeFiles/sangria_firmware.dir/C_/Users/hra/Documents/github/sangria_firmware/pico-sdk/src/rp2_common/pico_runtime/runtime.c.obj
                0x1000215c                panic
 .text.hard_assertion_failure
                0x1000218c        0xc CMakeFiles/sangria_firmware.dir/C_/Users/hra/Documents/github/sangria_firmware/pico-sdk/src/rp2_common/pico_runtime/runtime.c.obj
                0x1000218c                hard_assertion_failure
 .text.clocks_init
                0x10002198      0x2bc CMakeFiles/sangria_firmware.dir/C_/Users/hra/Documents/github/sangria_firmware/pico-sdk/src/rp2_common/hardware_clocks/clocks.c.obj
                0x10002198                clocks_init
 .text.clock_get_hz
                0x10002454        0xc CMakeFiles/sangria_firmware.dir/C_/Users/hra/Documents/github/sangria_firmware/pico-sdk/src/rp2_common/hardware_clocks/clocks.c.obj
                0x10002454                clock_get_hz
 .text.pll_init
                0x10002460       0xb0 CMakeFiles/sangria_firmware.dir/C_/Users/hra/Documents/github/sangria_firmware/pico-sdk/src/rp2_common/hardware_pll/pll.c.obj
                0x10002460                pll_init
 .text.watchdog_start_tick
                0x10002510       0x10 CMakeFiles/sangria_firmware.dir/C_/Users/hra/Documents/github/sangria_firmware/pico-sdk/src/rp2_common/hardware_watchdog/watchdog.c.obj
                0x10002510                watchdog_start_tick
 .text.watchdog_reboot
                0x10002520       0x98 CMakeFiles/sangria_firmware.dir/C_/Users/hra/Documents/github/sangria_firmware/pico-sdk/src/rp2_common/hardware_watchdog/watchdog.c.obj
                0x10002520                watchdog_reboot
 .text.xosc_init
                0x100025b8       0x28 CMakeFiles/sangria_firmware.dir/C_/Users/hra/Documents/github/sangria_firmware/pico-sdk/src/rp2_common/hardware_xosc/xosc.c.obj
                0x100025b8                xosc_init
 .text._out_null
                0x100025e0        0x4 CMakeFiles/sangria_firmware.dir/C_/Users/hra/Documents/github/sangria_firmware/pico-sdk/src/rp2_common/pico_printf/printf.c.obj
 .text._out_rev
                0x100025e4       0x9c CMakeFiles/sangria_firmware.dir/C_/Users/hra/Documents/github/sangria_firmware/pico-sdk/src/rp2_common/pico_printf/printf.c.obj
 .text._ntoa_format
                0x10002680      0x1cc CMakeFiles/sangria_firmware.dir/C_/Users/hra/Documents/github/sangria_firmware/pico-sdk/src/rp2_common/pico_printf/printf.c.obj
 .text._out_char
                0x1000284c       0x10 CMakeFiles/sangria_firmware.dir/C_/Users/hra/Documents/github/sangria_firmware/pico-sdk/src/rp2_common/pico_printf/printf.c.obj
 .text._out_fct
                0x1000285c       0x10 CMakeFiles/sangria_firmware.dir/C_/Users/hra/Documents/github/sangria_firmware/pico-sdk/src/rp2_common/pico_printf/printf.c.obj
 .text._etoa    0x1000286c      0x44c CMakeFiles/sangria_firmware.dir/C_/Users/hra/Documents/github/sangria_firmware/pico-sdk/src/rp2_common/pico_printf/printf.c.obj
 .text._ftoa    0x10002cb8      0x398 CMakeFiles/sangria_firmware.dir/C_/Users/hra/Documents/github/sangria_firmware/pico-sdk/src/rp2_common/pico_printf/printf.c.obj
 .text._vsnprintf
                0x10003050      0xb04 CMakeFiles/sangria_firmware.dir/C_/Users/hra/Documents/github/sangria_firmware/pico-sdk/src/rp2_common/pico_printf/printf.c.obj
 .text.vfctprintf
                0x10003b54       0x20 CMakeFiles/sangria_firmware.dir/C_/Users/hra/Documents/github/sangria_firmware/pico-sdk/src/rp2_common/pico_printf/printf.c.obj
                0x10003b54                vfctprintf
 .text.weak_raw_vprintf
                0x10003b74       0x30 CMakeFiles/sangria_firmware.dir/C_/Users/hra/Documents/github/sangria_firmware/pico-sdk/src/rp2_common/pico_printf/printf.c.obj
                0x10003b74                weak_raw_vprintf
 .text          0x10003ba4       0x10 CMakeFiles/sangria_firmware.dir/C_/Users/hra/Documents/github/sangria_firmware/pico-sdk/src/rp2_common/pico_bit_ops/bit_ops_aeabi.S.obj
 .text.rom_func_lookup
                0x10003bb4       0x10 CMakeFiles/sangria_firmware.dir/C_/Users/hra/Documents/github/sangria_firmware/pico-sdk/src/rp2_common/pico_bootrom/bootrom.c.obj
                0x10003bb4                rom_func_lookup
 .text.rom_data_lookup
                0x10003bc4       0x10 CMakeFiles/sangria_firmware.dir/C_/Users/hra/Documents/github/sangria_firmware/pico-sdk/src/rp2_common/pico_bootrom/bootrom.c.obj
                0x10003bc4                rom_data_lookup
 .text.rom_funcs_lookup
                0x10003bd4       0x44 CMakeFiles/sangria_firmware.dir/C_/Users/hra/Documents/github/sangria_firmware/pico-sdk/src/rp2_common/pico_bootrom/bootrom.c.obj
                0x10003bd4                rom_funcs_lookup
 .text.__wrap___aeabi_idiv
                0x10003c18       0x50 CMakeFiles/sangria_firmware.dir/C_/Users/hra/Documents/github/sangria_firmware/pico-sdk/src/rp2_common/pico_divider/divider.S.obj
                0x10003c18                __wrap___aeabi_idivmod
                0x10003c18                divmod_s32s32
                0x10003c18                div_s32s32
                0x10003c18                __wrap___aeabi_idiv
                0x10003c20                divmod_s32s32_unsafe
                0x10003c4c                divmod_s32s32_savestate
 .text.__wrap___aeabi_uidiv
                0x10003c68       0x4c CMakeFiles/sangria_firmware.dir/C_/Users/hra/Documents/github/sangria_firmware/pico-sdk/src/rp2_common/pico_divider/divider.S.obj
                0x10003c68                __wrap___aeabi_uidiv
                0x10003c68                __wrap___aeabi_uidivmod
                0x10003c68                div_u32u32
                0x10003c68                divmod_u32u32
                0x10003c70                divmod_u32u32_unsafe
                0x10003c98                divmod_u32u32_savestate
 .text.__wrap___aeabi_ldiv
                0x10003cb4      0x434 CMakeFiles/sangria_firmware.dir/C_/Users/hra/Documents/github/sangria_firmware/pico-sdk/src/rp2_common/pico_divider/divider.S.obj
                0x10003cb4                div_s64s64
                0x10003cb4                divmod_s64s64
                0x10003cb4                __wrap___aeabi_ldivmod
                0x10003cec                divmod_u64u64
                0x10003cec                div_u64u64
                0x10003cec                __wrap___aeabi_uldivmod
                0x10003cfc                divmod_u64u64_savestate
                0x10003d24                divmod_s64s64_unsafe
                0x10003dac                divmod_u64u64_unsafe
 .text.__wrap___aeabi_darithmetic
                0x100040e8       0x80 CMakeFiles/sangria_firmware.dir/C_/Users/hra/Documents/github/sangria_firmware/pico-sdk/src/rp2_common/pico_double/double_aeabi.S.obj
                0x100040e8                __wrap___aeabi_drsub
                0x100040ee                __wrap___aeabi_dsub
                0x10004100                __wrap___aeabi_dadd
                0x10004112                __wrap___aeabi_ddiv
                0x1000414e                __wrap___aeabi_dmul
 .text.__wrap___aeabi_cdcmple
                0x10004168       0x6c CMakeFiles/sangria_firmware.dir/C_/Users/hra/Documents/github/sangria_firmware/pico-sdk/src/rp2_common/pico_double/double_aeabi.S.obj
                0x10004168                __wrap___aeabi_cdrcmple
                0x10004178                __wrap___aeabi_cdcmpeq
                0x10004178                __wrap___aeabi_cdcmple
 .text.__wrap___aeabi_dcmplt
                0x100041d4        0xc CMakeFiles/sangria_firmware.dir/C_/Users/hra/Documents/github/sangria_firmware/pico-sdk/src/rp2_common/pico_double/double_aeabi.S.obj
                0x100041d4                __wrap___aeabi_dcmplt
 .text.__wrap___aeabi_dcmple
                0x100041e0       0x10 CMakeFiles/sangria_firmware.dir/C_/Users/hra/Documents/github/sangria_firmware/pico-sdk/src/rp2_common/pico_double/double_aeabi.S.obj
                0x100041e0                __wrap___aeabi_dcmple
 .text.__wrap___aeabi_dcmpge
                0x100041f0       0x10 CMakeFiles/sangria_firmware.dir/C_/Users/hra/Documents/github/sangria_firmware/pico-sdk/src/rp2_common/pico_double/double_aeabi.S.obj
                0x100041f0                __wrap___aeabi_dcmpge
 .text.__wrap___aeabi_dcmpgt
                0x10004200        0xa CMakeFiles/sangria_firmware.dir/C_/Users/hra/Documents/github/sangria_firmware/pico-sdk/src/rp2_common/pico_double/double_aeabi.S.obj
                0x10004200                __wrap___aeabi_dcmpgt
 .text.__wrap___aeabi_dcmpun
                0x1000420a       0x1c CMakeFiles/sangria_firmware.dir/C_/Users/hra/Documents/github/sangria_firmware/pico-sdk/src/rp2_common/pico_double/double_aeabi.S.obj
                0x1000420a                __wrap___aeabi_dcmpun
 *fill*         0x10004226        0x2 
 .text.__wrap___aeabi_i2d
                0x10004228       0x38 CMakeFiles/sangria_firmware.dir/C_/Users/hra/Documents/github/sangria_firmware/pico-sdk/src/rp2_common/pico_double/double_aeabi.S.obj
                0x10004228                __wrap___aeabi_ui2d
                0x10004230                __wrap___aeabi_i2d
 .text.__wrap___aeabi_d2iz
                0x10004260       0x48 CMakeFiles/sangria_firmware.dir/C_/Users/hra/Documents/github/sangria_firmware/pico-sdk/src/rp2_common/pico_double/double_aeabi.S.obj
                0x10004260                double2int_z
                0x10004260                __wrap___aeabi_d2iz
 .text.__wrap___aeabi_d2uiz
                0x100042a8       0x18 CMakeFiles/sangria_firmware.dir/C_/Users/hra/Documents/github/sangria_firmware/pico-sdk/src/rp2_common/pico_double/double_aeabi.S.obj
                0x100042a8                __wrap___aeabi_d2uiz
                0x100042a8                double2uint
 .text.__aeabi_double_init
                0x100042c0       0x94 CMakeFiles/sangria_firmware.dir/C_/Users/hra/Documents/github/sangria_firmware/pico-sdk/src/rp2_common/pico_double/double_init_rom.c.obj
                0x100042c0                __aeabi_double_init
 .text.double_table_shim_on_use_helper
                0x10004354       0x2c CMakeFiles/sangria_firmware.dir/C_/Users/hra/Documents/github/sangria_firmware/pico-sdk/src/rp2_common/pico_double/double_v1_rom_shim.S.obj
                0x10004354                double_table_shim_on_use_helper
 .text.__wrap___aeabi_dsub
                0x10004380       0x10 CMakeFiles/sangria_firmware.dir/C_/Users/hra/Documents/github/sangria_firmware/pico-sdk/src/rp2_common/pico_double/double_v1_rom_shim.S.obj
                0x10004380                drsub_shim
                0x10004386                dsub_shim
 .text.dadd_shim
                0x10004390      0x15c CMakeFiles/sangria_firmware.dir/C_/Users/hra/Documents/github/sangria_firmware/pico-sdk/src/rp2_common/pico_double/double_v1_rom_shim.S.obj
                0x10004390                dadd_shim
 .text.dmul_shim
                0x100044ec      0x15c CMakeFiles/sangria_firmware.dir/C_/Users/hra/Documents/github/sangria_firmware/pico-sdk/src/rp2_common/pico_double/double_v1_rom_shim.S.obj
                0x100044ec                dmul_shim
 .text.ddiv_shim
                0x10004648      0x1b0 CMakeFiles/sangria_firmware.dir/C_/Users/hra/Documents/github/sangria_firmware/pico-sdk/src/rp2_common/pico_double/double_v1_rom_shim.S.obj
                0x10004648                ddiv_shim
 .text.double2uint_shim
                0x100047f8        0xe CMakeFiles/sangria_firmware.dir/C_/Users/hra/Documents/github/sangria_firmware/pico-sdk/src/rp2_common/pico_double/double_v1_rom_shim.S.obj
                0x100047f8                double2uint_shim
                0x100047fa                double2ufix_shim
 *fill*         0x10004806        0x2 
 .text.double2uint64_shim
                0x10004808       0x70 CMakeFiles/sangria_firmware.dir/C_/Users/hra/Documents/github/sangria_firmware/pico-sdk/src/rp2_common/pico_double/double_v1_rom_shim.S.obj
                0x10004808                double2uint64_shim
                0x1000480a                double2ufix64_shim
                0x1000482a                d2fix_a
 .text.dunpacks
                0x10004878       0x3c CMakeFiles/sangria_firmware.dir/C_/Users/hra/Documents/github/sangria_firmware/pico-sdk/src/rp2_common/pico_double/double_v1_rom_shim.S.obj
                0x10004878                dunpacks
 .text.__aeabi_lmul
                0x100048b4       0x32 CMakeFiles/sangria_firmware.dir/C_/Users/hra/Documents/github/sangria_firmware/pico-sdk/src/rp2_common/pico_int64_ops/pico_int64_ops_aeabi.S.obj
                0x100048b4                __wrap___aeabi_lmul
 *fill*         0x100048e6        0x2 
 .text.__aeabi_float_init
                0x100048e8       0x64 CMakeFiles/sangria_firmware.dir/C_/Users/hra/Documents/github/sangria_firmware/pico-sdk/src/rp2_common/pico_float/float_init_rom.c.obj
                0x100048e8                __aeabi_float_init
 .text.float_table_shim_on_use_helper
                0x1000494c       0x2c CMakeFiles/sangria_firmware.dir/C_/Users/hra/Documents/github/sangria_firmware/pico-sdk/src/rp2_common/pico_float/float_v1_rom_shim.S.obj
                0x1000494c                float_table_shim_on_use_helper
 .text          0x10004978       0x10 CMakeFiles/sangria_firmware.dir/C_/Users/hra/Documents/github/sangria_firmware/pico-sdk/src/rp2_common/pico_mem_ops/mem_ops_aeabi.S.obj
                0x10004978                __aeabi_mem_init
 .text.memset   0x10004988        0xc CMakeFiles/sangria_firmware.dir/C_/Users/hra/Documents/github/sangria_firmware/pico-sdk/src/rp2_common/pico_mem_ops/mem_ops_aeabi.S.obj
                0x10004988                __wrap_memset
 .text.memcpy   0x10004994        0xc CMakeFiles/sangria_firmware.dir/C_/Users/hra/Documents/github/sangria_firmware/pico-sdk/src/rp2_common/pico_mem_ops/mem_ops_aeabi.S.obj
                0x10004994                __wrap_memcpy
                0x10004994                __wrap___aeabi_memcpy
 .text.stdio_out_chars_no_crlf
                0x100049a0       0x10 CMakeFiles/sangria_firmware.dir/C_/Users/hra/Documents/github/sangria_firmware/pico-sdk/src/rp2_common/pico_stdio/stdio.c.obj
 .text.stdio_out_chars_crlf
                0x100049b0       0xb4 CMakeFiles/sangria_firmware.dir/C_/Users/hra/Documents/github/sangria_firmware/pico-sdk/src/rp2_common/pico_stdio/stdio.c.obj
 .text.stdio_buffered_printer
                0x10004a64       0x64 CMakeFiles/sangria_firmware.dir/C_/Users/hra/Documents/github/sangria_firmware/pico-sdk/src/rp2_common/pico_stdio/stdio.c.obj
 .text.stdio_put_string.isra.0
                0x10004ac8       0xfc CMakeFiles/sangria_firmware.dir/C_/Users/hra/Documents/github/sangria_firmware/pico-sdk/src/rp2_common/pico_stdio/stdio.c.obj
 .text.__wrap_putchar
                0x10004bc4       0xa0 CMakeFiles/sangria_firmware.dir/C_/Users/hra/Documents/github/sangria_firmware/pico-sdk/src/rp2_common/pico_stdio/stdio.c.obj
                0x10004bc4                __wrap_putchar
 .text.__wrap_puts
                0x10004c64       0x3c CMakeFiles/sangria_firmware.dir/C_/Users/hra/Documents/github/sangria_firmware/pico-sdk/src/rp2_common/pico_stdio/stdio.c.obj
                0x10004c64                __wrap_puts
 .text.stdio_set_driver_enabled
                0x10004ca0       0x30 CMakeFiles/sangria_firmware.dir/C_/Users/hra/Documents/github/sangria_firmware/pico-sdk/src/rp2_common/pico_stdio/stdio.c.obj
                0x10004ca0                stdio_set_driver_enabled
 .text.__wrap_vprintf
                0x10004cd0       0xd8 CMakeFiles/sangria_firmware.dir/C_/Users/hra/Documents/github/sangria_firmware/pico-sdk/src/rp2_common/pico_stdio/stdio.c.obj
                0x10004cd0                __wrap_vprintf
 .text.__wrap_printf
                0x10004da8       0x18 CMakeFiles/sangria_firmware.dir/C_/Users/hra/Documents/github/sangria_firmware/pico-sdk/src/rp2_common/pico_stdio/stdio.c.obj
                0x10004da8                __wrap_printf
 .text.stdio_init_all
                0x10004dc0        0x8 CMakeFiles/sangria_firmware.dir/C_/Users/hra/Documents/github/sangria_firmware/pico-sdk/src/rp2_common/pico_stdio/stdio.c.obj
                0x10004dc0                stdio_init_all
 .text.resetd_init
                0x10004dc8        0x4 CMakeFiles/sangria_firmware.dir/C_/Users/hra/Documents/github/sangria_firmware/pico-sdk/src/rp2_common/pico_stdio_usb/reset_interface.c.obj
 .text.resetd_reset
                0x10004dcc        0xc CMakeFiles/sangria_firmware.dir/C_/Users/hra/Documents/github/sangria_firmware/pico-sdk/src/rp2_common/pico_stdio_usb/reset_interface.c.obj
 .text.resetd_open
                0x10004dd8       0x28 CMakeFiles/sangria_firmware.dir/C_/Users/hra/Documents/github/sangria_firmware/pico-sdk/src/rp2_common/pico_stdio_usb/reset_interface.c.obj
 .text.resetd_xfer_cb
                0x10004e00        0x4 CMakeFiles/sangria_firmware.dir/C_/Users/hra/Documents/github/sangria_firmware/pico-sdk/src/rp2_common/pico_stdio_usb/reset_interface.c.obj
 .text.resetd_control_xfer_cb
                0x10004e04       0x64 CMakeFiles/sangria_firmware.dir/C_/Users/hra/Documents/github/sangria_firmware/pico-sdk/src/rp2_common/pico_stdio_usb/reset_interface.c.obj
 .text.usbd_app_driver_get_cb
                0x10004e68        0xc CMakeFiles/sangria_firmware.dir/C_/Users/hra/Documents/github/sangria_firmware/pico-sdk/src/rp2_common/pico_stdio_usb/reset_interface.c.obj
                0x10004e68                usbd_app_driver_get_cb
 .text.tud_cdc_line_coding_cb
                0x10004e74       0x34 CMakeFiles/sangria_firmware.dir/C_/Users/hra/Documents/github/sangria_firmware/pico-sdk/src/rp2_common/pico_stdio_usb/reset_interface.c.obj
                0x10004e74                tud_cdc_line_coding_cb
 .text.stdio_usb_in_chars
                0x10004ea8       0x68 CMakeFiles/sangria_firmware.dir/C_/Users/hra/Documents/github/sangria_firmware/pico-sdk/src/rp2_common/pico_stdio_usb/stdio_usb.c.obj
                0x10004ea8                stdio_usb_in_chars
 .text.stdio_usb_out_chars
                0x10004f10       0xe4 CMakeFiles/sangria_firmware.dir/C_/Users/hra/Documents/github/sangria_firmware/pico-sdk/src/rp2_common/pico_stdio_usb/stdio_usb.c.obj
 .text.timer_task
                0x10004ff4       0x18 CMakeFiles/sangria_firmware.dir/C_/Users/hra/Documents/github/sangria_firmware/pico-sdk/src/rp2_common/pico_stdio_usb/stdio_usb.c.obj
 .text.usb_irq  0x1000500c       0x10 CMakeFiles/sangria_firmware.dir/C_/Users/hra/Documents/github/sangria_firmware/pico-sdk/src/rp2_common/pico_stdio_usb/stdio_usb.c.obj
 .text.low_priority_worker_irq
                0x1000501c       0x24 CMakeFiles/sangria_firmware.dir/C_/Users/hra/Documents/github/sangria_firmware/pico-sdk/src/rp2_common/pico_stdio_usb/stdio_usb.c.obj
 .text.stdio_usb_init
                0x10005040       0xb0 CMakeFiles/sangria_firmware.dir/C_/Users/hra/Documents/github/sangria_firmware/pico-sdk/src/rp2_common/pico_stdio_usb/stdio_usb.c.obj
                0x10005040                stdio_usb_init
 .text.tud_descriptor_device_cb
                0x100050f0        0x8 CMakeFiles/sangria_firmware.dir/C_/Users/hra/Documents/github/sangria_firmware/pico-sdk/src/rp2_common/pico_stdio_usb/stdio_usb_descriptors.c.obj
                0x100050f0                tud_descriptor_device_cb
 .text.tud_descriptor_configuration_cb
                0x100050f8        0x8 CMakeFiles/sangria_firmware.dir/C_/Users/hra/Documents/github/sangria_firmware/pico-sdk/src/rp2_common/pico_stdio_usb/stdio_usb_descriptors.c.obj
                0x100050f8                tud_descriptor_configuration_cb
 .text.tud_descriptor_string_cb
                0x10005100       0x74 CMakeFiles/sangria_firmware.dir/C_/Users/hra/Documents/github/sangria_firmware/pico-sdk/src/rp2_common/pico_stdio_usb/stdio_usb_descriptors.c.obj
                0x10005100                tud_descriptor_string_cb
 .text.dcd_rp2040_irq
                0x10005174      0x21c CMakeFiles/sangria_firmware.dir/C_/Users/hra/Documents/github/sangria_firmware/pico-sdk/lib/tinyusb/src/portable/raspberrypi/rp2040/dcd_rp2040.c.obj
 .text.dcd_int_enable
                0x10005390        0xc CMakeFiles/sangria_firmware.dir/C_/Users/hra/Documents/github/sangria_firmware/pico-sdk/lib/tinyusb/src/portable/raspberrypi/rp2040/dcd_rp2040.c.obj
                0x10005390                dcd_int_enable
 .text.dcd_set_address
                0x1000539c       0x14 CMakeFiles/sangria_firmware.dir/C_/Users/hra/Documents/github/sangria_firmware/pico-sdk/lib/tinyusb/src/portable/raspberrypi/rp2040/dcd_rp2040.c.obj
                0x1000539c                dcd_set_address
 .text.dcd_connect
                0x100053b0       0x10 CMakeFiles/sangria_firmware.dir/C_/Users/hra/Documents/github/sangria_firmware/pico-sdk/lib/tinyusb/src/portable/raspberrypi/rp2040/dcd_rp2040.c.obj
                0x100053b0                dcd_connect
 .text.dcd_init
                0x100053c0      0x144 CMakeFiles/sangria_firmware.dir/C_/Users/hra/Documents/github/sangria_firmware/pico-sdk/lib/tinyusb/src/portable/raspberrypi/rp2040/dcd_rp2040.c.obj
                0x100053c0                dcd_init
 .text.dcd_edpt0_status_complete
                0x10005504       0x1c CMakeFiles/sangria_firmware.dir/C_/Users/hra/Documents/github/sangria_firmware/pico-sdk/lib/tinyusb/src/portable/raspberrypi/rp2040/dcd_rp2040.c.obj
                0x10005504                dcd_edpt0_status_complete
 .text.dcd_edpt_open
                0x10005520       0xf0 CMakeFiles/sangria_firmware.dir/C_/Users/hra/Documents/github/sangria_firmware/pico-sdk/lib/tinyusb/src/portable/raspberrypi/rp2040/dcd_rp2040.c.obj
                0x10005520                dcd_edpt_open
 .text.dcd_edpt_close_all
                0x10005610       0xbc CMakeFiles/sangria_firmware.dir/C_/Users/hra/Documents/github/sangria_firmware/pico-sdk/lib/tinyusb/src/portable/raspberrypi/rp2040/dcd_rp2040.c.obj
                0x10005610                dcd_edpt_close_all
 .text.dcd_edpt_xfer
                0x100056cc       0x24 CMakeFiles/sangria_firmware.dir/C_/Users/hra/Documents/github/sangria_firmware/pico-sdk/lib/tinyusb/src/portable/raspberrypi/rp2040/dcd_rp2040.c.obj
                0x100056cc                dcd_edpt_xfer
 .text.dcd_edpt_stall
                0x100056f0       0x38 CMakeFiles/sangria_firmware.dir/C_/Users/hra/Documents/github/sangria_firmware/pico-sdk/lib/tinyusb/src/portable/raspberrypi/rp2040/dcd_rp2040.c.obj
                0x100056f0                dcd_edpt_stall
 .text.dcd_edpt_clear_stall
                0x10005728       0x30 CMakeFiles/sangria_firmware.dir/C_/Users/hra/Documents/github/sangria_firmware/pico-sdk/lib/tinyusb/src/portable/raspberrypi/rp2040/dcd_rp2040.c.obj
                0x10005728                dcd_edpt_clear_stall
 .text._hw_endpoint_buffer_control_update32.part.0.isra.0
                0x10005758       0x1c CMakeFiles/sangria_firmware.dir/C_/Users/hra/Documents/github/sangria_firmware/pico-sdk/lib/tinyusb/src/portable/raspberrypi/rp2040/rp2040_usb.c.obj
 .text.rp2040_usb_init
                0x10005774       0x4c CMakeFiles/sangria_firmware.dir/C_/Users/hra/Documents/github/sangria_firmware/pico-sdk/lib/tinyusb/src/portable/raspberrypi/rp2040/rp2040_usb.c.obj
                0x10005774                rp2040_usb_init
 .text.hw_endpoint_reset_transfer
                0x100057c0        0xc CMakeFiles/sangria_firmware.dir/C_/Users/hra/Documents/github/sangria_firmware/pico-sdk/lib/tinyusb/src/portable/raspberrypi/rp2040/rp2040_usb.c.obj
                0x100057c0                hw_endpoint_reset_transfer
 .text._hw_endpoint_buffer_control_update32
                0x100057cc       0x44 CMakeFiles/sangria_firmware.dir/C_/Users/hra/Documents/github/sangria_firmware/pico-sdk/lib/tinyusb/src/portable/raspberrypi/rp2040/rp2040_usb.c.obj
                0x100057cc                _hw_endpoint_buffer_control_update32
 .text.hw_endpoint_xfer_start
                0x10005810      0x138 CMakeFiles/sangria_firmware.dir/C_/Users/hra/Documents/github/sangria_firmware/pico-sdk/lib/tinyusb/src/portable/raspberrypi/rp2040/rp2040_usb.c.obj
                0x10005810                hw_endpoint_xfer_start
 .text.hw_endpoint_xfer_continue
                0x10005948      0x1e4 CMakeFiles/sangria_firmware.dir/C_/Users/hra/Documents/github/sangria_firmware/pico-sdk/lib/tinyusb/src/portable/raspberrypi/rp2040/rp2040_usb.c.obj
                0x10005948                hw_endpoint_xfer_continue
 .text.tud_mounted
                0x10005b2c       0x10 CMakeFiles/sangria_firmware.dir/C_/Users/hra/Documents/github/sangria_firmware/pico-sdk/lib/tinyusb/src/device/usbd.c.obj
                0x10005b2c                tud_mounted
 .text.tud_suspended
                0x10005b3c       0x10 CMakeFiles/sangria_firmware.dir/C_/Users/hra/Documents/github/sangria_firmware/pico-sdk/lib/tinyusb/src/device/usbd.c.obj
                0x10005b3c                tud_suspended
 .text.tud_inited
                0x10005b4c        0xc CMakeFiles/sangria_firmware.dir/C_/Users/hra/Documents/github/sangria_firmware/pico-sdk/lib/tinyusb/src/device/usbd.c.obj
                0x10005b4c                tud_inited
 .text.tud_init
                0x10005b58       0xd8 CMakeFiles/sangria_firmware.dir/C_/Users/hra/Documents/github/sangria_firmware/pico-sdk/lib/tinyusb/src/device/usbd.c.obj
                0x10005b58                tud_init
 .text.tud_task
                0x10005c30      0x8ec CMakeFiles/sangria_firmware.dir/C_/Users/hra/Documents/github/sangria_firmware/pico-sdk/lib/tinyusb/src/device/usbd.c.obj
                0x10005c30                tud_task
 .text.dcd_event_bus_signal
                0x1000651c      0x120 CMakeFiles/sangria_firmware.dir/C_/Users/hra/Documents/github/sangria_firmware/pico-sdk/lib/tinyusb/src/device/usbd.c.obj
                0x1000651c                dcd_event_bus_signal
 .text.dcd_event_bus_reset
                0x1000663c       0x54 CMakeFiles/sangria_firmware.dir/C_/Users/hra/Documents/github/sangria_firmware/pico-sdk/lib/tinyusb/src/device/usbd.c.obj
                0x1000663c                dcd_event_bus_reset
 .text.dcd_event_setup_received
                0x10006690       0x50 CMakeFiles/sangria_firmware.dir/C_/Users/hra/Documents/github/sangria_firmware/pico-sdk/lib/tinyusb/src/device/usbd.c.obj
                0x10006690                dcd_event_setup_received
 .text.dcd_event_xfer_complete
                0x100066e0       0x68 CMakeFiles/sangria_firmware.dir/C_/Users/hra/Documents/github/sangria_firmware/pico-sdk/lib/tinyusb/src/device/usbd.c.obj
                0x100066e0                dcd_event_xfer_complete
 .text.usbd_open_edpt_pair
                0x10006748       0x80 CMakeFiles/sangria_firmware.dir/C_/Users/hra/Documents/github/sangria_firmware/pico-sdk/lib/tinyusb/src/device/usbd.c.obj
                0x10006748                usbd_open_edpt_pair
 .text.usbd_edpt_open
                0x100067c8       0x30 CMakeFiles/sangria_firmware.dir/C_/Users/hra/Documents/github/sangria_firmware/pico-sdk/lib/tinyusb/src/device/usbd.c.obj
                0x100067c8                usbd_edpt_open
 .text.usbd_edpt_claim
                0x100067f8       0x64 CMakeFiles/sangria_firmware.dir/C_/Users/hra/Documents/github/sangria_firmware/pico-sdk/lib/tinyusb/src/device/usbd.c.obj
                0x100067f8                usbd_edpt_claim
 .text.usbd_edpt_release
                0x1000685c       0x4c CMakeFiles/sangria_firmware.dir/C_/Users/hra/Documents/github/sangria_firmware/pico-sdk/lib/tinyusb/src/device/usbd.c.obj
                0x1000685c                usbd_edpt_release
 .text.usbd_edpt_xfer
                0x100068a8       0x48 CMakeFiles/sangria_firmware.dir/C_/Users/hra/Documents/github/sangria_firmware/pico-sdk/lib/tinyusb/src/device/usbd.c.obj
                0x100068a8                usbd_edpt_xfer
 .text.tud_control_status
                0x100068f0       0x30 CMakeFiles/sangria_firmware.dir/C_/Users/hra/Documents/github/sangria_firmware/pico-sdk/lib/tinyusb/src/device/usbd_control.c.obj
                0x100068f0                tud_control_status
 .text.tud_control_xfer
                0x10006920       0xbc CMakeFiles/sangria_firmware.dir/C_/Users/hra/Documents/github/sangria_firmware/pico-sdk/lib/tinyusb/src/device/usbd_control.c.obj
                0x10006920                tud_control_xfer
 .text.usbd_control_reset
                0x100069dc       0x14 CMakeFiles/sangria_firmware.dir/C_/Users/hra/Documents/github/sangria_firmware/pico-sdk/lib/tinyusb/src/device/usbd_control.c.obj
                0x100069dc                usbd_control_reset
 .text.usbd_control_set_complete_callback
                0x100069f0        0xc CMakeFiles/sangria_firmware.dir/C_/Users/hra/Documents/github/sangria_firmware/pico-sdk/lib/tinyusb/src/device/usbd_control.c.obj
                0x100069f0                usbd_control_set_complete_callback
 .text.usbd_control_set_request
                0x100069fc       0x1c CMakeFiles/sangria_firmware.dir/C_/Users/hra/Documents/github/sangria_firmware/pico-sdk/lib/tinyusb/src/device/usbd_control.c.obj
                0x100069fc                usbd_control_set_request
 .text.usbd_control_xfer_cb
                0x10006a18       0xfc CMakeFiles/sangria_firmware.dir/C_/Users/hra/Documents/github/sangria_firmware/pico-sdk/lib/tinyusb/src/device/usbd_control.c.obj
                0x10006a18                usbd_control_xfer_cb
 .text.tud_cdc_n_connected
                0x10006b14       0x30 CMakeFiles/sangria_firmware.dir/C_/Users/hra/Documents/github/sangria_firmware/pico-sdk/lib/tinyusb/src/class/cdc/cdc_device.c.obj
                0x10006b14                tud_cdc_n_connected
 .text.tud_cdc_n_available
                0x10006b44       0x18 CMakeFiles/sangria_firmware.dir/C_/Users/hra/Documents/github/sangria_firmware/pico-sdk/lib/tinyusb/src/class/cdc/cdc_device.c.obj
                0x10006b44                tud_cdc_n_available
 .text.tud_cdc_n_read
                0x10006b5c       0x70 CMakeFiles/sangria_firmware.dir/C_/Users/hra/Documents/github/sangria_firmware/pico-sdk/lib/tinyusb/src/class/cdc/cdc_device.c.obj
                0x10006b5c                tud_cdc_n_read
 .text.tud_cdc_n_write_flush
                0x10006bcc       0x78 CMakeFiles/sangria_firmware.dir/C_/Users/hra/Documents/github/sangria_firmware/pico-sdk/lib/tinyusb/src/class/cdc/cdc_device.c.obj
                0x10006bcc                tud_cdc_n_write_flush
 .text.tud_cdc_n_write
                0x10006c44       0x34 CMakeFiles/sangria_firmware.dir/C_/Users/hra/Documents/github/sangria_firmware/pico-sdk/lib/tinyusb/src/class/cdc/cdc_device.c.obj
                0x10006c44                tud_cdc_n_write
 .text.tud_cdc_n_write_available
                0x10006c78       0x18 CMakeFiles/sangria_firmware.dir/C_/Users/hra/Documents/github/sangria_firmware/pico-sdk/lib/tinyusb/src/class/cdc/cdc_device.c.obj
                0x10006c78                tud_cdc_n_write_available
 .text.cdcd_init
                0x10006c90       0x7c CMakeFiles/sangria_firmware.dir/C_/Users/hra/Documents/github/sangria_firmware/pico-sdk/lib/tinyusb/src/class/cdc/cdc_device.c.obj
                0x10006c90                cdcd_init
 .text.cdcd_reset
                0x10006d0c       0x2c CMakeFiles/sangria_firmware.dir/C_/Users/hra/Documents/github/sangria_firmware/pico-sdk/lib/tinyusb/src/class/cdc/cdc_device.c.obj
                0x10006d0c                cdcd_reset
 .text.cdcd_open
                0x10006d38       0xe4 CMakeFiles/sangria_firmware.dir/C_/Users/hra/Documents/github/sangria_firmware/pico-sdk/lib/tinyusb/src/class/cdc/cdc_device.c.obj
                0x10006d38                cdcd_open
 .text.cdcd_control_xfer_cb
                0x10006e1c       0xe4 CMakeFiles/sangria_firmware.dir/C_/Users/hra/Documents/github/sangria_firmware/pico-sdk/lib/tinyusb/src/class/cdc/cdc_device.c.obj
                0x10006e1c                cdcd_control_xfer_cb
 .text.cdcd_xfer_cb
                0x10006f00      0x148 CMakeFiles/sangria_firmware.dir/C_/Users/hra/Documents/github/sangria_firmware/pico-sdk/lib/tinyusb/src/class/cdc/cdc_device.c.obj
                0x10006f00                cdcd_xfer_cb
 .text.tusb_init
                0x10007048        0xc CMakeFiles/sangria_firmware.dir/C_/Users/hra/Documents/github/sangria_firmware/pico-sdk/lib/tinyusb/src/tusb.c.obj
                0x10007048                tusb_init
 .text.tusb_inited
                0x10007054        0x8 CMakeFiles/sangria_firmware.dir/C_/Users/hra/Documents/github/sangria_firmware/pico-sdk/lib/tinyusb/src/tusb.c.obj
                0x10007054                tusb_inited
 .text.tu_edpt_validate
                0x1000705c       0x78 CMakeFiles/sangria_firmware.dir/C_/Users/hra/Documents/github/sangria_firmware/pico-sdk/lib/tinyusb/src/tusb.c.obj
                0x1000705c                tu_edpt_validate
 .text.tu_edpt_bind_driver
                0x100070d4       0x2c CMakeFiles/sangria_firmware.dir/C_/Users/hra/Documents/github/sangria_firmware/pico-sdk/lib/tinyusb/src/tusb.c.obj
                0x100070d4                tu_edpt_bind_driver
 .text.tu_fifo_config
                0x10007100       0x78 CMakeFiles/sangria_firmware.dir/C_/Users/hra/Documents/github/sangria_firmware/pico-sdk/lib/tinyusb/src/common/tusb_fifo.c.obj
                0x10007100                tu_fifo_config
 .text.tu_fifo_count
                0x10007178       0x20 CMakeFiles/sangria_firmware.dir/C_/Users/hra/Documents/github/sangria_firmware/pico-sdk/lib/tinyusb/src/common/tusb_fifo.c.obj
                0x10007178                tu_fifo_count
 .text.tu_fifo_empty
                0x10007198       0x10 CMakeFiles/sangria_firmware.dir/C_/Users/hra/Documents/github/sangria_firmware/pico-sdk/lib/tinyusb/src/common/tusb_fifo.c.obj
                0x10007198                tu_fifo_empty
 .text.tu_fifo_remaining
                0x100071a8       0x1c CMakeFiles/sangria_firmware.dir/C_/Users/hra/Documents/github/sangria_firmware/pico-sdk/lib/tinyusb/src/common/tusb_fifo.c.obj
                0x100071a8                tu_fifo_remaining
 .text.tu_fifo_read
                0x100071c4       0x9c CMakeFiles/sangria_firmware.dir/C_/Users/hra/Documents/github/sangria_firmware/pico-sdk/lib/tinyusb/src/common/tusb_fifo.c.obj
                0x100071c4                tu_fifo_read
 .text.tu_fifo_read_n
                0x10007260      0x100 CMakeFiles/sangria_firmware.dir/C_/Users/hra/Documents/github/sangria_firmware/pico-sdk/lib/tinyusb/src/common/tusb_fifo.c.obj
                0x10007260                tu_fifo_read_n
 .text.tu_fifo_write
                0x10007360       0x7c CMakeFiles/sangria_firmware.dir/C_/Users/hra/Documents/github/sangria_firmware/pico-sdk/lib/tinyusb/src/common/tusb_fifo.c.obj
                0x10007360                tu_fifo_write
 .text.tu_fifo_write_n
                0x100073dc      0x100 CMakeFiles/sangria_firmware.dir/C_/Users/hra/Documents/github/sangria_firmware/pico-sdk/lib/tinyusb/src/common/tusb_fifo.c.obj
                0x100073dc                tu_fifo_write_n
 .text.tu_fifo_clear
                0x100074dc       0x4c CMakeFiles/sangria_firmware.dir/C_/Users/hra/Documents/github/sangria_firmware/pico-sdk/lib/tinyusb/src/common/tusb_fifo.c.obj
                0x100074dc                tu_fifo_clear
 .text.tu_fifo_set_overwritable
                0x10007528       0x3c CMakeFiles/sangria_firmware.dir/C_/Users/hra/Documents/github/sangria_firmware/pico-sdk/lib/tinyusb/src/common/tusb_fifo.c.obj
                0x10007528                tu_fifo_set_overwritable
 .text.startup._retrieve_unique_id_on_boot
                0x10007564       0x10 CMakeFiles/sangria_firmware.dir/C_/Users/hra/Documents/github/sangria_firmware/pico-sdk/src/rp2_common/pico_unique_id/unique_id.c.obj
 .text.pico_get_unique_board_id_string
                0x10007574      0x1a8 CMakeFiles/sangria_firmware.dir/C_/Users/hra/Documents/github/sangria_firmware/pico-sdk/src/rp2_common/pico_unique_id/unique_id.c.obj
                0x10007574                pico_get_unique_board_id_string
 .text.flash_get_unique_id
                0x1000771c       0x40 CMakeFiles/sangria_firmware.dir/C_/Users/hra/Documents/github/sangria_firmware/pico-sdk/src/rp2_common/hardware_flash/flash.c.obj
                0x1000771c                flash_get_unique_id
 .text.i2c_set_baudrate
                0x1000775c       0xc4 CMakeFiles/sangria_firmware.dir/C_/Users/hra/Documents/github/sangria_firmware/pico-sdk/src/rp2_common/hardware_i2c/i2c.c.obj
                0x1000775c                i2c_set_baudrate
 .text.i2c_init
                0x10007820       0x54 CMakeFiles/sangria_firmware.dir/C_/Users/hra/Documents/github/sangria_firmware/pico-sdk/src/rp2_common/hardware_i2c/i2c.c.obj
                0x10007820                i2c_init
 .text.i2c_write_blocking
                0x10007874       0xd0 CMakeFiles/sangria_firmware.dir/C_/Users/hra/Documents/github/sangria_firmware/pico-sdk/src/rp2_common/hardware_i2c/i2c.c.obj
                0x10007874                i2c_write_blocking
 .text.strlen   0x10007944       0x5c c:/progra~2/gnu arm embedded toolchain/10 2020-q4-major/bin/../lib/gcc/arm-none-eabi/10.2.1/../../../../arm-none-eabi/lib/thumb/v6-m/nofp\libc.a(lib_a-strlen-stub.o)
                0x10007944                strlen
 *(.fini)
 .fini          0x100079a0        0x4 c:/progra~2/gnu arm embedded toolchain/10 2020-q4-major/bin/../lib/gcc/arm-none-eabi/10.2.1/thumb/v6-m/nofp/crti.o
                0x100079a0                _fini
 *fill*         0x100079a4        0x4 
 .fini.__stub   0x100079a8       0x70 linker stubs
 *crtbegin.o(.ctors)
 *crtbegin?.o(.ctors)
 *(EXCLUDE_FILE(*crtend.o *crtend?.o) .ctors)
 *(SORT_BY_NAME(.ctors.*))
 *(.ctors)
 *crtbegin.o(.dtors)
 *crtbegin?.o(.dtors)
 *(EXCLUDE_FILE(*crtend.o *crtend?.o) .dtors)
 *(SORT_BY_NAME(.dtors.*))
 *(.dtors)
 *(.eh_frame*)
 .eh_frame      0x10007a18        0x0 c:/progra~2/gnu arm embedded toolchain/10 2020-q4-major/bin/../lib/gcc/arm-none-eabi/10.2.1/thumb/v6-m/nofp/crtbegin.o
                0x10007a18                . = ALIGN (0x4)

.glue_7         0x10007a18        0x0
 .glue_7        0x10007a18        0x0 linker stubs

.glue_7t        0x10007a18        0x0
 .glue_7t       0x10007a18        0x0 linker stubs

.vfp11_veneer   0x10007a18        0x0
 .vfp11_veneer  0x10007a18        0x0 linker stubs

.v4_bx          0x10007a18        0x0
 .v4_bx         0x10007a18        0x0 linker stubs

.iplt           0x10007a18        0x0
 .iplt          0x10007a18        0x0 c:/progra~2/gnu arm embedded toolchain/10 2020-q4-major/bin/../lib/gcc/arm-none-eabi/10.2.1/thumb/v6-m/nofp/crtbegin.o

.rodata         0x10007a18      0x580
 *(EXCLUDE_FILE(*libm.a: *libc.a:*lib_a-mem*.o *libgcc.a:) .rodata*)
 .rodata._ZL10key_updatev.str1.4
                0x10007a18       0x3a CMakeFiles/sangria_firmware.dir/main.cpp.obj
 *fill*         0x10007a52        0x2 
 .rodata._ZN17CSANGRIA_KEYBOARD6updateEv.str1.4
                0x10007a54       0x13 CMakeFiles/sangria_firmware.dir/sangria_keyboard.cpp.obj
 *fill*         0x10007a67        0x1 
 .rodata._ZZN13CSANGRIA_OLEDC4EvE8__bi_115
                0x10007a68        0x8 CMakeFiles/sangria_firmware.dir/sangria_oled.cpp.obj
 .rodata.spin_lock_claim_unused.str1.4
                0x10007a70       0x1b CMakeFiles/sangria_firmware.dir/C_/Users/hra/Documents/github/sangria_firmware/pico-sdk/src/rp2_common/hardware_sync/sync.c.obj
 *fill*         0x10007a8b        0x1 
 .rodata.user_irq_claim_unused.str1.4
                0x10007a8c       0x1b CMakeFiles/sangria_firmware.dir/C_/Users/hra/Documents/github/sangria_firmware/pico-sdk/src/rp2_common/hardware_irq/irq.c.obj
 *fill*         0x10007aa7        0x1 
 .rodata.hardware_alarm_claim.str1.4
                0x10007aa8       0x22 CMakeFiles/sangria_firmware.dir/C_/Users/hra/Documents/github/sangria_firmware/pico-sdk/src/rp2_common/hardware_timer/timer.c.obj
 *fill*         0x10007aca        0x2 
 .rodata.panic.str1.4
                0x10007acc       0x12 CMakeFiles/sangria_firmware.dir/C_/Users/hra/Documents/github/sangria_firmware/pico-sdk/src/rp2_common/pico_runtime/runtime.c.obj
 *fill*         0x10007ade        0x2 
 .rodata.hard_assertion_failure.str1.4
                0x10007ae0        0xc CMakeFiles/sangria_firmware.dir/C_/Users/hra/Documents/github/sangria_firmware/pico-sdk/src/rp2_common/pico_runtime/runtime.c.obj
 .rodata._ftoa.str1.4
                0x10007aec       0x15 CMakeFiles/sangria_firmware.dir/C_/Users/hra/Documents/github/sangria_firmware/pico-sdk/src/rp2_common/pico_printf/printf.c.obj
 *fill*         0x10007b01        0x3 
 .rodata._vsnprintf
                0x10007b04      0x1e0 CMakeFiles/sangria_firmware.dir/C_/Users/hra/Documents/github/sangria_firmware/pico-sdk/src/rp2_common/pico_printf/printf.c.obj
 *fill*         0x10007ce4        0x4 
 .rodata.pow10.0
                0x10007ce8       0x50 CMakeFiles/sangria_firmware.dir/C_/Users/hra/Documents/github/sangria_firmware/pico-sdk/src/rp2_common/pico_printf/printf.c.obj
 .rodata.str1.4
                0x10007d38       0x48 CMakeFiles/sangria_firmware.dir/C_/Users/hra/Documents/github/sangria_firmware/pico-sdk/src/rp2_common/pico_standard_link/binary_info.c.obj
 .rodata.__bi_44
                0x10007d80        0xc CMakeFiles/sangria_firmware.dir/C_/Users/hra/Documents/github/sangria_firmware/pico-sdk/src/rp2_common/pico_standard_link/binary_info.c.obj
 .rodata.__bi_75
                0x10007d8c        0xc CMakeFiles/sangria_firmware.dir/C_/Users/hra/Documents/github/sangria_firmware/pico-sdk/src/rp2_common/pico_standard_link/binary_info.c.obj
 .rodata.__bi_81
                0x10007d98        0xc CMakeFiles/sangria_firmware.dir/C_/Users/hra/Documents/github/sangria_firmware/pico-sdk/src/rp2_common/pico_standard_link/binary_info.c.obj
 .rodata.crlf_str.0
                0x10007da4        0x2 CMakeFiles/sangria_firmware.dir/C_/Users/hra/Documents/github/sangria_firmware/pico-sdk/src/rp2_common/pico_stdio/stdio.c.obj
 *fill*         0x10007da6        0x2 
 .rodata._resetd_driver
                0x10007da8       0x18 CMakeFiles/sangria_firmware.dir/C_/Users/hra/Documents/github/sangria_firmware/pico-sdk/src/rp2_common/pico_stdio_usb/reset_interface.c.obj
 .rodata.str1.4
                0x10007dc0       0x13 CMakeFiles/sangria_firmware.dir/C_/Users/hra/Documents/github/sangria_firmware/pico-sdk/src/rp2_common/pico_stdio_usb/stdio_usb.c.obj
 *fill*         0x10007dd3        0x1 
 .rodata.__bi_118.0
                0x10007dd4        0xc CMakeFiles/sangria_firmware.dir/C_/Users/hra/Documents/github/sangria_firmware/pico-sdk/src/rp2_common/pico_stdio_usb/stdio_usb.c.obj
 .rodata.str1.4
                0x10007de0       0x2a CMakeFiles/sangria_firmware.dir/C_/Users/hra/Documents/github/sangria_firmware/pico-sdk/src/rp2_common/pico_stdio_usb/stdio_usb_descriptors.c.obj
 *fill*         0x10007e0a        0x2 
 .rodata.usbd_desc_cfg
                0x10007e0c       0x54 CMakeFiles/sangria_firmware.dir/C_/Users/hra/Documents/github/sangria_firmware/pico-sdk/src/rp2_common/pico_stdio_usb/stdio_usb_descriptors.c.obj
 .rodata.usbd_desc_device
                0x10007e60       0x12 CMakeFiles/sangria_firmware.dir/C_/Users/hra/Documents/github/sangria_firmware/pico-sdk/src/rp2_common/pico_stdio_usb/stdio_usb_descriptors.c.obj
 *fill*         0x10007e72        0x2 
 .rodata.usbd_desc_str
                0x10007e74       0x18 CMakeFiles/sangria_firmware.dir/C_/Users/hra/Documents/github/sangria_firmware/pico-sdk/src/rp2_common/pico_stdio_usb/stdio_usb_descriptors.c.obj
 .rodata.dcd_rp2040_irq.str1.4
                0x10007e8c       0x14 CMakeFiles/sangria_firmware.dir/C_/Users/hra/Documents/github/sangria_firmware/pico-sdk/lib/tinyusb/src/portable/raspberrypi/rp2040/dcd_rp2040.c.obj
 .rodata._hw_endpoint_buffer_control_update32.part.0.isra.0.str1.4
                0x10007ea0       0x1f CMakeFiles/sangria_firmware.dir/C_/Users/hra/Documents/github/sangria_firmware/pico-sdk/lib/tinyusb/src/portable/raspberrypi/rp2040/rp2040_usb.c.obj
 *fill*         0x10007ebf        0x1 
 .rodata.hw_endpoint_xfer_continue.str1.4
                0x10007ec0       0x29 CMakeFiles/sangria_firmware.dir/C_/Users/hra/Documents/github/sangria_firmware/pico-sdk/lib/tinyusb/src/portable/raspberrypi/rp2040/rp2040_usb.c.obj
 *fill*         0x10007ee9        0x3 
 .rodata.str1.4
                0x10007eec        0x7 CMakeFiles/sangria_firmware.dir/C_/Users/hra/Documents/github/sangria_firmware/pico-sdk/lib/tinyusb/src/portable/raspberrypi/rp2040/rp2040_usb.c.obj
 *fill*         0x10007ef3        0x1 
 .rodata.tud_task
                0x10007ef4       0x8c CMakeFiles/sangria_firmware.dir/C_/Users/hra/Documents/github/sangria_firmware/pico-sdk/lib/tinyusb/src/device/usbd.c.obj
 .rodata._usbd_driver
                0x10007f80       0x18 CMakeFiles/sangria_firmware.dir/C_/Users/hra/Documents/github/sangria_firmware/pico-sdk/lib/tinyusb/src/device/usbd.c.obj
                0x10007f98                . = ALIGN (0x4)
 *(SORT_BY_ALIGNMENT(SORT_BY_NAME(.flashdata*)))
                0x10007f98                . = ALIGN (0x4)

.rel.dyn        0x10007f98        0x0
 .rel.iplt      0x10007f98        0x0 c:/progra~2/gnu arm embedded toolchain/10 2020-q4-major/bin/../lib/gcc/arm-none-eabi/10.2.1/thumb/v6-m/nofp/crtbegin.o

.ARM.extab
 *(.ARM.extab* .gnu.linkonce.armextab.*)
                0x10007f98                __exidx_start = .

.ARM.exidx
 *(.ARM.exidx* .gnu.linkonce.armexidx.*)
                0x10007f98                __exidx_end = .
                0x10007f98                . = ALIGN (0x4)
                0x10007f98                __binary_info_start = .

.binary_info    0x10007f98       0x24
 *(.binary_info.keep.*)
 .binary_info.keep.__bi_ptr115
                0x10007f98        0x4 CMakeFiles/sangria_firmware.dir/sangria_oled.cpp.obj
 .binary_info.keep.__bi_ptr22
                0x10007f9c        0x4 CMakeFiles/sangria_firmware.dir/C_/Users/hra/Documents/github/sangria_firmware/pico-sdk/src/rp2_common/pico_standard_link/binary_info.c.obj
 .binary_info.keep.__bi_ptr30
                0x10007fa0        0x4 CMakeFiles/sangria_firmware.dir/C_/Users/hra/Documents/github/sangria_firmware/pico-sdk/src/rp2_common/pico_standard_link/binary_info.c.obj
 .binary_info.keep.__bi_ptr38
                0x10007fa4        0x4 CMakeFiles/sangria_firmware.dir/C_/Users/hra/Documents/github/sangria_firmware/pico-sdk/src/rp2_common/pico_standard_link/binary_info.c.obj
 .binary_info.keep.__bi_ptr44
                0x10007fa8        0x4 CMakeFiles/sangria_firmware.dir/C_/Users/hra/Documents/github/sangria_firmware/pico-sdk/src/rp2_common/pico_standard_link/binary_info.c.obj
 .binary_info.keep.__bi_ptr50
                0x10007fac        0x4 CMakeFiles/sangria_firmware.dir/C_/Users/hra/Documents/github/sangria_firmware/pico-sdk/src/rp2_common/pico_standard_link/binary_info.c.obj
 .binary_info.keep.__bi_ptr75
                0x10007fb0        0x4 CMakeFiles/sangria_firmware.dir/C_/Users/hra/Documents/github/sangria_firmware/pico-sdk/src/rp2_common/pico_standard_link/binary_info.c.obj
 .binary_info.keep.__bi_ptr81
                0x10007fb4        0x4 CMakeFiles/sangria_firmware.dir/C_/Users/hra/Documents/github/sangria_firmware/pico-sdk/src/rp2_common/pico_standard_link/binary_info.c.obj
 *(.binary_info.*)
 .binary_info.__bi_ptr118
                0x10007fb8        0x4 CMakeFiles/sangria_firmware.dir/C_/Users/hra/Documents/github/sangria_firmware/pico-sdk/src/rp2_common/pico_stdio_usb/stdio_usb.c.obj
                0x10007fbc                __binary_info_end = .
                0x10007fbc                . = ALIGN (0x4)
                0x10007fbc                __etext = .

.ram_vector_table
                0x20000000       0xc0
 *(.ram_vector_table)
 .ram_vector_table
                0x20000000       0xc0 CMakeFiles/sangria_firmware.dir/C_/Users/hra/Documents/github/sangria_firmware/pico-sdk/src/rp2_common/pico_runtime/runtime.c.obj
                0x20000000                ram_vector_table

.data           0x200000c0     0x13cc load address 0x10007fbc
                0x200000c0                __data_start__ = .
 *(vtable)
 *(.time_critical*)
 .time_critical.mutex_enter_blocking
                0x200000c0       0x48 CMakeFiles/sangria_firmware.dir/C_/Users/hra/Documents/github/sangria_firmware/pico-sdk/src/common/pico_sync/mutex.c.obj
                0x200000c0                mutex_enter_blocking
 .time_critical.mutex_try_enter
                0x20000108       0x44 CMakeFiles/sangria_firmware.dir/C_/Users/hra/Documents/github/sangria_firmware/pico-sdk/src/common/pico_sync/mutex.c.obj
                0x20000108                mutex_try_enter
 .time_critical.mutex_enter_timeout_ms
                0x2000014c       0xa0 CMakeFiles/sangria_firmware.dir/C_/Users/hra/Documents/github/sangria_firmware/pico-sdk/src/common/pico_sync/mutex.c.obj
                0x2000014c                mutex_enter_timeout_ms
 .time_critical.mutex_exit
                0x200001ec       0x28 CMakeFiles/sangria_firmware.dir/C_/Users/hra/Documents/github/sangria_firmware/pico-sdk/src/common/pico_sync/mutex.c.obj
                0x200001ec                mutex_exit
 .time_critical.flash_init_boot2_copyout
                0x20000214       0x30 CMakeFiles/sangria_firmware.dir/C_/Users/hra/Documents/github/sangria_firmware/pico-sdk/src/rp2_common/hardware_flash/flash.c.obj
 .time_critical.flash_enable_xip_via_boot2
                0x20000244       0x10 CMakeFiles/sangria_firmware.dir/C_/Users/hra/Documents/github/sangria_firmware/pico-sdk/src/rp2_common/hardware_flash/flash.c.obj
 .time_critical.flash_cs_force
                0x20000254       0x38 CMakeFiles/sangria_firmware.dir/C_/Users/hra/Documents/github/sangria_firmware/pico-sdk/src/rp2_common/hardware_flash/flash.c.obj
 .time_critical.flash_do_cmd
                0x2000028c       0xc4 CMakeFiles/sangria_firmware.dir/C_/Users/hra/Documents/github/sangria_firmware/pico-sdk/src/rp2_common/hardware_flash/flash.c.obj
                0x2000028c                flash_do_cmd
 *(.text*)
 .text          0x20000350        0x4 c:/progra~2/gnu arm embedded toolchain/10 2020-q4-major/bin/../lib/gcc/arm-none-eabi/10.2.1/thumb/v6-m/nofp\libgcc.a(_dvmd_tls.o)
                0x20000350                __aeabi_idiv0
                0x20000350                __aeabi_ldiv0
 *fill*         0x20000354        0x4 
 .text.__stub   0x20000358       0x30 linker stubs
                0x20000388                . = ALIGN (0x4)
 *(.rodata*)
                0x20000388                . = ALIGN (0x4)
 *(.data*)
 .data.sangria_logo
                0x20000388     0x1000 CMakeFiles/sangria_firmware.dir/sangria_logo.cpp.obj
                0x20000388                sangria_logo
 .data.striped_spin_lock_num
                0x20001388        0x1 CMakeFiles/sangria_firmware.dir/C_/Users/hra/Documents/github/sangria_firmware/pico-sdk/src/rp2_common/hardware_sync/sync.c.obj
 *fill*         0x20001389        0x3 
 .data          0x2000138c       0x48 CMakeFiles/sangria_firmware.dir/C_/Users/hra/Documents/github/sangria_firmware/pico-sdk/src/rp2_common/hardware_irq/irq_handler_chain.S.obj
                0x2000138c                irq_handler_chain_slots
                0x200013bc                irq_handler_chain_first_slot
                0x200013c6                irq_handler_chain_remove_tail
 .data.default_alarm_pool
                0x200013d4       0x18 CMakeFiles/sangria_firmware.dir/C_/Users/hra/Documents/github/sangria_firmware/pico-sdk/src/common/pico_time/time.c.obj
 .data.default_alarm_pool_heap
                0x200013ec       0x10 CMakeFiles/sangria_firmware.dir/C_/Users/hra/Documents/github/sangria_firmware/pico-sdk/src/common/pico_time/time.c.obj
 *fill*         0x200013fc        0x4 
 .data.aeabi_bits_funcs
                0x20001400       0x10 CMakeFiles/sangria_firmware.dir/C_/Users/hra/Documents/github/sangria_firmware/pico-sdk/src/rp2_common/pico_bit_ops/bit_ops_aeabi.S.obj
                0x20001400                aeabi_bits_funcs
                0x20001410                aeabi_bits_funcs_end
 .data.aeabi_mem_funcs
                0x20001410       0x10 CMakeFiles/sangria_firmware.dir/C_/Users/hra/Documents/github/sangria_firmware/pico-sdk/src/rp2_common/pico_mem_ops/mem_ops_aeabi.S.obj
                0x20001410                aeabi_mem_funcs
                0x20001420                aeabi_mem_funcs_end
 .data.stdio_usb
                0x20001420       0x14 CMakeFiles/sangria_firmware.dir/C_/Users/hra/Documents/github/sangria_firmware/pico-sdk/src/rp2_common/pico_stdio_usb/stdio_usb.c.obj
                0x20001420                stdio_usb
 .data.ep_dir_string
                0x20001434        0x8 CMakeFiles/sangria_firmware.dir/C_/Users/hra/Documents/github/sangria_firmware/pico-sdk/lib/tinyusb/src/portable/raspberrypi/rp2040/rp2040_usb.c.obj
                0x20001434                ep_dir_string
 .data._usbd_qdef
                0x2000143c       0x24 CMakeFiles/sangria_firmware.dir/C_/Users/hra/Documents/github/sangria_firmware/pico-sdk/lib/tinyusb/src/device/usbd.c.obj
                0x2000143c                _usbd_qdef
 .data.i2c0_inst
                0x20001460        0x8 CMakeFiles/sangria_firmware.dir/C_/Users/hra/Documents/github/sangria_firmware/pico-sdk/src/rp2_common/hardware_i2c/i2c.c.obj
                0x20001460                i2c0_inst
                0x20001468                . = ALIGN (0x4)
 *(.after_data.*)
                0x20001468                . = ALIGN (0x4)
                0x20001468                PROVIDE (__mutex_array_start = .)
 *(SORT_BY_NAME(.mutex_array.*))
 *(.mutex_array)
 .mutex_array   0x20001468        0x8 CMakeFiles/sangria_firmware.dir/C_/Users/hra/Documents/github/sangria_firmware/pico-sdk/src/rp2_common/pico_stdio/stdio.c.obj
                0x20001470                PROVIDE (__mutex_array_end = .)
                0x20001470                . = ALIGN (0x4)
                0x20001470                PROVIDE (__preinit_array_start = .)
 *(SORT_BY_NAME(.preinit_array.*))
 .preinit_array.00001
                0x20001470        0x4 CMakeFiles/sangria_firmware.dir/C_/Users/hra/Documents/github/sangria_firmware/pico-sdk/src/rp2_common/pico_mem_ops/mem_ops_aeabi.S.obj
 .preinit_array.00010
                0x20001474        0x4 CMakeFiles/sangria_firmware.dir/C_/Users/hra/Documents/github/sangria_firmware/pico-sdk/src/rp2_common/pico_bit_ops/bit_ops_aeabi.S.obj
 .preinit_array.00020
                0x20001478        0x4 CMakeFiles/sangria_firmware.dir/C_/Users/hra/Documents/github/sangria_firmware/pico-sdk/src/rp2_common/pico_double/double_aeabi.S.obj
 .preinit_array.00020
                0x2000147c        0x4 CMakeFiles/sangria_firmware.dir/C_/Users/hra/Documents/github/sangria_firmware/pico-sdk/src/rp2_common/pico_float/float_aeabi.S.obj
 *(.preinit_array)
                0x20001480                PROVIDE (__preinit_array_end = .)
                0x20001480                . = ALIGN (0x4)
                0x20001480                PROVIDE (__init_array_start = .)
 *(SORT_BY_NAME(.init_array.*))
 *(.init_array)
 .init_array    0x20001480        0x4 c:/progra~2/gnu arm embedded toolchain/10 2020-q4-major/bin/../lib/gcc/arm-none-eabi/10.2.1/thumb/v6-m/nofp/crtbegin.o
 .init_array    0x20001484        0x4 CMakeFiles/sangria_firmware.dir/main.cpp.obj
 .init_array    0x20001488        0x4 CMakeFiles/sangria_firmware.dir/C_/Users/hra/Documents/github/sangria_firmware/pico-sdk/src/rp2_common/pico_unique_id/unique_id.c.obj
                0x2000148c                PROVIDE (__init_array_end = .)
                0x2000148c                . = ALIGN (0x4)
                [!provide]                PROVIDE (__fini_array_start = .)
 *(SORT_BY_NAME(.fini_array.*))
 *(.fini_array)
                [!provide]                PROVIDE (__fini_array_end = .)
 *(.jcr)
                0x2000148c                . = ALIGN (0x4)
                0x2000148c                __data_end__ = .

.igot.plt       0x2000148c        0x0 load address 0x10009388
 .igot.plt      0x2000148c        0x0 c:/progra~2/gnu arm embedded toolchain/10 2020-q4-major/bin/../lib/gcc/arm-none-eabi/10.2.1/thumb/v6-m/nofp/crtbegin.o

.uninitialized_data
                0x2000148c        0x0 load address 0x10009388
                0x2000148c                . = ALIGN (0x4)
 *(.uninitialized_data*)

.scratch_x      0x20040000        0x0 load address 0x10009388
                0x20040000                __scratch_x_start__ = .
 *(.scratch_x.*)
                0x20040000                . = ALIGN (0x4)
                0x20040000                __scratch_x_end__ = .
                0x10009388                __scratch_x_source__ = LOADADDR (.scratch_x)

.scratch_y      0x20041000        0x0 load address 0x10009388
                0x20041000                __scratch_y_start__ = .
 *(.scratch_y.*)
                0x20041000                . = ALIGN (0x4)
                0x20041000                __scratch_y_end__ = .
                0x10009388                __scratch_y_source__ = LOADADDR (.scratch_y)

.bss            0x20001490     0x1e9c
                0x20001490                . = ALIGN (0x4)
                0x20001490                __bss_start__ = .
 *(SORT_BY_ALIGNMENT(SORT_BY_NAME(.bss*)))
 .bss.default_alarm_pool_entries
                0x20001490      0x100 CMakeFiles/sangria_firmware.dir/C_/Users/hra/Documents/github/sangria_firmware/pico-sdk/src/common/pico_time/time.c.obj
 .bss.last_avail_time.1
                0x20001590        0x8 CMakeFiles/sangria_firmware.dir/C_/Users/hra/Documents/github/sangria_firmware/pico-sdk/src/rp2_common/pico_stdio_usb/stdio_usb.c.obj
 .bss.sd_table  0x20001598      0x100 CMakeFiles/sangria_firmware.dir/C_/Users/hra/Documents/github/sangria_firmware/pico-sdk/src/rp2_common/pico_double/double_init_rom.c.obj
                0x20001598                sd_table
 .bss.sf_table  0x20001698      0x100 CMakeFiles/sangria_firmware.dir/C_/Users/hra/Documents/github/sangria_firmware/pico-sdk/src/rp2_common/pico_float/float_init_rom.c.obj
                0x20001698                sf_table
 .bss           0x20001798       0x1c c:/progra~2/gnu arm embedded toolchain/10 2020-q4-major/bin/../lib/gcc/arm-none-eabi/10.2.1/thumb/v6-m/nofp/crtbegin.o
 .bss._app_driver
                0x200017b4        0x4 CMakeFiles/sangria_firmware.dir/C_/Users/hra/Documents/github/sangria_firmware/pico-sdk/lib/tinyusb/src/device/usbd.c.obj
 .bss._cdcd_itf
                0x200017b8      0x2d8 CMakeFiles/sangria_firmware.dir/C_/Users/hra/Documents/github/sangria_firmware/pico-sdk/lib/tinyusb/src/class/cdc/cdc_device.c.obj
 .bss._ctrl_xfer
                0x20001a90       0x14 CMakeFiles/sangria_firmware.dir/C_/Users/hra/Documents/github/sangria_firmware/pico-sdk/lib/tinyusb/src/device/usbd_control.c.obj
 .bss._ubsd_mutexdef
                0x20001aa4        0x8 CMakeFiles/sangria_firmware.dir/C_/Users/hra/Documents/github/sangria_firmware/pico-sdk/lib/tinyusb/src/device/usbd.c.obj
 .bss._usbd_ctrl_buf
                0x20001aac       0x40 CMakeFiles/sangria_firmware.dir/C_/Users/hra/Documents/github/sangria_firmware/pico-sdk/lib/tinyusb/src/device/usbd_control.c.obj
 .bss._usbd_dev
                0x20001aec       0x53 CMakeFiles/sangria_firmware.dir/C_/Users/hra/Documents/github/sangria_firmware/pico-sdk/lib/tinyusb/src/device/usbd.c.obj
 *fill*         0x20001b3f        0x1 
 .bss._usbd_mutex
                0x20001b40        0x4 CMakeFiles/sangria_firmware.dir/C_/Users/hra/Documents/github/sangria_firmware/pico-sdk/lib/tinyusb/src/device/usbd.c.obj
 .bss._usbd_q   0x20001b44        0x4 CMakeFiles/sangria_firmware.dir/C_/Users/hra/Documents/github/sangria_firmware/pico-sdk/lib/tinyusb/src/device/usbd.c.obj
 .bss._usbd_qdef_buf
                0x20001b48       0xc0 CMakeFiles/sangria_firmware.dir/C_/Users/hra/Documents/github/sangria_firmware/pico-sdk/lib/tinyusb/src/device/usbd.c.obj
                0x20001b48                _usbd_qdef_buf
 .bss.alarm_callbacks
                0x20001c08       0x10 CMakeFiles/sangria_firmware.dir/C_/Users/hra/Documents/github/sangria_firmware/pico-sdk/src/rp2_common/hardware_timer/timer.c.obj
 .bss.boot2_copyout
                0x20001c18      0x100 CMakeFiles/sangria_firmware.dir/C_/Users/hra/Documents/github/sangria_firmware/pico-sdk/src/rp2_common/hardware_flash/flash.c.obj
 .bss.claimed   0x20001d18        0x4 CMakeFiles/sangria_firmware.dir/C_/Users/hra/Documents/github/sangria_firmware/pico-sdk/src/rp2_common/hardware_sync/sync.c.obj
 .bss.configured_freq
                0x20001d1c       0x28 CMakeFiles/sangria_firmware.dir/C_/Users/hra/Documents/github/sangria_firmware/pico-sdk/src/rp2_common/hardware_clocks/clocks.c.obj
 .bss.default_alarm_pool_entry_ids_high
                0x20001d44       0x10 CMakeFiles/sangria_firmware.dir/C_/Users/hra/Documents/github/sangria_firmware/pico-sdk/src/common/pico_time/time.c.obj
 .bss.default_alarm_pool_heap_nodes
                0x20001d54       0x30 CMakeFiles/sangria_firmware.dir/C_/Users/hra/Documents/github/sangria_firmware/pico-sdk/src/common/pico_time/time.c.obj
 .bss.desc_str.0
                0x20001d84       0x28 CMakeFiles/sangria_firmware.dir/C_/Users/hra/Documents/github/sangria_firmware/pico-sdk/src/rp2_common/pico_stdio_usb/stdio_usb_descriptors.c.obj
 .bss.drivers   0x20001dac        0x4 CMakeFiles/sangria_firmware.dir/C_/Users/hra/Documents/github/sangria_firmware/pico-sdk/src/rp2_common/pico_stdio/stdio.c.obj
 .bss.filter    0x20001db0        0x4 CMakeFiles/sangria_firmware.dir/C_/Users/hra/Documents/github/sangria_firmware/pico-sdk/src/rp2_common/pico_stdio/stdio.c.obj
 .bss.hw_endpoints
                0x20001db4      0x400 CMakeFiles/sangria_firmware.dir/C_/Users/hra/Documents/github/sangria_firmware/pico-sdk/lib/tinyusb/src/portable/raspberrypi/rp2040/dcd_rp2040.c.obj
 .bss.jogdial   0x200021b4        0xc CMakeFiles/sangria_firmware.dir/main.cpp.obj
                0x200021b4                jogdial
 .bss.keyboard  0x200021c0        0x5 CMakeFiles/sangria_firmware.dir/main.cpp.obj
                0x200021c0                keyboard
 *fill*         0x200021c5        0x3 
 .bss.lazy_vsnprintf
                0x200021c8        0x4 CMakeFiles/sangria_firmware.dir/C_/Users/hra/Documents/github/sangria_firmware/pico-sdk/src/rp2_common/pico_printf/printf.c.obj
 .bss.load_value
                0x200021cc        0x4 CMakeFiles/sangria_firmware.dir/C_/Users/hra/Documents/github/sangria_firmware/pico-sdk/src/rp2_common/hardware_watchdog/watchdog.c.obj
 .bss.next_buffer_ptr
                0x200021d0        0x4 CMakeFiles/sangria_firmware.dir/C_/Users/hra/Documents/github/sangria_firmware/pico-sdk/lib/tinyusb/src/portable/raspberrypi/rp2040/dcd_rp2040.c.obj
 .bss.oled      0x200021d4     0x1100 CMakeFiles/sangria_firmware.dir/main.cpp.obj
                0x200021d4                oled
 .bss.pools     0x200032d4       0x10 CMakeFiles/sangria_firmware.dir/C_/Users/hra/Documents/github/sangria_firmware/pico-sdk/src/common/pico_time/time.c.obj
 .bss.retrieved_id
                0x200032e4        0x8 CMakeFiles/sangria_firmware.dir/C_/Users/hra/Documents/github/sangria_firmware/pico-sdk/src/rp2_common/pico_unique_id/unique_id.c.obj
 .bss.sf_clz_func
                0x200032ec        0x4 CMakeFiles/sangria_firmware.dir/C_/Users/hra/Documents/github/sangria_firmware/pico-sdk/src/rp2_common/pico_double/double_init_rom.c.obj
                0x200032ec                sf_clz_func
 .bss.sleep_notifier
                0x200032f0        0x4 CMakeFiles/sangria_firmware.dir/C_/Users/hra/Documents/github/sangria_firmware/pico-sdk/src/common/pico_time/time.c.obj
 .bss.stdio_usb_mutex
                0x200032f4        0x8 CMakeFiles/sangria_firmware.dir/C_/Users/hra/Documents/github/sangria_firmware/pico-sdk/src/rp2_common/pico_stdio_usb/stdio_usb.c.obj
 .bss.target_hi
                0x200032fc       0x10 CMakeFiles/sangria_firmware.dir/C_/Users/hra/Documents/github/sangria_firmware/pico-sdk/src/rp2_common/hardware_timer/timer.c.obj
 .bss.usbd_serial_str
                0x2000330c       0x11 CMakeFiles/sangria_firmware.dir/C_/Users/hra/Documents/github/sangria_firmware/pico-sdk/src/rp2_common/pico_stdio_usb/stdio_usb_descriptors.c.obj
 *fill*         0x2000331d        0x3 
 .bss.user_irq_claimed
                0x20003320        0x2 CMakeFiles/sangria_firmware.dir/C_/Users/hra/Documents/github/sangria_firmware/pico-sdk/src/rp2_common/hardware_irq/irq.c.obj
 .bss._app_driver_count
                0x20003322        0x1 CMakeFiles/sangria_firmware.dir/C_/Users/hra/Documents/github/sangria_firmware/pico-sdk/lib/tinyusb/src/device/usbd.c.obj
 .bss._usbd_initialized
                0x20003323        0x1 CMakeFiles/sangria_firmware.dir/C_/Users/hra/Documents/github/sangria_firmware/pico-sdk/lib/tinyusb/src/device/usbd.c.obj
 .bss.boot2_copyout_valid
                0x20003324        0x1 CMakeFiles/sangria_firmware.dir/C_/Users/hra/Documents/github/sangria_firmware/pico-sdk/src/rp2_common/hardware_flash/flash.c.obj
 .bss.claimed   0x20003325        0x1 CMakeFiles/sangria_firmware.dir/C_/Users/hra/Documents/github/sangria_firmware/pico-sdk/src/rp2_common/hardware_timer/timer.c.obj
 .bss.irq_hander_chain_free_slot_head
                0x20003326        0x1 CMakeFiles/sangria_firmware.dir/C_/Users/hra/Documents/github/sangria_firmware/pico-sdk/src/rp2_common/hardware_irq/irq.c.obj
 .bss.itf_num   0x20003327        0x1 CMakeFiles/sangria_firmware.dir/C_/Users/hra/Documents/github/sangria_firmware/pico-sdk/src/rp2_common/pico_stdio_usb/reset_interface.c.obj
 .bss.low_priority_irq_num
                0x20003328        0x1 CMakeFiles/sangria_firmware.dir/C_/Users/hra/Documents/github/sangria_firmware/pico-sdk/src/rp2_common/pico_stdio_usb/stdio_usb.c.obj
 .bss.timer_callbacks_pending
                0x20003329        0x1 CMakeFiles/sangria_firmware.dir/C_/Users/hra/Documents/github/sangria_firmware/pico-sdk/src/rp2_common/hardware_timer/timer.c.obj
 *(COMMON)
                0x2000332c                . = ALIGN (0x4)
 *fill*         0x2000332a        0x2 
                0x2000332c                __bss_end__ = .

.heap           0x2000332c      0x800
                0x2000332c                __end__ = .
                0x2000332c                end = __end__
 *(.heap*)
 .heap          0x2000332c      0x800 CMakeFiles/sangria_firmware.dir/C_/Users/hra/Documents/github/sangria_firmware/pico-sdk/src/rp2_common/pico_standard_link/crt0.S.obj
                0x20003b2c                __HeapLimit = .

.stack1_dummy   0x20040000        0x0
 *(.stack1*)

.stack_dummy    0x20041000      0x800
 *(.stack*)
 .stack         0x20041000      0x800 CMakeFiles/sangria_firmware.dir/C_/Users/hra/Documents/github/sangria_firmware/pico-sdk/src/rp2_common/pico_standard_link/crt0.S.obj

.flash_end      0x10009388        0x0
                0x10009388                __flash_binary_end = .
                0x20040000                __StackLimit = (ORIGIN (RAM) + LENGTH (RAM))
                0x20041000                __StackOneTop = (ORIGIN (SCRATCH_X) + LENGTH (SCRATCH_X))
                0x20042000                __StackTop = (ORIGIN (SCRATCH_Y) + LENGTH (SCRATCH_Y))
                0x20041000                __StackOneBottom = (__StackOneTop - SIZEOF (.stack1_dummy))
                0x20041800                __StackBottom = (__StackTop - SIZEOF (.stack_dummy))
                0x20042000                PROVIDE (__stack = __StackTop)
                0x00000001                ASSERT ((__StackLimit >= __HeapLimit), region RAM overflowed)
                0x00000001                ASSERT (((__binary_info_header_end - __logical_binary_start) <= 0x100), Binary info must be in first 256 bytes of the binary)
LOAD CMakeFiles/sangria_firmware.dir/main.cpp.obj
LOAD CMakeFiles/sangria_firmware.dir/sangria_firmware.cpp.obj
LOAD CMakeFiles/sangria_firmware.dir/sangria_jogdial.cpp.obj
LOAD CMakeFiles/sangria_firmware.dir/sangria_keyboard.cpp.obj
LOAD CMakeFiles/sangria_firmware.dir/sangria_oled.cpp.obj
LOAD CMakeFiles/sangria_firmware.dir/sangria_logo.cpp.obj
LOAD CMakeFiles/sangria_firmware.dir/C_/Users/hra/Documents/github/sangria_firmware/pico-sdk/src/rp2_common/pico_stdlib/stdlib.c.obj
LOAD CMakeFiles/sangria_firmware.dir/C_/Users/hra/Documents/github/sangria_firmware/pico-sdk/src/rp2_common/hardware_gpio/gpio.c.obj
LOAD CMakeFiles/sangria_firmware.dir/C_/Users/hra/Documents/github/sangria_firmware/pico-sdk/src/rp2_common/hardware_claim/claim.c.obj
LOAD CMakeFiles/sangria_firmware.dir/C_/Users/hra/Documents/github/sangria_firmware/pico-sdk/src/rp2_common/pico_platform/platform.c.obj
LOAD CMakeFiles/sangria_firmware.dir/C_/Users/hra/Documents/github/sangria_firmware/pico-sdk/src/rp2_common/hardware_sync/sync.c.obj
LOAD CMakeFiles/sangria_firmware.dir/C_/Users/hra/Documents/github/sangria_firmware/pico-sdk/src/rp2_common/hardware_irq/irq.c.obj
LOAD CMakeFiles/sangria_firmware.dir/C_/Users/hra/Documents/github/sangria_firmware/pico-sdk/src/rp2_common/hardware_irq/irq_handler_chain.S.obj
LOAD CMakeFiles/sangria_firmware.dir/C_/Users/hra/Documents/github/sangria_firmware/pico-sdk/src/common/pico_sync/sem.c.obj
LOAD CMakeFiles/sangria_firmware.dir/C_/Users/hra/Documents/github/sangria_firmware/pico-sdk/src/common/pico_sync/lock_core.c.obj
LOAD CMakeFiles/sangria_firmware.dir/C_/Users/hra/Documents/github/sangria_firmware/pico-sdk/src/common/pico_time/time.c.obj
LOAD CMakeFiles/sangria_firmware.dir/C_/Users/hra/Documents/github/sangria_firmware/pico-sdk/src/common/pico_time/timeout_helper.c.obj
LOAD CMakeFiles/sangria_firmware.dir/C_/Users/hra/Documents/github/sangria_firmware/pico-sdk/src/rp2_common/hardware_timer/timer.c.obj
LOAD CMakeFiles/sangria_firmware.dir/C_/Users/hra/Documents/github/sangria_firmware/pico-sdk/src/common/pico_util/datetime.c.obj
LOAD CMakeFiles/sangria_firmware.dir/C_/Users/hra/Documents/github/sangria_firmware/pico-sdk/src/common/pico_util/pheap.c.obj
LOAD CMakeFiles/sangria_firmware.dir/C_/Users/hra/Documents/github/sangria_firmware/pico-sdk/src/common/pico_util/queue.c.obj
LOAD CMakeFiles/sangria_firmware.dir/C_/Users/hra/Documents/github/sangria_firmware/pico-sdk/src/common/pico_sync/mutex.c.obj
LOAD CMakeFiles/sangria_firmware.dir/C_/Users/hra/Documents/github/sangria_firmware/pico-sdk/src/common/pico_sync/critical_section.c.obj
LOAD CMakeFiles/sangria_firmware.dir/C_/Users/hra/Documents/github/sangria_firmware/pico-sdk/src/rp2_common/hardware_uart/uart.c.obj
LOAD CMakeFiles/sangria_firmware.dir/C_/Users/hra/Documents/github/sangria_firmware/pico-sdk/src/rp2_common/hardware_divider/divider.S.obj
LOAD CMakeFiles/sangria_firmware.dir/C_/Users/hra/Documents/github/sangria_firmware/pico-sdk/src/rp2_common/pico_runtime/runtime.c.obj
LOAD CMakeFiles/sangria_firmware.dir/C_/Users/hra/Documents/github/sangria_firmware/pico-sdk/src/rp2_common/hardware_clocks/clocks.c.obj
LOAD CMakeFiles/sangria_firmware.dir/C_/Users/hra/Documents/github/sangria_firmware/pico-sdk/src/rp2_common/hardware_pll/pll.c.obj
LOAD CMakeFiles/sangria_firmware.dir/C_/Users/hra/Documents/github/sangria_firmware/pico-sdk/src/rp2_common/hardware_vreg/vreg.c.obj
LOAD CMakeFiles/sangria_firmware.dir/C_/Users/hra/Documents/github/sangria_firmware/pico-sdk/src/rp2_common/hardware_watchdog/watchdog.c.obj
LOAD CMakeFiles/sangria_firmware.dir/C_/Users/hra/Documents/github/sangria_firmware/pico-sdk/src/rp2_common/hardware_xosc/xosc.c.obj
LOAD CMakeFiles/sangria_firmware.dir/C_/Users/hra/Documents/github/sangria_firmware/pico-sdk/src/rp2_common/pico_printf/printf.c.obj
LOAD CMakeFiles/sangria_firmware.dir/C_/Users/hra/Documents/github/sangria_firmware/pico-sdk/src/rp2_common/pico_bit_ops/bit_ops_aeabi.S.obj
LOAD CMakeFiles/sangria_firmware.dir/C_/Users/hra/Documents/github/sangria_firmware/pico-sdk/src/rp2_common/pico_bootrom/bootrom.c.obj
LOAD CMakeFiles/sangria_firmware.dir/C_/Users/hra/Documents/github/sangria_firmware/pico-sdk/src/rp2_common/pico_divider/divider.S.obj
LOAD CMakeFiles/sangria_firmware.dir/C_/Users/hra/Documents/github/sangria_firmware/pico-sdk/src/rp2_common/pico_double/double_aeabi.S.obj
LOAD CMakeFiles/sangria_firmware.dir/C_/Users/hra/Documents/github/sangria_firmware/pico-sdk/src/rp2_common/pico_double/double_init_rom.c.obj
LOAD CMakeFiles/sangria_firmware.dir/C_/Users/hra/Documents/github/sangria_firmware/pico-sdk/src/rp2_common/pico_double/double_math.c.obj
LOAD CMakeFiles/sangria_firmware.dir/C_/Users/hra/Documents/github/sangria_firmware/pico-sdk/src/rp2_common/pico_double/double_v1_rom_shim.S.obj
LOAD CMakeFiles/sangria_firmware.dir/C_/Users/hra/Documents/github/sangria_firmware/pico-sdk/src/rp2_common/pico_int64_ops/pico_int64_ops_aeabi.S.obj
LOAD CMakeFiles/sangria_firmware.dir/C_/Users/hra/Documents/github/sangria_firmware/pico-sdk/src/rp2_common/pico_float/float_aeabi.S.obj
LOAD CMakeFiles/sangria_firmware.dir/C_/Users/hra/Documents/github/sangria_firmware/pico-sdk/src/rp2_common/pico_float/float_init_rom.c.obj
LOAD CMakeFiles/sangria_firmware.dir/C_/Users/hra/Documents/github/sangria_firmware/pico-sdk/src/rp2_common/pico_float/float_math.c.obj
LOAD CMakeFiles/sangria_firmware.dir/C_/Users/hra/Documents/github/sangria_firmware/pico-sdk/src/rp2_common/pico_float/float_v1_rom_shim.S.obj
LOAD CMakeFiles/sangria_firmware.dir/C_/Users/hra/Documents/github/sangria_firmware/pico-sdk/src/rp2_common/pico_malloc/pico_malloc.c.obj
LOAD CMakeFiles/sangria_firmware.dir/C_/Users/hra/Documents/github/sangria_firmware/pico-sdk/src/rp2_common/pico_mem_ops/mem_ops_aeabi.S.obj
LOAD CMakeFiles/sangria_firmware.dir/C_/Users/hra/Documents/github/sangria_firmware/pico-sdk/src/rp2_common/pico_standard_link/crt0.S.obj
LOAD CMakeFiles/sangria_firmware.dir/C_/Users/hra/Documents/github/sangria_firmware/pico-sdk/src/rp2_common/pico_standard_link/new_delete.cpp.obj
LOAD CMakeFiles/sangria_firmware.dir/C_/Users/hra/Documents/github/sangria_firmware/pico-sdk/src/rp2_common/pico_standard_link/binary_info.c.obj
LOAD CMakeFiles/sangria_firmware.dir/C_/Users/hra/Documents/github/sangria_firmware/pico-sdk/src/rp2_common/pico_stdio/stdio.c.obj
LOAD CMakeFiles/sangria_firmware.dir/C_/Users/hra/Documents/github/sangria_firmware/pico-sdk/src/rp2_common/pico_stdio_usb/reset_interface.c.obj